Microchip MPLAB XC8 Compiler V2.31

Linker command line:

-W-3 --edf=C:\Program Files\Microchip\xc8\v2.31\pic\dat\en_msgs.txt \
  -pivt0x8=08h -cn -h+dist/default/debug\ETC.X.debug.sym \
  --cmf=dist/default/debug\ETC.X.debug.cmf -z -Q18F26Q84 \
  -oC:\Users\panze\AppData\Local\Temp\s9r0.2 --defsym=__MPLAB_BUILD=1 \
  -Mdist/default/debug/ETC.X.debug.map -E1 -ver=XC8 Compiler --acfsm=1493 \
  -ASTACK=0750h-025FFh -pstack=STACK -ACODE=00h-0FFFFh -ACONST=00h-0FFFFh \
  -ASMALLCONST=02600h-026FFhx218 -AMEDIUMCONST=02600h-0FFFFh \
  -ACOMRAM=0501h-055Fh -AABS1=0500h-025FFh -ABIGRAM=0501h-025FFh \
  -ARAM=0560h-05FFh,0600h-06FFhx32 -ABANK5=0560h-05FFh -ABANK6=0600h-06FFh \
  -ABANK7=0700h-07FFh -ABANK8=0800h-08FFh -ABANK9=0900h-09FFh \
  -ABANK10=0A00h-0AFFh -ABANK11=0B00h-0BFFh -ABANK12=0C00h-0CFFh \
  -ABANK13=0D00h-0DFFh -ABANK14=0E00h-0EFFh -ABANK15=0F00h-0FFFh \
  -ABANK16=01000h-010FFh -ABANK17=01100h-011FFh -ABANK18=01200h-012FFh \
  -ABANK19=01300h-013FFh -ABANK20=01400h-014FFh -ABANK21=01500h-015FFh \
  -ABANK22=01600h-016FFh -ABANK23=01700h-017FFh -ABANK24=01800h-018FFh \
  -ABANK25=01900h-019FFh -ABANK26=01A00h-01AFFh -ABANK27=01B00h-01BFFh \
  -ABANK28=01C00h-01CFFh -ABANK29=01D00h-01DFFh -ABANK30=01E00h-01EFFh \
  -ABANK31=01F00h-01FFFh -ABANK32=02000h-020FFh -ABANK33=02100h-021FFh \
  -ABANK34=02200h-022FFh -ABANK35=02300h-023FFh -ABANK36=02400h-024FFh \
  -ABANK37=02500h-025FFh -ASFR=00h-0FFhx4,0400h-045Fh,0460h-04FFh \
  -ACONFIG=0300000h-0300023h -AIDLOC=0200000h-020001Fh \
  -AEEDATA=0380000h-03803FFh -peeprom_data=EEDATA -preset_vec=00h \
  -ppowerup=CODE,init -pramtop=02600h -psmallconst=SMALLCONST \
  -pmediumconst=MEDIUMCONST -pconst=CONST -AFARRAM=00h-00h \
  -prdata=COMRAM,nvrram=COMRAM,nvbit=COMRAM,rbss=COMRAM,rbit=COMRAM \
  -pfarbss=FARRAM,fardata=FARRAM,nvFARRAM=FARRAM \
  -pintsave_regs=BIGRAM,bigbss=BIGRAM,bigdata=BIGRAM -pbss=RAM \
  -pidata=CODE,irdata=CODE,ibigdata=CODE,ifardata=CODE -prparam=COMRAM \
  C:\Users\panze\AppData\Local\Temp\s9r0.o dist/default/debug\ETC.X.debug.o 

Object code version is 3.11

Machine type is 18F26Q84



                Name                               Link     Load   Length Selector   Space Scale
C:\Users\panze\AppData\Local\Temp\s9r0.o
                idloc                            200000   200000       20        0       5
                config                           300000   300000       24        0       4
                init                                 1A       1A        4        4       0
                reset_vec                             0        0        4        0       0
dist/default/debug\ETC.X.debug.o
                idloc                            200000   200000       20        0       5
                config                           300000   300000       24        0       4
                smallconst                         2600     2600       D0     1300       0
                ivt0x8                                8        8       12        4       0
                text219                            8C08     8C08        2     1368       0
                text218                            8C06     8C06        2     1368       0
                text217                            8C04     8C04        2     1368       0
                text216                            8C02     8C02        2     1368       0
                text215                            8C00     8C00        2     1368       0
                text214                            8BFE     8BFE        2     1368       0
                text213                            8BFC     8BFC        2     1368       0
                text212                            596C     596C      156     1368       0
                text211                            8784     8784       1E     1368       0
                text210                            8838     8838       18     1368       0
                text209                            7C4A     7C4A       5A     1368       0
                text208                            4B44     4B44      240     1368       0
                text207                            66FC     66FC       EC     1368       0
                text206                            7D9C     7D9C       52     1368       0
                text205                            6A76     6A76       CA     1368       0
                text204                            8BEA     8BEA        4     1368       0
                text203                            8A36     8A36        C     1368       0
                text202                            8A2A     8A2A        C     1368       0
                text201                            5E1C     5E1C      10C     1368       0
                text200                            383C     383C      4C0     1368       0
                text199                            6030     6030      106     1368       0
                text198                            783E     783E       74     1368       0
                text197                            85EE     85EE       2A     1368       0
                text196                            57B8     57B8      1B4     1368       0
                text195                            6610     6610       EC     1368       0
                text194                            7ED2     7ED2       4C     1368       0
                text193                            8B78     8B78        8     1368       0
                text192                            8A1E     8A1E        C     1368       0
                text191                            87A2     87A2       1C     1368       0
                text190                            8598     8598       2C     1368       0
                text189                            8BC8     8BC8        6     1368       0
                text188                            8BC2     8BC2        6     1368       0
                text187                            8BBC     8BBC        6     1368       0
                text186                            892C     892C       16     1368       0
                text185                            8916     8916       16     1368       0
                text184                            8900     8900       16     1368       0
                text183                            7D4A     7D4A       52     1368       0
                text182                            86E0     86E0       24     1368       0
                text181                            7470     7470       82     1368       0
                text180                            8820     8820       18     1368       0
                text179                            856C     856C       2C     1368       0
                text178                            8540     8540       2C     1368       0
                text177                            8514     8514       2C     1368       0
                text176                            84E8     84E8       2C     1368       0
                text175                            84BC     84BC       2C     1368       0
                text174                            7E86     7E86       4C     1368       0
                text173                            8490     8490       2C     1368       0
                text172                            8464     8464       2C     1368       0
                text171                            8438     8438       2C     1368       0
                text170                            7E3A     7E3A       4C     1368       0
                text169                            8BE6     8BE6        4     1368       0
                text168                            8BE2     8BE2        4     1368       0
                text167                            8B46     8B46        A     1368       0
                text166                            8BB6     8BB6        6     1368       0
                text165                            8BB0     8BB0        6     1368       0
                text164                            89AE     89AE       10     1368       0
                text163                            8B3C     8B3C        A     1368       0
                text162                            8BAA     8BAA        6     1368       0
                text161                            88EA     88EA       16     1368       0
                text160                            8BA4     8BA4        6     1368       0
                text159                            8B9E     8B9E        6     1368       0
                text158                            8B98     8B98        6     1368       0
                text157                            8B92     8B92        6     1368       0
                text156                            88D4     88D4       16     1368       0
                text155                            88BE     88BE       16     1368       0
                text154                            8B70     8B70        8     1368       0
                text153                            8A12     8A12        C     1368       0
                text152                            835A     835A       2E     1368       0
                text151                            88A8     88A8       16     1368       0
                text150                            5BEC     5BEC      122     1368       0
                text149                            70F2     70F2       9E     1368       0
                text148                            7570     7570       7C     1368       0
                text147                            7050     7050       A2     1368       0
                text146                            8A04     8A04        E     1368       0
                text145                            8BDE     8BDE        4     1368       0
                text144                            8BDA     8BDA        4     1368       0
                text143                            86B8     86B8       28     1368       0
                text142                            8B68     8B68        8     1368       0
                text141                            89F6     89F6        E     1368       0
                text140                            8B60     8B60        8     1368       0
                text139                            899E     899E       10     1368       0
                text138                            7A66     7A66       68     1368       0
                text137                            78B2     78B2       70     1368       0
                text136                            898E     898E       10     1368       0
                text135                            7666     7666       7A     1368       0
                text134                            7BF0     7BF0       5A     1368       0
                text133                            8766     8766       1E     1368       0
                text132                            7CF8     7CF8       52     1368       0
                text131                            8B58     8B58        8     1368       0
                text130                            840C     840C       2C     1368       0
                text129                            7352     7352       90     1368       0
                text128                            7FAC     7FAC       46     1368       0
                text127                            6FAE     6FAE       A2     1368       0
                text126                            8B50     8B50        8     1368       0
                text125                            8808     8808       18     1368       0
                text124                            7990     7990       6E     1368       0
                text123                            897E     897E       10     1368       0
                text122                            7922     7922       6E     1368       0
                text121                            896A     896A       14     1368       0
                text120                            6CCE     6CCE       C4     1368       0
                text119                            6E54     6E54       B0     1368       0
                text118                            4564     4564      39A     1368       0
                text117                            6F04     6F04       AA     1368       0
                text116                            6136     6136      104     1368       0
                text115                            3CFC     3CFC      44E     1368       0
                text114                            81D4     81D4       38     1368       0
                text113                            7F66     7F66       46     1368       0
                text112                            623A     623A       FE     1368       0
                text111                            51E8     51E8      212     1368       0
                text110                            8BFA     8BFA        2     1368       0
                text109                            7228     7228       96     1368       0
                text108                            7FF2     7FF2       44     1368       0
                text107                            812A     812A       3A     1368       0
                text106                            6C08     6C08       C6     1368       0
                text105                            7ACE     7ACE       66     1368       0
                text104                            819C     819C       38     1368       0
                text103                            7B34     7B34       60     1368       0
                text102                            26D0     26D0      CAA     1368       0
                text101                            6338     6338       F4     1368       0
                text100                            414A     414A      41A     1368       0
                text99                             79FE     79FE       68     1368       0
                text98                             8690     8690       28     1368       0
                text97                             4D84     4D84      23E     1368       0
                text96                             73E2     73E2       8E     1368       0
                text95                             7DEE     7DEE       4C     1368       0
                text94                             53FA     53FA      206     1368       0
                text93                             8B8C     8B8C        6     1368       0
                text92                             83E0     83E0       2C     1368       0
                text91                             8B86     8B86        6     1368       0
                text90                             8270     8270       32     1368       0
                text89                             8B32     8B32        A     1368       0
                text88                             5AC2     5AC2      12A     1368       0
                text87                             823E     823E       32     1368       0
                text86                             8B80     8B80        6     1368       0
                text85                             8BF8     8BF8        2     1368       0
                text84                             832C     832C       2E     1368       0
                text83                             820C     820C       32     1368       0
                text82                             8892     8892       16     1368       0
                text81                             887C     887C       16     1368       0
                text80                             87BE     87BE       1A     1368       0
                text79                             8866     8866       16     1368       0
                text78                             87F0     87F0       18     1368       0
                text77                             8B28     8B28        A     1368       0
                text76                             699E     699E       D8     1368       0
                text75                             48FE     48FE      246     1368       0
                text74                             80B2     80B2       3E     1368       0
                text73                             72BE     72BE       94     1368       0
                text72                             8668     8668       28     1368       0
                text71                             68C6     68C6       D8     1368       0
                text70                             6B40     6B40       C8     1368       0
                text69                             8074     8074       3E     1368       0
                text68                             8BF6     8BF6        2     1368       0
                text67                             8BF4     8BF4        2     1368       0
                text66                             80F0     80F0       3A     1368       0
                text65                             8BF2     8BF2        2     1368       0
                text64                             8726     8726       22     1368       0
                text63                             8BF0     8BF0        2     1368       0
                text62                             67E8     67E8       DE     1368       0
                text61                             82FE     82FE       2E     1368       0
                text60                             8164     8164       38     1368       0
                text59                             6D92     6D92       C2     1368       0
                text58                             8BD6     8BD6        4     1368       0
                text57                             89E8     89E8        E     1368       0
                text56                             89DA     89DA        E     1368       0
                text55                             5D0E     5D0E      10E     1368       0
                text54                             337A     337A      4C2     1368       0
                text53                             5F28     5F28      108     1368       0
                text52                             76E0     76E0       76     1368       0
                text51                             83B4     83B4       2C     1368       0
                text50                             5600     5600      1B8     1368       0
                text49                             651E     651E       F2     1368       0
                text48                             8748     8748       1E     1368       0
                text47                             8BD2     8BD2        4     1368       0
                text46                             89CC     89CC        E     1368       0
                text45                             89BE     89BE        E     1368       0
                text44                             642C     642C       F2     1368       0
                text43                             8036     8036       3E     1368       0
                text42                             8B1E     8B1E        A     1368       0
                text41                             8B14     8B14        A     1368       0
                text40                             8B0A     8B0A        A     1368       0
                text39                             8B00     8B00        A     1368       0
                text38                             8AF6     8AF6        A     1368       0
                text37                             8AEC     8AEC        A     1368       0
                text36                             4FC2     4FC2      226     1368       0
                text35                             8956     8956       14     1368       0
                text34                             8AE2     8AE2        A     1368       0
                text33                             8AD8     8AD8        A     1368       0
                text32                             8ACE     8ACE        A     1368       0
                text31                             8AC4     8AC4        A     1368       0
                text30                             8ABA     8ABA        A     1368       0
                text29                             8AB0     8AB0        A     1368       0
                text28                             8AA6     8AA6        A     1368       0
                text27                             75EC     75EC       7A     1368       0
                text26                             8A9C     8A9C        A     1368       0
                text25                             7190     7190       98     1368       0
                text24                             8A92     8A92        A     1368       0
                text23                             85C4     85C4       2A     1368       0
                text22                             8704     8704       22     1368       0
                text21                             82D0     82D0       2E     1368       0
                text20                             8942     8942       14     1368       0
                text19                             7B94     7B94       5C     1368       0
                text18                             8388     8388       2C     1368       0
                text17                             8BCE     8BCE        4     1368       0
                text16                             87D8     87D8       18     1368       0
                text15                             74F2     74F2       7E     1368       0
                text14                             8640     8640       28     1368       0
                text13                             8A88     8A88        A     1368       0
                text12                             8A7E     8A7E        A     1368       0
                text11                             8A74     8A74        A     1368       0
                text10                             77CA     77CA       74     1368       0
                text9                              8A6A     8A6A        A     1368       0
                text8                              8A60     8A60        A     1368       0
                text7                              8A56     8A56        A     1368       0
                text6                              7756     7756       74     1368       0
                text5                              8A4C     8A4C        A     1368       0
                text4                              8618     8618       28     1368       0
                text3                              8A42     8A42        A     1368       0
                text2                              7F1E     7F1E       48     1368       0
                text1                              82A2     82A2       2E     1368       0
                text0                              8850     8850       16     1368       0
                cstackCOMRAM                        501      501       5F      501       1
                cstackBANK5                         560      560       85      560       1
                cstackBANK6                         68A      68A       32      600       1
                bssBANK7                            700      700       50      700       1
                dataBANK6                           6D4      6D4        2      600       1
                bssBANK6                            600      600       8A      600       1
                bssBANK5                            5E5      5E5       1B      560       1
                cinit                              7CA4     7CA4       54     1368       0
                nvBANK6                             6BC      6BC       18      600       1
                idataBANK6                         8BEE     8BEE        2     1368       0

TOTAL           Name                               Link     Load   Length     Space
        CLASS   STACK          

        CLASS   CODE           
                init                                 1A       1A        4         0
                reset_vec                             0        0        4         0
                ivt0x8                                8        8       12         0
                text219                            8C08     8C08        2         0
                text218                            8C06     8C06        2         0
                text217                            8C04     8C04        2         0
                text216                            8C02     8C02        2         0
                text215                            8C00     8C00        2         0
                text214                            8BFE     8BFE        2         0
                text213                            8BFC     8BFC        2         0
                text212                            596C     596C      156         0
                text211                            8784     8784       1E         0
                text210                            8838     8838       18         0
                text209                            7C4A     7C4A       5A         0
                text208                            4B44     4B44      240         0
                text207                            66FC     66FC       EC         0
                text206                            7D9C     7D9C       52         0
                text205                            6A76     6A76       CA         0
                text204                            8BEA     8BEA        4         0
                text203                            8A36     8A36        C         0
                text202                            8A2A     8A2A        C         0
                text201                            5E1C     5E1C      10C         0
                text200                            383C     383C      4C0         0
                text199                            6030     6030      106         0
                text198                            783E     783E       74         0
                text197                            85EE     85EE       2A         0
                text196                            57B8     57B8      1B4         0
                text195                            6610     6610       EC         0
                text194                            7ED2     7ED2       4C         0
                text193                            8B78     8B78        8         0
                text192                            8A1E     8A1E        C         0
                text191                            87A2     87A2       1C         0
                text190                            8598     8598       2C         0
                text189                            8BC8     8BC8        6         0
                text188                            8BC2     8BC2        6         0
                text187                            8BBC     8BBC        6         0
                text186                            892C     892C       16         0
                text185                            8916     8916       16         0
                text184                            8900     8900       16         0
                text183                            7D4A     7D4A       52         0
                text182                            86E0     86E0       24         0
                text181                            7470     7470       82         0
                text180                            8820     8820       18         0
                text179                            856C     856C       2C         0
                text178                            8540     8540       2C         0
                text177                            8514     8514       2C         0
                text176                            84E8     84E8       2C         0
                text175                            84BC     84BC       2C         0
                text174                            7E86     7E86       4C         0
                text173                            8490     8490       2C         0
                text172                            8464     8464       2C         0
                text171                            8438     8438       2C         0
                text170                            7E3A     7E3A       4C         0
                text169                            8BE6     8BE6        4         0
                text168                            8BE2     8BE2        4         0
                text167                            8B46     8B46        A         0
                text166                            8BB6     8BB6        6         0
                text165                            8BB0     8BB0        6         0
                text164                            89AE     89AE       10         0
                text163                            8B3C     8B3C        A         0
                text162                            8BAA     8BAA        6         0
                text161                            88EA     88EA       16         0
                text160                            8BA4     8BA4        6         0
                text159                            8B9E     8B9E        6         0
                text158                            8B98     8B98        6         0
                text157                            8B92     8B92        6         0
                text156                            88D4     88D4       16         0
                text155                            88BE     88BE       16         0
                text154                            8B70     8B70        8         0
                text153                            8A12     8A12        C         0
                text152                            835A     835A       2E         0
                text151                            88A8     88A8       16         0
                text150                            5BEC     5BEC      122         0
                text149                            70F2     70F2       9E         0
                text148                            7570     7570       7C         0
                text147                            7050     7050       A2         0
                text146                            8A04     8A04        E         0
                text145                            8BDE     8BDE        4         0
                text144                            8BDA     8BDA        4         0
                text143                            86B8     86B8       28         0
                text142                            8B68     8B68        8         0
                text141                            89F6     89F6        E         0
                text140                            8B60     8B60        8         0
                text139                            899E     899E       10         0
                text138                            7A66     7A66       68         0
                text137                            78B2     78B2       70         0
                text136                            898E     898E       10         0
                text135                            7666     7666       7A         0
                text134                            7BF0     7BF0       5A         0
                text133                            8766     8766       1E         0
                text132                            7CF8     7CF8       52         0
                text131                            8B58     8B58        8         0
                text130                            840C     840C       2C         0
                text129                            7352     7352       90         0
                text128                            7FAC     7FAC       46         0
                text127                            6FAE     6FAE       A2         0
                text126                            8B50     8B50        8         0
                text125                            8808     8808       18         0
                text124                            7990     7990       6E         0
                text123                            897E     897E       10         0
                text122                            7922     7922       6E         0
                text121                            896A     896A       14         0
                text120                            6CCE     6CCE       C4         0
                text119                            6E54     6E54       B0         0
                text118                            4564     4564      39A         0
                text117                            6F04     6F04       AA         0
                text116                            6136     6136      104         0
                text115                            3CFC     3CFC      44E         0
                text114                            81D4     81D4       38         0
                text113                            7F66     7F66       46         0
                text112                            623A     623A       FE         0
                text111                            51E8     51E8      212         0
                text110                            8BFA     8BFA        2         0
                text109                            7228     7228       96         0
                text108                            7FF2     7FF2       44         0
                text107                            812A     812A       3A         0
                text106                            6C08     6C08       C6         0
                text105                            7ACE     7ACE       66         0
                text104                            819C     819C       38         0
                text103                            7B34     7B34       60         0
                text102                            26D0     26D0      CAA         0
                text101                            6338     6338       F4         0
                text100                            414A     414A      41A         0
                text99                             79FE     79FE       68         0
                text98                             8690     8690       28         0
                text97                             4D84     4D84      23E         0
                text96                             73E2     73E2       8E         0
                text95                             7DEE     7DEE       4C         0
                text94                             53FA     53FA      206         0
                text93                             8B8C     8B8C        6         0
                text92                             83E0     83E0       2C         0
                text91                             8B86     8B86        6         0
                text90                             8270     8270       32         0
                text89                             8B32     8B32        A         0
                text88                             5AC2     5AC2      12A         0
                text87                             823E     823E       32         0
                text86                             8B80     8B80        6         0
                text85                             8BF8     8BF8        2         0
                text84                             832C     832C       2E         0
                text83                             820C     820C       32         0
                text82                             8892     8892       16         0
                text81                             887C     887C       16         0
                text80                             87BE     87BE       1A         0
                text79                             8866     8866       16         0
                text78                             87F0     87F0       18         0
                text77                             8B28     8B28        A         0
                text76                             699E     699E       D8         0
                text75                             48FE     48FE      246         0
                text74                             80B2     80B2       3E         0
                text73                             72BE     72BE       94         0
                text72                             8668     8668       28         0
                text71                             68C6     68C6       D8         0
                text70                             6B40     6B40       C8         0
                text69                             8074     8074       3E         0
                text68                             8BF6     8BF6        2         0
                text67                             8BF4     8BF4        2         0
                text66                             80F0     80F0       3A         0
                text65                             8BF2     8BF2        2         0
                text64                             8726     8726       22         0
                text63                             8BF0     8BF0        2         0
                text62                             67E8     67E8       DE         0
                text61                             82FE     82FE       2E         0
                text60                             8164     8164       38         0
                text59                             6D92     6D92       C2         0
                text58                             8BD6     8BD6        4         0
                text57                             89E8     89E8        E         0
                text56                             89DA     89DA        E         0
                text55                             5D0E     5D0E      10E         0
                text54                             337A     337A      4C2         0
                text53                             5F28     5F28      108         0
                text52                             76E0     76E0       76         0
                text51                             83B4     83B4       2C         0
                text50                             5600     5600      1B8         0
                text49                             651E     651E       F2         0
                text48                             8748     8748       1E         0
                text47                             8BD2     8BD2        4         0
                text46                             89CC     89CC        E         0
                text45                             89BE     89BE        E         0
                text44                             642C     642C       F2         0
                text43                             8036     8036       3E         0
                text42                             8B1E     8B1E        A         0
                text41                             8B14     8B14        A         0
                text40                             8B0A     8B0A        A         0
                text39                             8B00     8B00        A         0
                text38                             8AF6     8AF6        A         0
                text37                             8AEC     8AEC        A         0
                text36                             4FC2     4FC2      226         0
                text35                             8956     8956       14         0
                text34                             8AE2     8AE2        A         0
                text33                             8AD8     8AD8        A         0
                text32                             8ACE     8ACE        A         0
                text31                             8AC4     8AC4        A         0
                text30                             8ABA     8ABA        A         0
                text29                             8AB0     8AB0        A         0
                text28                             8AA6     8AA6        A         0
                text27                             75EC     75EC       7A         0
                text26                             8A9C     8A9C        A         0
                text25                             7190     7190       98         0
                text24                             8A92     8A92        A         0
                text23                             85C4     85C4       2A         0
                text22                             8704     8704       22         0
                text21                             82D0     82D0       2E         0
                text20                             8942     8942       14         0
                text19                             7B94     7B94       5C         0
                text18                             8388     8388       2C         0
                text17                             8BCE     8BCE        4         0
                text16                             87D8     87D8       18         0
                text15                             74F2     74F2       7E         0
                text14                             8640     8640       28         0
                text13                             8A88     8A88        A         0
                text12                             8A7E     8A7E        A         0
                text11                             8A74     8A74        A         0
                text10                             77CA     77CA       74         0
                text9                              8A6A     8A6A        A         0
                text8                              8A60     8A60        A         0
                text7                              8A56     8A56        A         0
                text6                              7756     7756       74         0
                text5                              8A4C     8A4C        A         0
                text4                              8618     8618       28         0
                text3                              8A42     8A42        A         0
                text2                              7F1E     7F1E       48         0
                text1                              82A2     82A2       2E         0
                text0                              8850     8850       16         0
                cinit                              7CA4     7CA4       54         0
                idataBANK6                         8BEE     8BEE        2         0

        CLASS   CONST          

        CLASS   SMALLCONST     
                smallconst                         2600     2600       D0         0

        CLASS   MEDIUMCONST    

        CLASS   COMRAM         
                cstackCOMRAM                        501      501       5F         1

        CLASS   ABS1           

        CLASS   BIGRAM         

        CLASS   RAM            

        CLASS   BANK5          
                cstackBANK5                         560      560       85         1
                bssBANK5                            5E5      5E5       1B         1

        CLASS   BANK6          
                cstackBANK6                         68A      68A       32         1
                dataBANK6                           6D4      6D4        2         1
                bssBANK6                            600      600       8A         1
                nvBANK6                             6BC      6BC       18         1

        CLASS   BANK7          
                bssBANK7                            700      700       50         1

        CLASS   BANK8          

        CLASS   BANK9          

        CLASS   BANK10         

        CLASS   BANK11         

        CLASS   BANK12         

        CLASS   BANK13         

        CLASS   BANK14         

        CLASS   BANK15         

        CLASS   BANK16         

        CLASS   BANK17         

        CLASS   BANK18         

        CLASS   BANK19         

        CLASS   BANK20         

        CLASS   BANK21         

        CLASS   BANK22         

        CLASS   BANK23         

        CLASS   BANK24         

        CLASS   BANK25         

        CLASS   BANK26         

        CLASS   BANK27         

        CLASS   BANK28         

        CLASS   BANK29         

        CLASS   BANK30         

        CLASS   BANK31         

        CLASS   BANK32         

        CLASS   BANK33         

        CLASS   BANK34         

        CLASS   BANK35         

        CLASS   BANK36         

        CLASS   BANK37         

        CLASS   SFR            

        CLASS   CONFIG         
                config                           300000   300000       24         4

        CLASS   IDLOC          
                idloc                            200000   200000       20         5

        CLASS   EEDATA         

        CLASS   FARRAM         



SEGMENTS        Name                           Load    Length   Top    Selector   Space  Class

                reset_vec                      000000  000004  000004         0       0  CODE    
                ivt0x8                         000008  000016  00001E         4       0  CODE    
                cstackCOMRAM                   000501  00005F  000560       501       1  COMRAM  
                cstackBANK5                    000560  0000A0  000600       560       1  BANK5   
                bssBANK6                       000600  0000D6  0006D6       600       1  BANK6   
                bssBANK7                       000700  000050  000750       700       1  BANK7   
                smallconst                     002600  0000D0  0026D0      1300       0  SMALLCON
                text102                        0026D0  00653A  008C0A      1368       0  CODE    


UNUSED ADDRESS RANGES

        Name                Unused          Largest block    Delta
        BANK10           000A00-000AFF              100
        BANK11           000B00-000BFF              100
        BANK12           000C00-000CFF              100
        BANK13           000D00-000DFF              100
        BANK14           000E00-000EFF              100
        BANK15           000F00-000FFF              100
        BANK16           001000-0010FF              100
        BANK17           001100-0011FF              100
        BANK18           001200-0012FF              100
        BANK19           001300-0013FF              100
        BANK20           001400-0014FF              100
        BANK21           001500-0015FF              100
        BANK22           001600-0016FF              100
        BANK23           001700-0017FF              100
        BANK24           001800-0018FF              100
        BANK25           001900-0019FF              100
        BANK26           001A00-001AFF              100
        BANK27           001B00-001BFF              100
        BANK28           001C00-001CFF              100
        BANK29           001D00-001DFF              100
        BANK30           001E00-001EFF              100
        BANK31           001F00-001FFF              100
        BANK32           002000-0020FF              100
        BANK33           002100-0021FF              100
        BANK34           002200-0022FF              100
        BANK35           002300-0023FF              100
        BANK36           002400-0024FF              100
        BANK37           002500-0025FF              100
        BANK6            0006D6-0006FF               2A
        BANK7            000750-0007FF               B0
        BANK8            000800-0008FF              100
        BANK9            000900-0009FF              100
        BIGRAM           0006D6-0006FF               2A
                         000750-0025FF             1EB0
        CODE             000004-000007                4
                         00001E-0025FF             25E2
                         008C0A-00FFFF             73F6
        CONST            000004-000007                4
                         00001E-0025FF             25E2
                         008C0A-00FFFF             73F6
        EEDATA           380000-3803FF              400
        MEDIUMCONST      008C0A-00FFFF             73F6
        RAM              0006D6-0006FF               2A
                         000750-0025FF              100
        SFR              000000-0004FF              100
        SMALLCONST       008C0A-00FFFF              100
        STACK            000750-0025FF             1EB0

                                  Symbol Table

?_ADC_GetSingleConversion                                     cstackCOMRAM 000501
?_ANALOG_GetVoltage                                           cstackCOMRAM 000506
?_DAC3_Read                                                   cstackCOMRAM 00051B
?___aldiv                                                     cstackBANK6  00068A
?___awdiv                                                     cstackCOMRAM 000507
?___awmod                                                     cstackCOMRAM 000501
?___fladd                                                     cstackBANK6  000698
?___fldiv                                                     cstackCOMRAM 00051A
?___flmul                                                     cstackCOMRAM 000501
?___flneg                                                     cstackCOMRAM 000501
?___flsub                                                     cstackCOMRAM 00051F
?___fltol                                                     cstackBANK6  0006A8
?___fpclassifyf                                               cstackCOMRAM 000501
?___lwdiv                                                     cstackBANK6  00068A
?___wmul                                                      cstackBANK6  00068A
?___xxtofl                                                    cstackBANK6  00068A
?_efgtoa                                                      cstackCOMRAM 000547
?_floorf                                                      cstackCOMRAM 000533
?_isupper                                                     cstackCOMRAM 000501
?_pad                                                         cstackCOMRAM 000511
?_printf                                                      cstackBANK5  0005A8
?_strlen                                                      cstackCOMRAM 000501
?_strncmp                                                     cstackCOMRAM 000501
?_tolower                                                     cstackCOMRAM 000507
?_vfpfcnvrt                                                   cstackCOMRAM 000553
?_vfprintf                                                    cstackBANK5  0005A2
?i2___aldiv                                                   cstackCOMRAM 000501
?i2___fladd                                                   cstackCOMRAM 00050F
?i2___fltol                                                   cstackCOMRAM 000533
?i2___lwdiv                                                   cstackCOMRAM 000501
?i2___wmul                                                    cstackCOMRAM 000501
?i2___xxtofl                                                  cstackCOMRAM 000501
ADC_GetSingleConversion@channel                               cstackCOMRAM 000505
ADC_SelectContext@context                                     cstackCOMRAM 000501
ADC_SetADIInterruptHandler@InterruptHandler                   cstackBANK6  00068A
ADC_SetActiveClockTuningInterruptHandler@InterruptHandler     cstackBANK6  00068A
ADC_SetContext1ThresholdInterruptHandler@InterruptHandler     cstackBANK6  00068A
ADC_SetContext2ThresholdInterruptHandler@InterruptHandler     cstackBANK6  00068A
ADC_SetContext3ThresholdInterruptHandler@InterruptHandler     cstackBANK6  00068A
ADC_SetContext4ThresholdInterruptHandler@InterruptHandler     cstackBANK6  00068A
ANALOG_GetVoltage@ucEntradaAnalogica                          cstackCOMRAM 00050A
ANALOG_GetVoltage@ucFlag                                      cstackCOMRAM 00050D
ANALOG_GetVoltage@uiValorAnalog                               cstackCOMRAM 00050B
ANALOG_GetVoltage@uiValorVoltage                              cstackCOMRAM 00050E
APPSSend@dacAPPS1                                             cstackBANK5  0005C8
APPSSend@dacAPPS2                                             cstackBANK5  0005CA
APPSSend@ucPercent                                            cstackBANK5  0005CC
CAN1_OperationModeSet@opMode                                  cstackBANK6  00068A
CAN1_OperationModeSet@requestMode                             cstackBANK6  00068C
CAN1_OperationModeSet@status                                  cstackBANK6  00068B
CAN1_RX_FIFO_ResetInfo@index                                  cstackBANK6  00068A
CAN1_Receive@index                                            cstackCOMRAM 000525
CAN1_Receive@rxCanMsg                                         cstackCOMRAM 000522
CAN1_Receive@status                                           cstackCOMRAM 000524
CAN1_ReceivedMessageCountGet@channel                          cstackCOMRAM 000506
CAN1_ReceivedMessageCountGet@fifoDepth                        cstackCOMRAM 000507
CAN1_ReceivedMessageCountGet@fifoHead                         cstackCOMRAM 000509
CAN1_ReceivedMessageCountGet@fifoTail                         cstackCOMRAM 000508
CAN1_ReceivedMessageCountGet@index                            cstackCOMRAM 00050A
CAN1_ReceivedMessageCountGet@numOfMsg                         cstackCOMRAM 000504
CAN1_ReceivedMessageCountGet@rxMsgStatus                      cstackCOMRAM 000505
CAN1_ReceivedMessageCountGet@totalMsgObj                      cstackCOMRAM 000503
CAN1_SetBusErrorInterruptHandler@handler                      cstackBANK6  00068A
CAN1_SetBusWakeUpActivityInterruptHandler@handler             cstackBANK6  00068A
CAN1_SetFIFO1NotEmptyHandler@handler                          cstackBANK6  00068A
CAN1_SetInvalidMessageInterruptHandler@handler                cstackBANK6  00068A
CAN1_SetModeChangeInterruptHandler@handler                    cstackBANK6  00068A
CAN1_SetRxBufferOverFlowInterruptHandler@handler              cstackBANK6  00068A
CAN1_SetSystemErrorInterruptHandler@handler                   cstackBANK6  00068A
CAN1_SetTxAttemptInterruptHandler@handler                     cstackBANK6  00068A
CAN1_Transmit@fifoChannel                                     cstackCOMRAM 00051D
CAN1_Transmit@status                                          cstackCOMRAM 00051A
CAN1_Transmit@txCanMsg                                        cstackCOMRAM 000518
CAN1_Transmit@txFifoObj                                       cstackCOMRAM 00051B
CAN1_TransmitFIFOStatusGet@fifoChannel                        cstackCOMRAM 000504
CAN1_TransmitFIFOStatusGet@status                             cstackCOMRAM 000503
CANReadMessage@data1                                          cstackBANK5  0005E0
CANReadMessage@data2                                          cstackBANK5  0005DF
CANReadMessage@data3                                          cstackBANK5  0005DC
CANReadMessage@data4                                          cstackBANK5  0005DD
CANReadMessage@data5                                          cstackBANK5  0005DE
CANReadMessage@data6                                          cstackBANK5  0005D9
CANReadMessage@data7                                          cstackBANK5  0005DA
CANReadMessage@data8                                          cstackBANK5  0005DB
CANReadMessage@id                                             cstackBANK5  0005D5
CANWriteMessage@data1                                         cstackCOMRAM 000523
CANWriteMessage@data2                                         cstackCOMRAM 000524
CANWriteMessage@data3                                         cstackCOMRAM 000525
CANWriteMessage@data4                                         cstackCOMRAM 000526
CANWriteMessage@data5                                         cstackCOMRAM 000527
CANWriteMessage@data6                                         cstackCOMRAM 000528
CANWriteMessage@data7                                         cstackCOMRAM 000529
CANWriteMessage@data8                                         cstackCOMRAM 00052A
CANWriteMessage@dataLength                                    cstackCOMRAM 000522
CANWriteMessage@id                                            cstackCOMRAM 00051E
CLUTCH_AnalyseState@ucFDC1                                    cstackCOMRAM 000501
CLUTCH_AnalyseState@ucFDC2                                    cstackCOMRAM 000502
CLUTCH_Move@ucMode                                            cstackCOMRAM 000547
CLUTCH_Move@ucTargetMove                                      cstackCOMRAM 000548
DAC3_Read@dacNonvolatile                                      cstackCOMRAM 00051B
DAC3_Read@dacVolatile                                         cstackCOMRAM 000520
DAC3_Read@data                                                cstackCOMRAM 000522
DAC3_Set@dacValue                                             cstackCOMRAM 000519
DAC3_SetNonvolatile@dacValue                                  cstackCOMRAM 00051A
DAC3_example@dacNonvolatileVoltage                            cstackBANK5  0005C6
DAC3_example@dacVoltage                                       cstackBANK5  0005C4
DAC3_example@readNonvolatileVoltage                           cstackBANK5  0005BC
DAC3_example@readVoltage                                      cstackBANK5  0005B8
DAC3_example@voltage                                          cstackBANK5  0005C0
ETCModeSelect@ucModeSelect                                    cstackCOMRAM 00055F
GPIO_PWM1_Control@uiConvertedDC                               cstackBANK6  0006BA
GPIO_PWM1_Control@uiConvertedPeriod                           cstackBANK6  0006B8
GPIO_PWM1_Control@uiDutyCycle                                 cstackBANK6  0006B2
GPIO_PWM1_Control@uiFreq                                      cstackBANK6  0006B4
GPIO_PWM2_Control@uiConvertedDC                               cstackBANK6  0006BA
GPIO_PWM2_Control@uiConvertedPeriod                           cstackBANK6  0006B8
GPIO_PWM2_Control@uiDutyCycle                                 cstackBANK6  0006B2
GPIO_PWM2_Control@uiFreq                                      cstackBANK6  0006B4
GetRxFifoDepth@validChannel                                   cstackCOMRAM 000502
GetRxFifoStatus@validChannel                                  cstackCOMRAM 000501
GetTxFifoStatus@validChannel                                  cstackCOMRAM 000501
I2C1_CallbackReturnReset@funPtr                               cstackCOMRAM 00050A
I2C1_Close@returnValue                                        cstackCOMRAM 000501
I2C1_DO_RX@retFsmState                                        cstackCOMRAM 000510
I2C1_DO_TX@dataTx                                             cstackCOMRAM 000510
I2C1_DO_TX@retFsmState                                        cstackCOMRAM 000511
I2C1_MasterOperation@read                                     cstackCOMRAM 000514
I2C1_MasterOperation@returnValue                              cstackCOMRAM 000515
I2C1_MasterSendTxData@data                                    cstackCOMRAM 000501
I2C1_MasterSetCounter@counter                                 cstackCOMRAM 000501
I2C1_Open@address                                             cstackCOMRAM 000501
I2C1_Open@returnValue                                         cstackCOMRAM 000502
I2C1_SetAddressNackCallback@cb                                cstackCOMRAM 000506
I2C1_SetAddressNackCallback@ptr                               cstackCOMRAM 000508
I2C1_SetBuffer@buffer                                         cstackCOMRAM 000501
I2C1_SetBuffer@bufferSize                                     cstackCOMRAM 000503
I2C1_SetCallback@cb                                           cstackCOMRAM 000501
I2C1_SetCallback@idx                                          cstackCOMRAM 000505
I2C1_SetCallback@ptr                                          cstackCOMRAM 000503
I2C1_SetDataCompleteCallback@cb                               cstackCOMRAM 000506
I2C1_SetDataCompleteCallback@ptr                              cstackCOMRAM 000508
IVTBASEH                                                      (abs)        00045E
IVTBASEL                                                      (abs)        00045D
IVTBASEU                                                      (abs)        00045F
PWM1_16BIT_Period_SetInterruptHandler@InterruptHandler        cstackBANK6  00068A
PWM1_16BIT_SetSlice1Output1DutyCycleRegister@registerValue    cstackBANK6  00068A
PWM1_16BIT_Slice1Output1_SetInterruptHandler@InterruptHandler cstackBANK6  00068A
PWM1_16BIT_Slice1Output2_SetInterruptHandler@InterruptHandler cstackBANK6  00068A
PWM1_16BIT_WritePeriodRegister@periodCount                    cstackBANK6  00068A
PWM2_16BIT_Period_SetInterruptHandler@InterruptHandler        cstackBANK6  00068A
PWM2_16BIT_SetSlice1Output1DutyCycleRegister@registerValue    cstackBANK6  00068A
PWM2_16BIT_Slice1Output1_SetInterruptHandler@InterruptHandler cstackBANK6  00068A
PWM2_16BIT_Slice1Output2_SetInterruptHandler@InterruptHandler cstackBANK6  00068A
PWM2_16BIT_WritePeriodRegister@periodCount                    cstackBANK6  00068A
ReadMessageFromFifo@msgId                                     cstackCOMRAM 000513
ReadMessageFromFifo@rxCanMsg                                  cstackCOMRAM 00050E
ReadMessageFromFifo@rxFifoObj                                 cstackCOMRAM 00050C
ReadMessageFromFifo@status                                    cstackCOMRAM 000517
Receive@channel                                               cstackCOMRAM 000518
Receive@index                                                 cstackCOMRAM 000521
Receive@rxCanMsg                                              cstackCOMRAM 000519
Receive@rxFifoObj                                             cstackCOMRAM 00051E
Receive@rxMsgStatus                                           cstackCOMRAM 000520
Receive@status                                                cstackCOMRAM 00051D
TMR0_ISR@CountCallBack                                        bssBANK6     00063E
TMR0_SetInterruptHandler@InterruptHandler                     cstackBANK6  00068A
TMR1_ISR@CountCallBack                                        bssBANK6     000638
TMR1_SetInterruptHandler@InterruptHandler                     cstackBANK6  00068A
TMR1_WriteTimer@timerVal                                      cstackCOMRAM 000501
ValidateTransmission@field                                    cstackCOMRAM 00050A
ValidateTransmission@txCanMsg                                 cstackCOMRAM 000502
ValidateTransmission@txMsgStatus                              cstackCOMRAM 000509
ValidateTransmission@validChannel                             cstackCOMRAM 000507
WriteMessageToFifo@msgId                                      cstackCOMRAM 000514
WriteMessageToFifo@status                                     cstackCOMRAM 000513
WriteMessageToFifo@txCanMsg                                   cstackCOMRAM 00050E
WriteMessageToFifo@txFifoObj                                  cstackCOMRAM 00050C
_ADACCH                                                       (abs)        0003E4
_ADACCL                                                       (abs)        0003E3
_ADACCU                                                       (abs)        0003E5
_ADACQH                                                       (abs)        0003EF
_ADACQL                                                       (abs)        0003EE
_ADACT                                                        (abs)        0003F9
_ADACTPPS                                                     (abs)        000269
_ADCAP                                                        (abs)        0003F0
_ADCLK                                                        (abs)        0003FA
_ADCNT                                                        (abs)        0003E6
_ADCON0                                                       (abs)        0003F3
_ADCON0bits                                                   (abs)        0003F3
_ADCON1                                                       (abs)        0003F4
_ADCON1bits                                                   (abs)        0003F4
_ADCON2                                                       (abs)        0003F5
_ADCON2bits                                                   (abs)        0003F5
_ADCON3                                                       (abs)        0003F6
_ADCON3bits                                                   (abs)        0003F6
_ADCP                                                         (abs)        0003D8
_ADCPbits                                                     (abs)        0003D8
_ADCSEL1                                                      (abs)        0003FC
_ADCSEL1bits                                                  (abs)        0003FC
_ADCSEL2                                                      (abs)        0003FD
_ADCSEL2bits                                                  (abs)        0003FD
_ADCSEL3                                                      (abs)        0003FE
_ADCSEL3bits                                                  (abs)        0003FE
_ADCSEL4                                                      (abs)        0003FF
_ADCSEL4bits                                                  (abs)        0003FF
_ADCTX                                                        (abs)        0003FB
_ADC_ActiveClockTuning_ISR                                    nvBANK6      0006C2
_ADC_Context1Thereshld_ISR                                    nvBANK6      0006CA
_ADC_Context2Thereshld_ISR                                    nvBANK6      0006C8
_ADC_Context3Thereshld_ISR                                    nvBANK6      0006C6
_ADC_Context4Thereshld_ISR                                    nvBANK6      0006C4
_ADC_ConversionComplete_ISR                                   nvBANK6      0006CC
_ADC_DefaultADI_ISR                                           (abs)        000000
_ADC_DefaultActiveClockTuning_ISR                             (abs)        000000
_ADC_DefaultContext1Threshold_ISR                             (abs)        000000
_ADC_DefaultContext2Threshold_ISR                             (abs)        000000
_ADC_DefaultContext3Threshold_ISR                             (abs)        000000
_ADC_DefaultContext4Threshold_ISR                             (abs)        000000
_ADC_DisableChannelSequencer                                  text91       008B86
_ADC_GetSingleConversion                                      text90       008270
_ADC_Initialize                                               text36       004FC2
_ADC_SelectContext                                            text89       008B32
_ADC_SetADIInterruptHandler                                   text42       008B1E
_ADC_SetActiveClockTuningInterruptHandler                     text41       008B14
_ADC_SetContext1ThresholdInterruptHandler                     text40       008B0A
_ADC_SetContext2ThresholdInterruptHandler                     text39       008B00
_ADC_SetContext3ThresholdInterruptHandler                     text38       008AF6
_ADC_SetContext4ThresholdInterruptHandler                     text37       008AEC
_ADERRH                                                       (abs)        0003DE
_ADERRL                                                       (abs)        0003DD
_ADFLTRH                                                      (abs)        0003E2
_ADFLTRL                                                      (abs)        0003E1
_ADLTHH                                                       (abs)        0003DA
_ADLTHL                                                       (abs)        0003D9
_ADPCH                                                        (abs)        0003EC
_ADPREH                                                       (abs)        0003F2
_ADPREL                                                       (abs)        0003F1
_ADPREVH                                                      (abs)        0003E9
_ADPREVL                                                      (abs)        0003E8
_ADREF                                                        (abs)        0003F8
_ADRESH                                                       (abs)        0003EB
_ADRESL                                                       (abs)        0003EA
_ADRPT                                                        (abs)        0003E7
_ADSTAT                                                       (abs)        0003F7
_ADSTATbits                                                   (abs)        0003F7
_ADSTPTH                                                      (abs)        0003E0
_ADSTPTL                                                      (abs)        0003DF
_ADUTHH                                                       (abs)        0003DC
_ADUTHL                                                       (abs)        0003DB
_ANALOGRead                                                   text87       00823E
_ANALOG_GetVoltage                                            text88       005AC2
_ANSELA                                                       (abs)        000400
_ANSELB                                                       (abs)        000408
_ANSELC                                                       (abs)        000410
_APPSSend                                                     text96       0073E2
_C1CONH                                                       (abs)        000101
_C1CONHbits                                                   (abs)        000101
_C1CONL                                                       (abs)        000100
_C1CONTbits                                                   (abs)        000103
_C1CONU                                                       (abs)        000102
_C1CONUbits                                                   (abs)        000102
_C1FIFOBA                                                     (abs)        00014C
_C1FIFOCON1H                                                  (abs)        00015D
_C1FIFOCON1L                                                  (abs)        00015C
_C1FIFOCON1T                                                  (abs)        00015F
_C1FIFOCON1U                                                  (abs)        00015E
_C1FIFOSTA1Lbits                                              (abs)        000160
_C1FLTCON0H                                                   (abs)        000181
_C1FLTOBJ1H                                                   (abs)        000195
_C1FLTOBJ1L                                                   (abs)        000194
_C1FLTOBJ1T                                                   (abs)        000197
_C1FLTOBJ1U                                                   (abs)        000196
_C1INTH                                                       (abs)        00011D
_C1INTHbits                                                   (abs)        00011D
_C1INTL                                                       (abs)        00011C
_C1INTLbits                                                   (abs)        00011C
_C1INTT                                                       (abs)        00011F
_C1INTTbits                                                   (abs)        00011F
_C1INTU                                                       (abs)        00011E
_C1INTUbits                                                   (abs)        00011E
_C1MASK1H                                                     (abs)        000199
_C1MASK1L                                                     (abs)        000198
_C1MASK1T                                                     (abs)        00019B
_C1MASK1U                                                     (abs)        00019A
_C1NBTCFGH                                                    (abs)        000105
_C1NBTCFGL                                                    (abs)        000104
_C1NBTCFGT                                                    (abs)        000107
_C1NBTCFGU                                                    (abs)        000106
_C1TRECUbits                                                  (abs)        000136
_C1TXQCONH                                                    (abs)        000151
_C1TXQCONL                                                    (abs)        000150
_C1TXQCONT                                                    (abs)        000153
_C1TXQCONU                                                    (abs)        000152
_C1TXQSTALbits                                                (abs)        000154
_CAN1_BitRateConfiguration                                    text35       008956
_CAN1_BusErrorHandler                                         bssBANK6     00064E
_CAN1_BusWakeUpActivityHandler                                bssBANK6     000650
_CAN1_ErrorNotificationInterruptEnable                        text27       0075EC
_CAN1_FIFO1NotEmptyHandler                                    bssBANK6     000654
_CAN1_ISR                                                     text212      00596C
_CAN1_Initialize                                              text19       007B94
_CAN1_InvalidMessageHandler                                   bssBANK6     000652
_CAN1_IsBusOff                                                text82       008892
_CAN1_IsTxErrorActive                                         text80       0087BE
_CAN1_IsTxErrorPassive                                        text81       00887C
_CAN1_IsTxErrorWarning                                        text79       008866
_CAN1_ModeChangeHandler                                       bssBANK6     00064C
_CAN1_OperationModeGet                                        text26       008A9C
_CAN1_OperationModeSet                                        text25       007190
_CAN1_RXI_ISR                                                 text92       0083E0
_CAN1_RX_FIFO_Configuration                                   text23       0085C4
_CAN1_RX_FIFO_FilterMaskConfiguration                         text22       008704
_CAN1_RX_FIFO_ResetInfo                                       text21       0082D0
_CAN1_Receive                                                 text206      007D9C
_CAN1_ReceivedMessageCountGet                                 text205      006A76
_CAN1_RxBufferOverflowHandler                                 bssBANK6     000646
_CAN1_SetBusErrorInterruptHandler                             text34       008AE2
_CAN1_SetBusWakeUpActivityInterruptHandler                    text33       008AD8
_CAN1_SetFIFO1NotEmptyHandler                                 text24       008A92
_CAN1_SetInvalidMessageInterruptHandler                       text32       008ACE
_CAN1_SetModeChangeInterruptHandler                           text31       008AC4
_CAN1_SetRxBufferOverFlowInterruptHandler                     text30       008ABA
_CAN1_SetSystemErrorInterruptHandler                          text29       008AB0
_CAN1_SetTxAttemptInterruptHandler                            text28       008AA6
_CAN1_SystemErrorHandler                                      bssBANK6     00064A
_CAN1_TX_FIFO_Configuration                                   text20       008942
_CAN1_Transmit                                                text73       0072BE
_CAN1_TransmitFIFOStatusGet                                   text72       008668
_CAN1_TxAttemptHandler                                        bssBANK6     000648
_CANDATAdata                                                  bssBANK6     000674
_CANRXPPS                                                     (abs)        00023D
_CANReadMessage                                               text94       0053FA
_CANWriteMessage                                              text71       0068C6
_CLUTCH_AnalyseState                                          text70       006B40
_CLUTCH_Init                                                  text48       008748
_CLUTCH_Move                                                  text194      007ED2
_DAC3_Read                                                    text127      006FAE
_DAC3_Set                                                     text123      00897E
_DAC3_SetNonvolatile                                          text121      00896A
_DAC3_example                                                 text97       004D84
_DLC_BYTES                                                    smallconst   002627
_DefaultBusErrorHandler                                       text219      008C08
_DefaultBusWakeUpActivityHandler                              text218      008C06
_DefaultFIFO1NotEmptyHandler                                  text93       008B8C
_DefaultInvalidMessageHandler                                 text217      008C04
_DefaultModeChangeHandler                                     text216      008C02
_DefaultRxBufferOverflowHandler                               text215      008C00
_DefaultSystemErrorHandler                                    text214      008BFE
_DefaultTxAttemptHandler                                      text213      008BFC
_ETCModeSelect                                                text95       007DEE
_GPIOInit                                                     text43       008036
_GPIO_PWM1_Control                                            text49       00651E
_GPIO_PWM2_Control                                            text44       00642C
_GetRxFifoDepth                                               text211      008784
_GetRxFifoStatus                                              text210      008838
_GetTxFifoStatus                                              text78       0087F0
_I2C1BAUD                                                     (abs)        00029D
_I2C1CLK                                                      (abs)        00029E
_I2C1CNTH                                                     (abs)        00028D
_I2C1CNTL                                                     (abs)        00028C
_I2C1CON0                                                     (abs)        000294
_I2C1CON0bits                                                 (abs)        000294
_I2C1CON1                                                     (abs)        000295
_I2C1CON1bits                                                 (abs)        000295
_I2C1CON2                                                     (abs)        000296
_I2C1ERR                                                      (abs)        000297
_I2C1ERRbits                                                  (abs)        000297
_I2C1PIE                                                      (abs)        00029B
_I2C1PIEbits                                                  (abs)        00029B
_I2C1PIR                                                      (abs)        00029A
_I2C1PIRbits                                                  (abs)        00029A
_I2C1RXB                                                      (abs)        00028A
_I2C1SCLPPS                                                   (abs)        000271
_I2C1SDAPPS                                                   (abs)        000270
_I2C1STAT1bits                                                (abs)        000299
_I2C1TXB                                                      (abs)        00028B
_I2C1_CallbackReturnReset                                     text168      008BE2
[...]
 Registers used:
		None
 Tracked objects:
		On entry : 
		On exit  : 
		Unchanged: 
 Data sizes:     COMRAM   BANK5   BANK6   BANK7   BANK8   BANK9  BANK10  BANK11  BANK12  BANK13  BANK14  BANK15  BANK16  BANK17  BANK18  BANK19  BANK20  BANK21  BANK22  BANK23  BANK24  BANK25  BANK26  BANK27  BANK28  BANK29  BANK30  BANK31  BANK32  BANK33  BANK34  BANK35  BANK36  BANK37
      Params:         0       0       0       0       0       0       0       0       0       0       0       0       0       0       0       0       0       0       0       0       0       0       0       0       0       0       0       0       0       0       0       0       0       0
      Locals:         0       0       0       0       0       0       0       0       0       0       0       0       0       0       0       0       0       0       0       0       0       0       0       0       0       0       0       0       0       0       0       0       0       0
      Temps:          0       0       0       0       0       0       0       0       0       0       0       0       0       0       0       0       0       0       0       0       0       0       0       0       0       0       0       0       0       0       0       0       0       0
      Totals:         0       0       0       0       0       0       0       0       0       0       0       0       0       0       0       0       0       0       0       0       0       0       0       0       0       0       0       0       0       0       0       0       0       0
Total ram usage:        0 bytes
 Hardware stack levels used:    1
 This function calls:
		Nothing
 This function is called by:
		_CAN1_ErrorNotificationInterruptEnable
		_CAN1_ISR
 This function uses a non-reentrant model



MODULE INFORMATION

Module		Function		Class		Link	Load	Size
MESSAGES.C
		_CANWriteMessage		CODE           	68C6	0000	216
		_CANReadMessage		CODE           	53FA	0000	518

MESSAGES.C estimated size: 734

mcc_generated_files/can1.c
		_ReadMessageFromFifo		CODE           	4B44	0000	576
		_ValidateTransmission		CODE           	699E	0000	216
		_CAN1_IsTxErrorPassive		CODE           	887C	0000	22
		_DefaultFIFO1NotEmptyHandler		CODE           	8B8C	0000	6
		_CAN1_BitRateConfiguration		CODE           	8956	0000	20
		_CAN1_SetTxAttemptInterruptHandler		CODE           	8AA6	0000	10
		_Receive       		CODE           	66FC	0000	236
		_CAN1_SetInvalidMessageInterruptHandler		CODE           	8ACE	0000	10
		_CAN1_TX_FIFO_Configuration		CODE           	8942	0000	20
		_GetRxFifoDepth		CODE           	8784	0000	30
		_CAN1_ISR      		CODE           	596C	0000	342
		_DefaultBusErrorHandler		CODE           	8C08	0000	2
		_CAN1_OperationModeGet		CODE           	8A9C	0000	10
		_CAN1_IsBusOff 		CODE           	8892	0000	22
		_CAN1_Initialize		CODE           	7B94	0000	92
		_DefaultInvalidMessageHandler		CODE           	8C04	0000	2
		_CAN1_SetFIFO1NotEmptyHandler		CODE           	8A92	0000	10
		_DefaultBusWakeUpActivityHandler		CODE           	8C06	0000	2
		_CAN1_TransmitFIFOStatusGet		CODE           	8668	0000	40
		_CAN1_Transmit 		CODE           	72BE	0000	148
		_CAN1_RX_FIFO_FilterMaskConfiguration		CODE           	8704	0000	34
		_CAN1_RX_FIFO_Configuration		CODE           	85C4	0000	42
		_CAN1_IsTxErrorActive		CODE           	87BE	0000	26
		_GetRxFifoStatus		CODE           	8838	0000	24
		_CAN1_ReceivedMessageCountGet		CODE           	6A76	0000	202
		_CAN1_SetBusErrorInterruptHandler		CODE           	8AE2	0000	10
		_CAN1_SetSystemErrorInterruptHandler		CODE           	8AB0	0000	10
		_DefaultSystemErrorHandler		CODE           	8BFE	0000	2
		_CAN1_IsTxErrorWarning		CODE           	8866	0000	22
		_isTxChannel   		CODE           	80B2	0000	62
		_GetTxFifoStatus		CODE           	87F0	0000	24
		_WriteMessageToFifo		CODE           	48FE	0000	582
		_DefaultRxBufferOverflowHandler		CODE           	8C00	0000	2
		_CAN1_ErrorNotificationInterruptEnable		CODE           	75EC	0000	122
		_CAN1_SetBusWakeUpActivityInterruptHandler		CODE           	8AD8	0000	10
		_CAN1_Receive  		CODE           	7D9C	0000	82
		_CAN1_SetRxBufferOverFlowInterruptHandler		CODE           	8ABA	0000	10
		_CAN1_RX_FIFO_ResetInfo		CODE           	82D0	0000	46
		_CAN1_OperationModeSet		CODE           	7190	0000	152
		_CAN1_SetModeChangeInterruptHandler		CODE           	8AC4	0000	10
		_CAN1_RXI_ISR  		CODE           	83E0	0000	44
		_DefaultTxAttemptHandler		CODE           	8BFC	0000	2
		_DefaultModeChangeHandler		CODE           	8C02	0000	2

mcc_generated_files/can1.c estimated size: 3338

mcc_generated_files/examples/i2c1_master_example.c
		_rdBlkRegCompleteHandler@i2c1_master_example$F179		CODE           	7E3A	0000	76
		_rd1RegCompleteHandler@i2c1_master_example$F145		CODE           	8490	0000	44
		_rd2RegCompleteHandler@i2c1_master_example$F156		CODE           	8464	0000	44
		_wr1RegCompleteHandler@i2c1_master_example$F162		CODE           	8438	0000	44
		_wr2RegCompleteHandler@i2c1_master_example$F168		CODE           	856C	0000	44

mcc_generated_files/examples/i2c1_master_example.c estimated size: 252

C:\Program Files\Microchip\xc8\v2.31\pic\sources\c99\common\sprcadd.c
		___flsub       		CODE           	7F66	0000	70
		___fladd       		CODE           	337A	0000	1218

C:\Program Files\Microchip\xc8\v2.31\pic\sources\c99\common\sprcadd.c estimated size: 1288

C:\Program Files\Microchip\xc8\v2.31\pic\sources\c99\common\flneg.c
		___flneg       		CODE           	81D4	0000	56

C:\Program Files\Microchip\xc8\v2.31\pic\sources\c99\common\flneg.c estimated size: 56

mcc_generated_files/pwm2_16bit.c
		_PWM2_16BIT_WritePeriodRegister		CODE           	89BE	0000	14
		_PWM2_16BIT_Period_SetInterruptHandler		CODE           	8A6A	0000	10
		_PWM2_16BIT_Slice1Output1_SetInterruptHandler		CODE           	8A60	0000	10
		_PWM2_16BIT_Slice1Output2_SetInterruptHandler		CODE           	8A56	0000	10
		_PWM2_16BIT_Initialize		CODE           	7756	0000	116
		_PWM2_16BIT_LoadBufferRegisters		CODE           	8BD2	0000	4
		_PWM2_16BIT_SetSlice1Output1DutyCycleRegister		CODE           	89CC	0000	14

mcc_generated_files/pwm2_16bit.c estimated size: 178

TEMPORIZATIONS.c
		_TEMPORIZATION_1mins		CODE           	8BF4	0000	2
		_TEMPORIZATION_100ms		CODE           	8074	0000	62
		_TEMPORIZATION_500ms		CODE           	8726	0000	34
		_TEMPORIZATION_10s		CODE           	8BF6	0000	2
		_TEMPORIZATION_30s		CODE           	8BF2	0000	2
		_TEMPORIZATION_1s		CODE           	80F0	0000	58
		_TEMPORIZATION_10ms		CODE           	8B80	0000	6

TEMPORIZATIONS.c estimated size: 166

mcc_generated_files/i2c1_master.c
		_I2C1_DO_SEND_RESTART		CODE           	8BDA	0000	4
		_I2C1_MasterIsNackFlagSet		CODE           	8916	0000	22
		_I2C1_DO_RX_EMPTY		CODE           	7050	0000	162
		_I2C1_DO_TX_EMPTY		CODE           	7570	0000	124
		_I2C1_DO_SEND_RESTART_READ		CODE           	8A04	0000	14
		_I2C1_MasterClearNackFlag		CODE           	8BC2	0000	6
		_I2C1_CallbackReturnStop		CODE           	8BE6	0000	4
		_I2C1_MasterRead		CODE           	8B58	0000	8
		_I2C1_DO_RX    		CODE           	70F2	0000	158
		_I2C1_DO_TX    		CODE           	5BEC	0000	290
		_I2C1_SetAddressNackCallback		CODE           	8808	0000	24
		_I2C1_DO_IDLE  		CODE           	8A12	0000	12
		_I2C1_MasterOpen		CODE           	840C	0000	44
		_I2C1_MasterSendTxData		CODE           	8B3C	0000	10
		_I2C1_MasterStop		CODE           	8B98	0000	6
		_I2C1_MasterIsStopFlagSet		CODE           	8900	0000	22
		_I2C1_CallbackReturnReset		CODE           	8BE2	0000	4
		_I2C1_DO_RESET 		CODE           	899E	0000	16
		_I2C1_Poller   		CODE           	8766	0000	30
		_I2C1_DO_RX_ACK		CODE           	8B68	0000	8
		_I2C1_DO_TX_ACK		CODE           	8B70	0000	8
		_I2C1_MasterWaitForEvent		CODE           	7BF0	0000	90
		_I2C1_MasterSendNack		CODE           	8B9E	0000	6
		_I2C1_DO_RX_NACK_RESTART		CODE           	8B60	0000	8
		_I2C1_MasterDisableIrq		CODE           	87A2	0000	28
		_I2C1_ClearInterruptFlags		CODE           	7D4A	0000	82
		_I2C1_MasterOperation		CODE           	7CF8	0000	82
		_I2C1_MasterClearStopFlag		CODE           	8BBC	0000	6
		_I2C1_SetCallback		CODE           	7470	0000	130
		_I2C1_MasterEnableRestart		CODE           	8BB0	0000	6
		_I2C1_MasterGetCounter		CODE           	8B92	0000	6
		_I2C1_MasterSetCounter		CODE           	89AE	0000	16
		_I2C1_Open     		CODE           	7352	0000	144
		_I2C1_DO_ADDRESS_NACK		CODE           	7A66	0000	104
		_I2C1_MasterDisableRestart		CODE           	8BB6	0000	6
		_I2C1_MasterClearCountFlag		CODE           	8BC8	0000	6
		_I2C1_SetBuffer		CODE           	86E0	0000	36
		_I2C1_DO_SEND_RESTART_WRITE		CODE           	8BDE	0000	4
		_I2C1_MasterIsTxBufEmpty		CODE           	88BE	0000	22
		_I2C1_MasterClose		CODE           	8A1E	0000	12
		_I2C1_MasterWrite		CODE           	8B50	0000	8
		_I2C1_Initialize		CODE           	8388	0000	44
		_I2C1_Close    		CODE           	8598	0000	44
		_I2C1_MasterIsRxBufFull		CODE           	88EA	0000	22
		_I2C1_MasterIsNack		CODE           	88D4	0000	22
		_I2C1_DO_SEND_ADR_WRITE		CODE           	88A8	0000	22
		_I2C1_MasterClearIrq		CODE           	8B78	0000	8
		_I2C1_SetDataCompleteCallback		CODE           	8820	0000	24
		_I2C1_DO_SEND_STOP		CODE           	86B8	0000	40
		_I2C1_DO_BUS_COLLISION		CODE           	78B2	0000	112
		_I2C1_DO_BUS_ERROR		CODE           	898E	0000	16
		_I2C1_MasterSendAck		CODE           	8BA4	0000	6
		_I2C1_MasterFsm		CODE           	7666	0000	122
		_I2C1_MasterGetRxData		CODE           	8BAA	0000	6
		_I2C1_MasterResetBus		CODE           	8B46	0000	10
		_I2C1_MasterIsCountFlagSet		CODE           	892C	0000	22
		_I2C1_DO_SEND_ADR_READ		CODE           	835A	0000	46
		_I2C1_DO_RX_NACK_STOP		CODE           	89F6	0000	14

mcc_generated_files/i2c1_master.c estimated size: 2358

C:\Program Files\Microchip\xc8\v2.31\pic\sources\c99\common\putch.c
		_putch         		CODE           	8BFA	0000	2

C:\Program Files\Microchip\xc8\v2.31\pic\sources\c99\common\putch.c estimated size: 2

C:\Program Files\Microchip\xc8\v2.31\pic\sources\c99\common\nf_fputs.c
		_fputs         		CODE           	7FF2	0000	68

C:\Program Files\Microchip\xc8\v2.31\pic\sources\c99\common\nf_fputs.c estimated size: 68

mcc_generated_files/interrupt_manager.c
		_INTERRUPT_Initialize		CODE           	8BCE	0000	4
		_INTERRUPT_InterruptManager		CODE           	6D92	0000	194

mcc_generated_files/interrupt_manager.c estimated size: 198

C:\Program Files\Microchip\xc8\v2.31\pic\sources\c99\common\xxtofl.c
		___xxtofl      		CODE           	5600	0000	440

C:\Program Files\Microchip\xc8\v2.31\pic\sources\c99\common\xxtofl.c estimated size: 440

C:\Program Files\Microchip\xc8\v2.31\pic\sources\c99\common\printf.c
		_printf        		CODE           	8690	0000	40

C:\Program Files\Microchip\xc8\v2.31\pic\sources\c99\common\printf.c estimated size: 40

mcc_generated_files/DAC3_example.c
		_DAC3_example  		CODE           	4D84	0000	574

mcc_generated_files/DAC3_example.c estimated size: 574

mcc_generated_files/tmr0.c
		_TMR0_SetInterruptHandler		CODE           	8A4C	0000	10
		_TMR0_DefaultInterruptHandler		CODE           	8BF8	0000	2
		_TMR0_CallBack 		CODE           	832C	0000	46
		_TMR0_ISR      		CODE           	820C	0000	50
		_TMR0_Initialize		CODE           	8618	0000	40

mcc_generated_files/tmr0.c estimated size: 148

C:\Program Files\Microchip\xc8\v2.31\pic\sources\c99\common\fleq.c
		___fleq        		CODE           	6F04	0000	170

C:\Program Files\Microchip\xc8\v2.31\pic\sources\c99\common\fleq.c estimated size: 170

C:\Program Files\Microchip\xc8\v2.31\pic\sources\c99\common\strlen.c
		_strlen        		CODE           	812A	0000	58

C:\Program Files\Microchip\xc8\v2.31\pic\sources\c99\common\strlen.c estimated size: 58

mcc_generated_files/pin_manager.c
		_PIN_MANAGER_Initialize		CODE           	74F2	0000	126

mcc_generated_files/pin_manager.c estimated size: 126

C:\Program Files\Microchip\xc8\v2.31\pic\sources\c99\common\floorf.c
		_floorf        		CODE           	51E8	0000	530

C:\Program Files\Microchip\xc8\v2.31\pic\sources\c99\common\floorf.c estimated size: 530

C:\Program Files\Microchip\xc8\v2.31\pic\sources\c99\common\strcpy.c
		_strcpy        		CODE           	7ACE	0000	102

C:\Program Files\Microchip\xc8\v2.31\pic\sources\c99\common\strcpy.c estimated size: 102

C:\Program Files\Microchip\xc8\v2.31\pic\sources\c99\common\awmod.c
		___awmod       		CODE           	6E54	0000	176

C:\Program Files\Microchip\xc8\v2.31\pic\sources\c99\common\awmod.c estimated size: 176

mcc_generated_files/adc.c
		_ADC_SelectContext		CODE           	8B32	0000	10
		_ADC_Initialize		CODE           	4FC2	0000	550
		_ADC_DisableChannelSequencer		CODE           	8B86	0000	6
		_ADC_GetSingleConversion		CODE           	8270	0000	50
		_ADC_SetActiveClockTuningInterruptHandler		CODE           	8B14	0000	10
		_ADC_SetADIInterruptHandler		CODE           	8B1E	0000	10
		_ADC_SetContext1ThresholdInterruptHandler		CODE           	8B0A	0000	10
		_ADC_SetContext2ThresholdInterruptHandler		CODE           	8B00	0000	10
		_ADC_SetContext3ThresholdInterruptHandler		CODE           	8AF6	0000	10
		_ADC_SetContext4ThresholdInterruptHandler		CODE           	8AEC	0000	10

mcc_generated_files/adc.c estimated size: 676

mcc_generated_files/drivers/i2c_simple_master.c
		_i2c_readNBytes		CODE           	7FAC	0000	70
		_wr1RegCompleteHandler		CODE           	8540	0000	44
		_wr2RegCompleteHandler		CODE           	84BC	0000	44
		_i2c_write1ByteRegister		CODE           	7990	0000	110
		_i2c_write2ByteRegister		CODE           	7922	0000	110
		_rdBlkRegCompleteHandler		CODE           	7E86	0000	76
		_rd1RegCompleteHandler		CODE           	8514	0000	44
		_rd2RegCompleteHandler		CODE           	84E8	0000	44

mcc_generated_files/drivers/i2c_simple_master.c estimated size: 542

C:\Program Files\Microchip\xc8\v2.31\pic\sources\c99\common\isupper.c
		_isupper       		CODE           	819C	0000	56

C:\Program Files\Microchip\xc8\v2.31\pic\sources\c99\common\isupper.c estimated size: 56

mcc_generated_files/pwm1_16bit.c
		_PWM1_16BIT_Period_SetInterruptHandler		CODE           	8A88	0000	10
		_PWM1_16BIT_Slice1Output1_SetInterruptHandler		CODE           	8A7E	0000	10
		_PWM1_16BIT_Slice1Output2_SetInterruptHandler		CODE           	8A74	0000	10
		_PWM1_16BIT_Initialize		CODE           	77CA	0000	116
		_PWM1_16BIT_LoadBufferRegisters		CODE           	8BD6	0000	4
		_PWM1_16BIT_SetSlice1Output1DutyCycleRegister		CODE           	89E8	0000	14
		_PWM1_16BIT_WritePeriodRegister		CODE           	89DA	0000	14

mcc_generated_files/pwm1_16bit.c estimated size: 178

C:\Program Files\Microchip\xc8\v2.31\pic\sources\c99\common\nf_fputc.c
		_fputc         		CODE           	7228	0000	150

C:\Program Files\Microchip\xc8\v2.31\pic\sources\c99\common\nf_fputc.c estimated size: 150

shared
		i2_GPIO_PWM1_Control		CODE           	6610	0000	236
		_FIFO          		SMALLCONST     	0000	0000	0
		_DLC_BYTES     		SMALLCONST     	2627	0000	9
		i2___lwdiv     		CODE           	783E	0000	116
		i2_PWM1_16BIT_LoadBufferRegisters		CODE           	8BEA	0000	4
		i2___fladd     		CODE           	383C	0000	1216
		i2___wmul      		CODE           	85EE	0000	42
		i2___fltol     		CODE           	6030	0000	262
		__initialization		CODE           	7CA4	0000	78
		i2___aldiv     		CODE           	5E1C	0000	268
		i2_PWM1_16BIT_SetSlice1Output1DutyCycleRegister		CODE           	8A36	0000	12
		_i2c1_fsmStateTable		SMALLCONST     	2601	0000	38
		i2___xxtofl    		CODE           	57B8	0000	436
		i2_CAN1_OperationModeGet		CODE           	8B28	0000	10
		i2_PWM1_16BIT_WritePeriodRegister		CODE           	8A2A	0000	12

shared estimated size: 2739

mcc_generated_files/mcc.c
		_PMD_Initialize		CODE           	8640	0000	40
		_OSCILLATOR_Initialize		CODE           	87D8	0000	24
		_SYSTEM_Initialize		CODE           	82A2	0000	46

mcc_generated_files/mcc.c estimated size: 110

C:\Program Files\Microchip\xc8\v2.31\pic\sources\c99\common\tolower.c
		_tolower       		CODE           	7B34	0000	96

C:\Program Files\Microchip\xc8\v2.31\pic\sources\c99\common\tolower.c estimated size: 96

ETC.c
		_ETCModeSelect 		CODE           	7DEE	0000	76
		_APPSSend      		CODE           	73E2	0000	142

ETC.c estimated size: 218

C:\Program Files\Microchip\xc8\v2.31\pic\sources\c99\common\sprcmul.c
		___flmul       		CODE           	3CFC	0000	1102

C:\Program Files\Microchip\xc8\v2.31\pic\sources\c99\common\sprcmul.c estimated size: 1102

GPIO.c
		_GPIOInit      		CODE           	8036	0000	62
		_GPIO_PWM1_Control		CODE           	651E	0000	242
		_GPIO_PWM2_Control		CODE           	642C	0000	242

GPIO.c estimated size: 546

C:\Program Files\Microchip\xc8\v2.31\pic\sources\c99\common\lwdiv.c
		___lwdiv       		CODE           	76E0	0000	118

C:\Program Files\Microchip\xc8\v2.31\pic\sources\c99\common\lwdiv.c estimated size: 118

mcc_generated_files/tmr1.c
		_TMR1_Initialize		CODE           	7F1E	0000	72
		_TMR1_SetInterruptHandler		CODE           	8A42	0000	10
		_TMR1_DefaultInterruptHandler		CODE           	8BF0	0000	2
		_TMR1_CallBack 		CODE           	67E8	0000	222
		_TMR1_WriteTimer		CODE           	82FE	0000	46
		_TMR1_ISR      		CODE           	8164	0000	56

mcc_generated_files/tmr1.c estimated size: 408

C:\Program Files\Microchip\xc8\v2.31\pic\sources\c99\common\awdiv.c
		___awdiv       		CODE           	6CCE	0000	196

C:\Program Files\Microchip\xc8\v2.31\pic\sources\c99\common\awdiv.c estimated size: 196

C:\Program Files\Microchip\xc8\v2.31\pic\sources\c99\common\doprnt.c
		_vfpfcnvrt     		CODE           	414A	0000	1050
		_efgtoa        		CODE           	26D0	0000	3242
		_pad           		CODE           	6C08	0000	198
		_vfprintf      		CODE           	79FE	0000	104

C:\Program Files\Microchip\xc8\v2.31\pic\sources\c99\common\doprnt.c estimated size: 4594

C:\Program Files\Microchip\xc8\v2.31\pic\sources\c99\common\sprcdiv.c
		___fldiv       		CODE           	4564	0000	922

C:\Program Files\Microchip\xc8\v2.31\pic\sources\c99\common\sprcdiv.c estimated size: 922

C:\Program Files\Microchip\xc8\v2.31\pic\sources\c99\common\fltol.c
		___fltol       		CODE           	5F28	0000	264

C:\Program Files\Microchip\xc8\v2.31\pic\sources\c99\common\fltol.c estimated size: 264

C:\Program Files\Microchip\xc8\v2.31\pic\sources\c99\common\memcpy.c
		_memcpy        		CODE           	7C4A	0000	90

C:\Program Files\Microchip\xc8\v2.31\pic\sources\c99\common\memcpy.c estimated size: 90

C:\Program Files\Microchip\xc8\v2.31\pic\sources\c99\common\__fpclassifyf.c
		___fpclassifyf 		CODE           	623A	0000	254

C:\Program Files\Microchip\xc8\v2.31\pic\sources\c99\common\__fpclassifyf.c estimated size: 254

C:\Program Files\Microchip\xc8\v2.31\pic\sources\c99\common\flge.c
		___flge        		CODE           	6136	0000	260

C:\Program Files\Microchip\xc8\v2.31\pic\sources\c99\common\flge.c estimated size: 260

mcc_generated_files/DAC3.c
		_DAC3_Read     		CODE           	6FAE	0000	162
		_DAC3_SetNonvolatile		CODE           	896A	0000	20
		_DAC3_Set      		CODE           	897E	0000	16

mcc_generated_files/DAC3.c estimated size: 198

C:\Program Files\Microchip\xc8\v2.31\pic\sources\c99\common\aldiv.c
		___aldiv       		CODE           	5D0E	0000	270

C:\Program Files\Microchip\xc8\v2.31\pic\sources\c99\common\aldiv.c estimated size: 270

C:\Program Files\Microchip\xc8\v2.31\pic\sources\c99\common\Umul16.c
		___wmul        		CODE           	83B4	0000	44

C:\Program Files\Microchip\xc8\v2.31\pic\sources\c99\common\Umul16.c estimated size: 44

ANALOG.c
		_ANALOGRead    		CODE           	823E	0000	50
		_ANALOG_GetVoltage		CODE           	5AC2	0000	298

ANALOG.c estimated size: 348

main.c
		_main          		CODE           	8850	0000	22

main.c estimated size: 22

CLUTCH.c
		_CLUTCH_AnalyseState		CODE           	6B40	0000	200
		_CLUTCH_Move   		CODE           	7ED2	0000	76
		_CLUTCH_Init   		CODE           	8748	0000	30

CLUTCH.c estimated size: 306

C:\Program Files\Microchip\xc8\v2.31\pic\sources\c99\common\strncmp.c
		_strncmp       		CODE           	6338	0000	244

C:\Program Files\Microchip\xc8\v2.31\pic\sources\c99\common\strncmp.c estimated size: 244

