Microchip MPLAB XC8 Compiler V2.32

Linker command line:

-W-3 --edf=C:\Program Files\Microchip\xc8\v2.32\pic\dat\en_msgs.txt \
  -pivt0x8=08h -cn -h+dist/default/debug\ETC.X.debug.sym \
  --cmf=dist/default/debug\ETC.X.debug.cmf -z -Q18F26Q84 \
  -oC:\Users\ruben\AppData\Local\Temp\xcAs7lo.4 --defsym=__MPLAB_BUILD=1 \
  -Mdist/default/debug/ETC.X.debug.map -E1 -ver=XC8 Compiler --acfsm=1493 \
  -ASTACK=077Eh-025FFh -pstack=STACK -ACODE=00h-0FFFFh -ACONST=00h-0FFFFh \
  -ASMALLCONST=02600h-026FFhx218 -AMEDIUMCONST=02600h-0FFFFh \
  -ACOMRAM=0501h-055Fh -AABS1=0500h-025FFh -ABIGRAM=0501h-025FFh \
  -ARAM=0560h-05FFh,0600h-06FFhx32 -ABANK5=0560h-05FFh -ABANK6=0600h-06FFh \
  -ABANK7=0700h-07FFh -ABANK8=0800h-08FFh -ABANK9=0900h-09FFh \
  -ABANK10=0A00h-0AFFh -ABANK11=0B00h-0BFFh -ABANK12=0C00h-0CFFh \
  -ABANK13=0D00h-0DFFh -ABANK14=0E00h-0EFFh -ABANK15=0F00h-0FFFh \
  -ABANK16=01000h-010FFh -ABANK17=01100h-011FFh -ABANK18=01200h-012FFh \
  -ABANK19=01300h-013FFh -ABANK20=01400h-014FFh -ABANK21=01500h-015FFh \
  -ABANK22=01600h-016FFh -ABANK23=01700h-017FFh -ABANK24=01800h-018FFh \
  -ABANK25=01900h-019FFh -ABANK26=01A00h-01AFFh -ABANK27=01B00h-01BFFh \
  -ABANK28=01C00h-01CFFh -ABANK29=01D00h-01DFFh -ABANK30=01E00h-01EFFh \
  -ABANK31=01F00h-01FFFh -ABANK32=02000h-020FFh -ABANK33=02100h-021FFh \
  -ABANK34=02200h-022FFh -ABANK35=02300h-023FFh -ABANK36=02400h-024FFh \
  -ABANK37=02500h-025FFh -ASFR=00h-0FFhx4,0400h-045Fh,0460h-04FFh \
  -ACONFIG=0300000h-0300023h -AIDLOC=0200000h-020001Fh \
  -AEEDATA=0380000h-03803FFh -peeprom_data=EEDATA -preset_vec=00h \
  -ppowerup=CODE,init -pramtop=02600h -psmallconst=SMALLCONST \
  -pmediumconst=MEDIUMCONST -pconst=CONST -AFARRAM=00h-00h \
  -prdata=COMRAM,nvrram=COMRAM,nvbit=COMRAM,rbss=COMRAM,rbit=COMRAM \
  -pfarbss=FARRAM,fardata=FARRAM,nvFARRAM=FARRAM \
  -pintsave_regs=BIGRAM,bigbss=BIGRAM,bigdata=BIGRAM -pbss=RAM \
  -pidata=CODE,irdata=CODE,ibigdata=CODE,ifardata=CODE -prparam=COMRAM \
  C:\Users\ruben\AppData\Local\Temp\xcAs7lo.o \
  dist/default/debug\ETC.X.debug.o 

Object code version is 3.11

Machine type is 18F26Q84



                Name                               Link     Load   Length Selector   Space Scale
C:\Users\ruben\AppData\Local\Temp\xcAs7lo.o
                idloc                            200000   200000       20        0       5
                config                           300000   300000       24        0       4
                init                                 1A       1A        4        4       0
                reset_vec                             0        0        4        0       0
dist/default/debug\ETC.X.debug.o
                idloc                            200000   200000       20        0       5
                config                           300000   300000       24        0       4
                smallconst                         2600     2600       BC     1300       0
                ivt0x8                                8        8       12        4       0
                text160                            7BE4     7BE4        2     3ABC       0
                text159                            7BE2     7BE2        2     3ABC       0
                text158                            7BE0     7BE0        2     3ABC       0
                text157                            7BDE     7BDE        2     3ABC       0
                text156                            7BDC     7BDC        2     3ABC       0
                text155                            7BDA     7BDA        2     3ABC       0
                text154                            7BD8     7BD8        2     3ABC       0
                text153                            4F18     4F18      156     135E       0
                text152                            786E     786E       1E     3ABC       0
                text151                            795C     795C       18     3ABC       0
                text150                            71C8     71C8       5A     135E       0
                text149                            43D2     43D2      240     135E       0
                text148                            5C98     5C98       EC     135E       0
                text147                            7222     7222       52     135E       0
                text146                            6388     6388       CA     135E       0
                text145                            7352     7352       44     135E       0
                text144                            4838     4838      1EE     135E       0
                text143                            7BB0     7BB0        6     3ABC       0
                text142                            7754     7754       2C     3ABC       0
                text141                            7BD6     7BD6        2     3ABC       0
                text140                            7BD4     7BD4        2     3ABC       0
                text139                            76CE     76CE       2E     3ABC       0
                text138                            75E2     75E2       32     3ABC       0
                text137                            70A8     70A8       68     135E       0
                text136                            79E2     79E2       16     3ABC       0
                text135                            79CC     79CC       16     3ABC       0
                text134                            78FA     78FA       1A     3ABC       0
                text133                            79B6     79B6       16     3ABC       0
                text132                            7BA0     7BA0        A     3ABC       0
                text131                            7944     7944       18     3ABC       0
                text130                            61E6     61E6       D8     135E       0
                text129                            418C     418C      246     135E       0
                text128                            7450     7450       3E     135E       0
                text127                            6ADA     6ADA       94     135E       0
                text126                            7824     7824       28     3ABC       0
                text125                            610E     610E       D8     135E       0
                text124                            7412     7412       3E     135E       0
                text123                            7BD2     7BD2        2     3ABC       0
                text122                            7BD0     7BD0        2     3ABC       0
                text121                            7504     7504       3A     135E       0
                text120                            7BCE     7BCE        2     3ABC       0
                text119                            6514     6514       C0     135E       0
                text118                            6A42     6A42       98     135E       0
                text117                            7BC6     7BC6        4     3ABC       0
                text116                            7AAE     7AAE        C     3ABC       0
                text115                            7AA2     7AA2        C     3ABC       0
                text114                            53CC     53CC      10C     135E       0
                text113                            3290     3290      4C0     135E       0
                text112                            56E6     56E6      106     135E       0
                text111                            6F56     6F56       74     135E       0
                text110                            77AA     77AA       2A     3ABC       0
                text109                            4BDE     4BDE      1B4     135E       0
                text108                            5BAC     5BAC       EC     135E       0
                text107                            7BC2     7BC2        4     3ABC       0
                text106                            7A96     7A96        C     3ABC       0
                text105                            7A8A     7A8A        C     3ABC       0
                text104                            5AC0     5AC0       EC     135E       0
                text103                            6FCA     6FCA       72     135E       0
                text102                            7A34     7A34       12     3ABC       0
                text101                            7BCC     7BCC        2     3ABC       0
                text100                            6036     6036       D8     135E       0
                text99                             76A0     76A0       2E     3ABC       0
                text98                             7578     7578       38     3ABC       0
                text97                             6452     6452       C2     135E       0
                text96                             52BE     52BE      10E     135E       0
                text95                             703C     703C       6C     135E       0
                text94                             62BE     62BE       CA     135E       0
                text93                             6BFE     6BFE       84     135E       0
                text92                             7A20     7A20       14     3ABC       0
                text91                             78C4     78C4       1C     3ABC       0
                text90                             7614     7614       30     3ABC       0
                text89                             7BBE     7BBE        4     3ABC       0
                text88                             7A70     7A70        E     3ABC       0
                text87                             7A62     7A62        E     3ABC       0
                text86                             2DCE     2DCE      4C2     135E       0
                text85                             54D8     54D8      108     135E       0
                text84                             6DF8     6DF8       76     135E       0
                text83                             7728     7728       2C     3ABC       0
                text82                             4A26     4A26      1B8     135E       0
                text81                             58DE     58DE       F2     135E       0
                text80                             6874     6874       9E     135E       0
                text79                             6686     6686       B0     135E       0
                text78                             78A8     78A8       1C     3ABC       0
                text77                             7BAA     7BAA        6     3ABC       0
                text76                             73D4     73D4       3E     135E       0
                text75                             7A7E     7A7E        C     3ABC       0
                text74                             506E     506E      130     135E       0
                text73                             748E     748E       3C     135E       0
                text72                             7BBA     7BBA        4     3ABC       0
                text71                             7A54     7A54        E     3ABC       0
                text70                             7A46     7A46        E     3ABC       0
                text69                             57EC     57EC       F2     135E       0
                text68                             519E     519E      120     135E       0
                text67                             6B6E     6B6E       90     135E       0
                text66                             792C     792C       18     3ABC       0
                text65                             79A0     79A0       16     3ABC       0
                text64                             798A     798A       16     3ABC       0
                text63                             78E0     78E0       1A     3ABC       0
                text62                             7974     7974       16     3ABC       0
                text61                             7B96     7B96        A     3ABC       0
                text60                             788C     788C       1C     3ABC       0
                text59                             5E6C     5E6C       E8     135E       0
                text58                             716C     716C       5C     135E       0
                text57                             3F3C     3F3C      250     135E       0
                text56                             730C     730C       46     135E       0
                text55                             67D6     67D6       9E     135E       0
                text54                             75B0     75B0       32     3ABC       0
                text53                             5F54     5F54       E2     135E       0
                text52                             5D84     5D84       E8     135E       0
                text51                             3BA0     3BA0      39C     135E       0
                text50                             55E0     55E0      106     135E       0
                text49                             3750     3750      450     135E       0
                text48                             74CA     74CA       3A     135E       0
                text47                             72C4     72C4       48     135E       0
                text46                             26BC     26BC      712     135E       0
                text45                             4D92     4D92      186     135E       0
                text44                             65D4     65D4       B2     135E       0
                text43                             7396     7396       3E     135E       0
                text42                             7B8C     7B8C        A     3ABC       0
                text41                             7B82     7B82        A     3ABC       0
                text40                             7B78     7B78        A     3ABC       0
                text39                             7B6E     7B6E        A     3ABC       0
                text38                             7B64     7B64        A     3ABC       0
                text37                             7B5A     7B5A        A     3ABC       0
                text36                             4612     4612      226     135E       0
                text35                             7A0C     7A0C       14     3ABC       0
                text34                             7B50     7B50        A     3ABC       0
                text33                             7B46     7B46        A     3ABC       0
                text32                             7B3C     7B3C        A     3ABC       0
                text31                             7B32     7B32        A     3ABC       0
                text30                             7B28     7B28        A     3ABC       0
                text29                             7B1E     7B1E        A     3ABC       0
                text28                             7B14     7B14        A     3ABC       0
                text27                             6D7E     6D7E       7A     135E       0
                text26                             69AA     69AA       98     135E       0
                text25                             7B0A     7B0A        A     3ABC       0
                text24                             7780     7780       2A     3ABC       0
                text23                             784C     784C       22     3ABC       0
                text22                             7672     7672       2E     3ABC       0
                text21                             79F8     79F8       14     3ABC       0
                text20                             7110     7110       5C     135E       0
                text19                             76FC     76FC       2C     3ABC       0
                text18                             7BB6     7BB6        4     3ABC       0
                text17                             7914     7914       18     3ABC       0
                text16                             6D00     6D00       7E     135E       0
                text15                             77FC     77FC       28     3ABC       0
                text14                             7B00     7B00        A     3ABC       0
                text13                             7AF6     7AF6        A     3ABC       0
                text12                             7AEC     7AEC        A     3ABC       0
                text11                             6EE2     6EE2       74     135E       0
                text10                             7AE2     7AE2        A     3ABC       0
                text9                              7AD8     7AD8        A     3ABC       0
                text8                              7ACE     7ACE        A     3ABC       0
                text7                              6E6E     6E6E       74     135E       0
                text6                              7AC4     7AC4        A     3ABC       0
                text5                              77D4     77D4       28     3ABC       0
                text4                              7ABA     7ABA        A     3ABC       0
                text3                              7274     7274       50     135E       0
                text2                              7644     7644       2E     3ABC       0
                text1                              59D0     59D0       F0     135E       0
                text0                              6912     6912       98     135E       0
                cstackCOMRAM                        501      501       38      501       1
                cstackBANK5                         560      560       9C      560       1
                dataBANK7                           700      700       7E      700       1
                dataBANK6                           6AC      6AC       39      600       1
                bssBANK6                            600      600       AC      600       1
                dataBANK5                           5FC      5FC        2      560       1
                bssBANK5                            5FE      5FE        1      560       1
                dataCOMRAM                          55F      55F        1      501       1
                bssCOMRAM                           539      539       26      501       1
                cinit                              6736     6736       A0     135E       0
                nvBANK6                             6E5      6E5       18      600       1
                idataBANK7                         6C82     6C82       7E     135E       0
                idataBANK6                         753E     753E       39     135E       0
                idataBANK5                         7BCA     7BCA        2     3ABC       0
                idataCOMRAM                        7BE6     7BE6        1     3ABC       0

TOTAL           Name                               Link     Load   Length     Space
        CLASS   STACK          

        CLASS   CODE           
                init                                 1A       1A        4         0
                reset_vec                             0        0        4         0
                ivt0x8                                8        8       12         0
                text160                            7BE4     7BE4        2         0
                text159                            7BE2     7BE2        2         0
                text158                            7BE0     7BE0        2         0
                text157                            7BDE     7BDE        2         0
                text156                            7BDC     7BDC        2         0
                text155                            7BDA     7BDA        2         0
                text154                            7BD8     7BD8        2         0
                text153                            4F18     4F18      156         0
                text152                            786E     786E       1E         0
                text151                            795C     795C       18         0
                text150                            71C8     71C8       5A         0
                text149                            43D2     43D2      240         0
                text148                            5C98     5C98       EC         0
                text147                            7222     7222       52         0
                text146                            6388     6388       CA         0
                text145                            7352     7352       44         0
                text144                            4838     4838      1EE         0
                text143                            7BB0     7BB0        6         0
                text142                            7754     7754       2C         0
                text141                            7BD6     7BD6        2         0
                text140                            7BD4     7BD4        2         0
                text139                            76CE     76CE       2E         0
                text138                            75E2     75E2       32         0
                text137                            70A8     70A8       68         0
                text136                            79E2     79E2       16         0
                text135                            79CC     79CC       16         0
                text134                            78FA     78FA       1A         0
                text133                            79B6     79B6       16         0
                text132                            7BA0     7BA0        A         0
                text131                            7944     7944       18         0
                text130                            61E6     61E6       D8         0
                text129                            418C     418C      246         0
                text128                            7450     7450       3E         0
                text127                            6ADA     6ADA       94         0
                text126                            7824     7824       28         0
                text125                            610E     610E       D8         0
                text124                            7412     7412       3E         0
                text123                            7BD2     7BD2        2         0
                text122                            7BD0     7BD0        2         0
                text121                            7504     7504       3A         0
                text120                            7BCE     7BCE        2         0
                text119                            6514     6514       C0         0
                text118                            6A42     6A42       98         0
                text117                            7BC6     7BC6        4         0
                text116                            7AAE     7AAE        C         0
                text115                            7AA2     7AA2        C         0
                text114                            53CC     53CC      10C         0
                text113                            3290     3290      4C0         0
                text112                            56E6     56E6      106         0
                text111                            6F56     6F56       74         0
                text110                            77AA     77AA       2A         0
                text109                            4BDE     4BDE      1B4         0
                text108                            5BAC     5BAC       EC         0
                text107                            7BC2     7BC2        4         0
                text106                            7A96     7A96        C         0
                text105                            7A8A     7A8A        C         0
                text104                            5AC0     5AC0       EC         0
                text103                            6FCA     6FCA       72         0
                text102                            7A34     7A34       12         0
                text101                            7BCC     7BCC        2         0
                text100                            6036     6036       D8         0
                text99                             76A0     76A0       2E         0
                text98                             7578     7578       38         0
                text97                             6452     6452       C2         0
                text96                             52BE     52BE      10E         0
                text95                             703C     703C       6C         0
                text94                             62BE     62BE       CA         0
                text93                             6BFE     6BFE       84         0
                text92                             7A20     7A20       14         0
                text91                             78C4     78C4       1C         0
                text90                             7614     7614       30         0
                text89                             7BBE     7BBE        4         0
                text88                             7A70     7A70        E         0
                text87                             7A62     7A62        E         0
                text86                             2DCE     2DCE      4C2         0
                text85                             54D8     54D8      108         0
                text84                             6DF8     6DF8       76         0
                text83                             7728     7728       2C         0
                text82                             4A26     4A26      1B8         0
                text81                             58DE     58DE       F2         0
                text80                             6874     6874       9E         0
                text79                             6686     6686       B0         0
                text78                             78A8     78A8       1C         0
                text77                             7BAA     7BAA        6         0
                text76                             73D4     73D4       3E         0
                text75                             7A7E     7A7E        C         0
                text74                             506E     506E      130         0
                text73                             748E     748E       3C         0
                text72                             7BBA     7BBA        4         0
                text71                             7A54     7A54        E         0
                text70                             7A46     7A46        E         0
                text69                             57EC     57EC       F2         0
                text68                             519E     519E      120         0
                text67                             6B6E     6B6E       90         0
                text66                             792C     792C       18         0
                text65                             79A0     79A0       16         0
                text64                             798A     798A       16         0
                text63                             78E0     78E0       1A         0
                text62                             7974     7974       16         0
                text61                             7B96     7B96        A         0
                text60                             788C     788C       1C         0
                text59                             5E6C     5E6C       E8         0
                text58                             716C     716C       5C         0
                text57                             3F3C     3F3C      250         0
                text56                             730C     730C       46         0
                text55                             67D6     67D6       9E         0
                text54                             75B0     75B0       32         0
                text53                             5F54     5F54       E2         0
                text52                             5D84     5D84       E8         0
                text51                             3BA0     3BA0      39C         0
                text50                             55E0     55E0      106         0
                text49                             3750     3750      450         0
                text48                             74CA     74CA       3A         0
                text47                             72C4     72C4       48         0
                text46                             26BC     26BC      712         0
                text45                             4D92     4D92      186         0
                text44                             65D4     65D4       B2         0
                text43                             7396     7396       3E         0
                text42                             7B8C     7B8C        A         0
                text41                             7B82     7B82        A         0
                text40                             7B78     7B78        A         0
                text39                             7B6E     7B6E        A         0
                text38                             7B64     7B64        A         0
                text37                             7B5A     7B5A        A         0
                text36                             4612     4612      226         0
                text35                             7A0C     7A0C       14         0
                text34                             7B50     7B50        A         0
                text33                             7B46     7B46        A         0
                text32                             7B3C     7B3C        A         0
                text31                             7B32     7B32        A         0
                text30                             7B28     7B28        A         0
                text29                             7B1E     7B1E        A         0
                text28                             7B14     7B14        A         0
                text27                             6D7E     6D7E       7A         0
                text26                             69AA     69AA       98         0
                text25                             7B0A     7B0A        A         0
                text24                             7780     7780       2A         0
                text23                             784C     784C       22         0
                text22                             7672     7672       2E         0
                text21                             79F8     79F8       14         0
                text20                             7110     7110       5C         0
                text19                             76FC     76FC       2C         0
                text18                             7BB6     7BB6        4         0
                text17                             7914     7914       18         0
                text16                             6D00     6D00       7E         0
                text15                             77FC     77FC       28         0
                text14                             7B00     7B00        A         0
                text13                             7AF6     7AF6        A         0
                text12                             7AEC     7AEC        A         0
                text11                             6EE2     6EE2       74         0
                text10                             7AE2     7AE2        A         0
                text9                              7AD8     7AD8        A         0
                text8                              7ACE     7ACE        A         0
                text7                              6E6E     6E6E       74         0
                text6                              7AC4     7AC4        A         0
                text5                              77D4     77D4       28         0
                text4                              7ABA     7ABA        A         0
                text3                              7274     7274       50         0
                text2                              7644     7644       2E         0
                text1                              59D0     59D0       F0         0
                text0                              6912     6912       98         0
                cinit                              6736     6736       A0         0
                idataBANK7                         6C82     6C82       7E         0
                idataBANK6                         753E     753E       39         0
                idataBANK5                         7BCA     7BCA        2         0
                idataCOMRAM                        7BE6     7BE6        1         0

        CLASS   CONST          

        CLASS   SMALLCONST     
                smallconst                         2600     2600       BC         0

        CLASS   MEDIUMCONST    

        CLASS   COMRAM         
                cstackCOMRAM                        501      501       38         1
                dataCOMRAM                          55F      55F        1         1
                bssCOMRAM                           539      539       26         1

        CLASS   ABS1           

        CLASS   BIGRAM         

        CLASS   RAM            

        CLASS   BANK5          
                cstackBANK5                         560      560       9C         1
                dataBANK5                           5FC      5FC        2         1
                bssBANK5                            5FE      5FE        1         1

        CLASS   BANK6          
                dataBANK6                           6AC      6AC       39         1
                bssBANK6                            600      600       AC         1
                nvBANK6                             6E5      6E5       18         1

        CLASS   BANK7          
                dataBANK7                           700      700       7E         1

        CLASS   BANK8          

        CLASS   BANK9          

        CLASS   BANK10         

        CLASS   BANK11         

        CLASS   BANK12         

        CLASS   BANK13         

        CLASS   BANK14         

        CLASS   BANK15         

        CLASS   BANK16         

        CLASS   BANK17         

        CLASS   BANK18         

        CLASS   BANK19         

        CLASS   BANK20         

        CLASS   BANK21         

        CLASS   BANK22         

        CLASS   BANK23         

        CLASS   BANK24         

        CLASS   BANK25         

        CLASS   BANK26         

        CLASS   BANK27         

        CLASS   BANK28         

        CLASS   BANK29         

        CLASS   BANK30         

        CLASS   BANK31         

        CLASS   BANK32         

        CLASS   BANK33         

        CLASS   BANK34         

        CLASS   BANK35         

        CLASS   BANK36         

        CLASS   BANK37         

        CLASS   SFR            

        CLASS   CONFIG         
                config                           300000   300000       24         4

        CLASS   IDLOC          
                idloc                            200000   200000       20         5

        CLASS   EEDATA         

        CLASS   FARRAM         



SEGMENTS        Name                           Load    Length   Top    Selector   Space  Class

                reset_vec                      000000  000004  000004         0       0  CODE    
                ivt0x8                         000008  000016  00001E         4       0  CODE    
                cstackCOMRAM                   000501  00005F  000560       501       1  COMRAM  
                cstackBANK5                    000560  00009F  0005FF       560       1  BANK5   
                bssBANK6                       000600  0000FD  0006FD       600       1  BANK6   
                dataBANK7                      000700  00007E  00077E       700       1  BANK7   
                smallconst                     002600  0000BC  0026BC      1300       0  SMALLCON
                text46                         0026BC  004EBB  007577      135E       0  CODE    
                text98                         007578  00066F  007BE7      3ABC       0  CODE    


UNUSED ADDRESS RANGES

        Name                Unused          Largest block    Delta
        BANK10           000A00-000AFF              100
        BANK11           000B00-000BFF              100
        BANK12           000C00-000CFF              100
        BANK13           000D00-000DFF              100
        BANK14           000E00-000EFF              100
        BANK15           000F00-000FFF              100
        BANK16           001000-0010FF              100
        BANK17           001100-0011FF              100
        BANK18           001200-0012FF              100
        BANK19           001300-0013FF              100
        BANK20           001400-0014FF              100
        BANK21           001500-0015FF              100
        BANK22           001600-0016FF              100
        BANK23           001700-0017FF              100
        BANK24           001800-0018FF              100
        BANK25           001900-0019FF              100
        BANK26           001A00-001AFF              100
        BANK27           001B00-001BFF              100
        BANK28           001C00-001CFF              100
        BANK29           001D00-001DFF              100
        BANK30           001E00-001EFF              100
        BANK31           001F00-001FFF              100
        BANK32           002000-0020FF              100
        BANK33           002100-0021FF              100
        BANK34           002200-0022FF              100
        BANK35           002300-0023FF              100
        BANK36           002400-0024FF              100
        BANK37           002500-0025FF              100
        BANK5            0005FF-0005FF                1
        BANK6            0006FD-0006FF                3
        BANK7            00077E-0007FF               82
        BANK8            000800-0008FF              100
        BANK9            000900-0009FF              100
        BIGRAM           0005FF-0005FF                1
                         0006FD-0006FF                3
                         00077E-0025FF             1E82
        CODE             000004-000007                4
                         00001E-0025FF             25E2
                         007577-007577                1
                         007BE7-00FFFF             8419
        CONST            000004-000007                4
                         00001E-0025FF             25E2
                         007577-007577                1
                         007BE7-00FFFF             8419
        EEDATA           380000-3803FF              400
        MEDIUMCONST      007577-007577                1
                         007BE7-00FFFF             8419
        RAM              0005FF-0005FF                1
                         0006FD-0006FF                3
                         00077E-0025FF              100
        SFR              000000-0004FF              100
        SMALLCONST       007577-007577                1
                         007BE7-00FFFF              100
        STACK            00077E-0025FF             1E82

                                  Symbol Table

?_ADC_GetSingleConversion                                     cstackBANK5  000560
?_ANALOG_GetVoltage                                           cstackBANK5  000565
?_ETCPercentCalc                                              cstackBANK5  00057A
?_PIDController_Update                                        cstackBANK5  0005BC
?___aldiv                                                     cstackBANK5  00056C
?___fladd                                                     cstackBANK5  00056E
?___fldiv                                                     cstackBANK5  0005A3
?___flmul                                                     cstackBANK5  00057E
?___flneg                                                     cstackBANK5  00059F
?___flsub                                                     cstackBANK5  000597
?___fltol                                                     cstackBANK5  0005E2
?___lmul                                                      cstackBANK5  000560
?___lwdiv                                                     cstackBANK5  000560
?___wmul                                                      cstackBANK5  000560
?___xxtofl                                                    cstackBANK5  000560
?i2___aldiv                                                   cstackCOMRAM 000501
?i2___fladd                                                   cstackCOMRAM 00050F
?i2___fltol                                                   cstackCOMRAM 00051F
?i2___lwdiv                                                   cstackCOMRAM 000501
?i2___wmul                                                    cstackCOMRAM 000501
?i2___xxtofl                                                  cstackCOMRAM 000501
ADC_GetSingleConversion@channel                               cstackBANK5  000564
ADC_SelectContext@context                                     cstackBANK5  000560
ADC_SetADIInterruptHandler@InterruptHandler                   cstackBANK5  000560
ADC_SetActiveClockTuningInterruptHandler@InterruptHandler     cstackBANK5  000560
ADC_SetContext1ThresholdInterruptHandler@InterruptHandler     cstackBANK5  000560
ADC_SetContext2ThresholdInterruptHandler@InterruptHandler     cstackBANK5  000560
ADC_SetContext3ThresholdInterruptHandler@InterruptHandler     cstackBANK5  000560
ADC_SetContext4ThresholdInterruptHandler@InterruptHandler     cstackBANK5  000560
ANALOG_GetVoltage@ucEntradaAnalogica                          cstackBANK5  000569
ANALOG_GetVoltage@ucFlag                                      cstackBANK5  00056C
ANALOG_GetVoltage@uiValorAnalog                               cstackBANK5  00056A
ANALOG_GetVoltage@uiValorVoltage                              cstackBANK5  00056D
CAN1_OperationModeSet@opMode                                  cstackBANK5  000560
CAN1_OperationModeSet@requestMode                             cstackBANK5  000562
CAN1_OperationModeSet@status                                  cstackBANK5  000561
CAN1_RX_FIFO_ResetInfo@index                                  cstackBANK5  000560
CAN1_Receive@index                                            cstackCOMRAM 000524
CAN1_Receive@rxCanMsg                                         cstackCOMRAM 000521
CAN1_Receive@status                                           cstackCOMRAM 000523
CAN1_ReceivedMessageCountGet@channel                          cstackCOMRAM 000506
CAN1_ReceivedMessageCountGet@fifoDepth                        cstackCOMRAM 000507
CAN1_ReceivedMessageCountGet@fifoHead                         cstackCOMRAM 000509
CAN1_ReceivedMessageCountGet@fifoTail                         cstackCOMRAM 000508
CAN1_ReceivedMessageCountGet@index                            cstackCOMRAM 00050A
CAN1_ReceivedMessageCountGet@numOfMsg                         cstackCOMRAM 000504
CAN1_ReceivedMessageCountGet@rxMsgStatus                      cstackCOMRAM 000505
CAN1_ReceivedMessageCountGet@totalMsgObj                      cstackCOMRAM 000503
CAN1_SetBusErrorInterruptHandler@handler                      cstackBANK5  000560
CAN1_SetBusWakeUpActivityInterruptHandler@handler             cstackBANK5  000560
CAN1_SetFIFO1NotEmptyHandler@handler                          cstackBANK5  000560
CAN1_SetInvalidMessageInterruptHandler@handler                cstackBANK5  000560
CAN1_SetModeChangeInterruptHandler@handler                    cstackBANK5  000560
CAN1_SetRxBufferOverFlowInterruptHandler@handler              cstackBANK5  000560
CAN1_SetSystemErrorInterruptHandler@handler                   cstackBANK5  000560
CAN1_SetTxAttemptInterruptHandler@handler                     cstackBANK5  000560
CAN1_Transmit@fifoChannel                                     cstackBANK5  00057B
CAN1_Transmit@status                                          cstackBANK5  000578
CAN1_Transmit@txCanMsg                                        cstackBANK5  000576
CAN1_Transmit@txFifoObj                                       cstackBANK5  000579
CAN1_TransmitFIFOStatusGet@fifoChannel                        cstackBANK5  000563
CAN1_TransmitFIFOStatusGet@status                             cstackBANK5  000562
CANDisableErrorInterrupt@ucInterruptSet                       cstackBANK5  000560
CANReadMessage@data1                                          cstackCOMRAM 000534
CANReadMessage@data2                                          cstackCOMRAM 000533
CANReadMessage@data3                                          cstackCOMRAM 000530
CANReadMessage@data4                                          cstackCOMRAM 000531
CANReadMessage@data5                                          cstackCOMRAM 000532
CANReadMessage@data6                                          cstackCOMRAM 00052D
CANReadMessage@data7                                          cstackCOMRAM 00052E
CANReadMessage@data8                                          cstackCOMRAM 00052F
CANReadMessage@id                                             cstackCOMRAM 000529
CANWriteMessage@data1                                         cstackBANK5  000581
CANWriteMessage@data2                                         cstackBANK5  000582
CANWriteMessage@data3                                         cstackBANK5  000583
CANWriteMessage@data4                                         cstackBANK5  000584
CANWriteMessage@data5                                         cstackBANK5  000585
CANWriteMessage@data6                                         cstackBANK5  000586
CANWriteMessage@data7                                         cstackBANK5  000587
CANWriteMessage@data8                                         cstackBANK5  000588
CANWriteMessage@dataLength                                    cstackBANK5  000580
CANWriteMessage@id                                            cstackBANK5  00057C
CLUTCH_AnalyseState@ucFDC1                                    cstackCOMRAM 000501
CLUTCH_AnalyseState@ucFDC2                                    cstackCOMRAM 000502
CLUTCH_HighLevelMovements@ucClutchAction                      cstackBANK5  0005FA
CLUTCH_HighLevelMovements@ucIndex                             cstackBANK5  0005FB
CLUTCH_Move@ucMode                                            cstackBANK5  0005F6
CLUTCH_Move@ucTargetMove                                      cstackBANK5  0005F7
ETCModeSelect@ucModeSelect                                    cstackCOMRAM 000503
ETCMove@ucMode                                                cstackBANK5  0005F6
ETCMove@ucTargetMove                                          cstackBANK5  0005F9
ETCPercentCalc@max                                            cstackBANK5  000582
ETCPercentCalc@min                                            cstackBANK5  00057E
ETCPercentCalc@val                                            cstackBANK5  00057A
ETCRulesMotorSupervisor@ucTPSactual                           cstackBANK5  00058A
ETCRulesMotorSupervisor@ucTPStarget                           cstackBANK5  000590
GPIO_PWM1_Control@uiConvertedDC                               cstackBANK5  0005F4
GPIO_PWM1_Control@uiConvertedPeriod                           cstackBANK5  0005F2
GPIO_PWM1_Control@uiDutyCycle                                 cstackBANK5  0005EC
GPIO_PWM1_Control@uiFreq                                      cstackBANK5  0005EE
GPIO_PWM2_Control@uiConvertedDC                               cstackBANK5  0005F4
GPIO_PWM2_Control@uiConvertedPeriod                           cstackBANK5  0005F2
GPIO_PWM2_Control@uiDutyCycle                                 cstackBANK5  0005EC
GPIO_PWM2_Control@uiFreq                                      cstackBANK5  0005EE
GetRxFifoDepth@validChannel                                   cstackCOMRAM 000502
GetRxFifoStatus@validChannel                                  cstackCOMRAM 000501
GetTxFifoStatus@validChannel                                  cstackBANK5  000560
IVTBASEH                                                      (abs)        00045E
IVTBASEL                                                      (abs)        00045D
IVTBASEU                                                      (abs)        00045F
PIDController_Init@pid                                        cstackBANK5  000560
PIDController_Update@error                                    cstackBANK5  0005DE
PIDController_Update@measurement                              cstackBANK5  0005C2
PIDController_Update@pid                                      cstackBANK5  0005BC
PIDController_Update@proportional                             cstackBANK5  0005C6
PIDController_Update@setpoint                                 cstackBANK5  0005BE
PWM1_16BIT_Period_SetInterruptHandler@InterruptHandler        cstackBANK5  000560
PWM1_16BIT_SetSlice1Output1DutyCycleRegister@registerValue    cstackBANK5  000560
PWM1_16BIT_Slice1Output1_SetInterruptHandler@InterruptHandler cstackBANK5  000560
PWM1_16BIT_Slice1Output2_SetInterruptHandler@InterruptHandler cstackBANK5  000560
PWM1_16BIT_WritePeriodRegister@periodCount                    cstackBANK5  000560
PWM2_16BIT_Period_SetInterruptHandler@InterruptHandler        cstackBANK5  000560
PWM2_16BIT_SetSlice1Output1DutyCycleRegister@registerValue    cstackBANK5  000560
PWM2_16BIT_Slice1Output1_SetInterruptHandler@InterruptHandler cstackBANK5  000560
PWM2_16BIT_Slice1Output2_SetInterruptHandler@InterruptHandler cstackBANK5  000560
PWM2_16BIT_WritePeriodRegister@periodCount                    cstackBANK5  000560
ReadMessageFromFifo@msgId                                     cstackCOMRAM 000512
ReadMessageFromFifo@rxCanMsg                                  cstackCOMRAM 00050E
ReadMessageFromFifo@rxFifoObj                                 cstackCOMRAM 00050C
ReadMessageFromFifo@status                                    cstackCOMRAM 000516
Receive@channel                                               cstackCOMRAM 000517
Receive@index                                                 cstackCOMRAM 000520
Receive@rxCanMsg                                              cstackCOMRAM 000518
Receive@rxFifoObj                                             cstackCOMRAM 00051D
Receive@rxMsgStatus                                           cstackCOMRAM 00051F
Receive@status                                                cstackCOMRAM 00051C
TMR0_ISR@CountCallBack                                        bssBANK6     00065C
TMR0_SetInterruptHandler@InterruptHandler                     cstackBANK5  000560
TMR1_ISR@CountCallBack                                        bssBANK6     000656
TMR1_SetInterruptHandler@InterruptHandler                     cstackBANK5  000560
TMR1_WriteTimer@timerVal                                      cstackCOMRAM 000501
ValidateTransmission@field                                    cstackBANK5  000568
ValidateTransmission@txCanMsg                                 cstackBANK5  000561
ValidateTransmission@txMsgStatus                              cstackBANK5  000567
ValidateTransmission@validChannel                             cstackBANK5  000566
WriteMessageToFifo@msgId                                      cstackBANK5  000572
WriteMessageToFifo@status                                     cstackBANK5  000571
WriteMessageToFifo@txCanMsg                                   cstackBANK5  00056D
WriteMessageToFifo@txFifoObj                                  cstackBANK5  00056B
_ADACCH                                                       (abs)        0003E4
_ADACCL                                                       (abs)        0003E3
_ADACCU                                                       (abs)        0003E5
_ADACQH                                                       (abs)        0003EF
_ADACQL                                                       (abs)        0003EE
_ADACT                                                        (abs)        0003F9
_ADACTPPS                                                     (abs)        000269
_ADCAP                                                        (abs)        0003F0
_ADCLK                                                        (abs)        0003FA
_ADCNT                                                        (abs)        0003E6
_ADCON0                                                       (abs)        0003F3
_ADCON0bits                                                   (abs)        0003F3
_ADCON1                                                       (abs)        0003F4
_ADCON1bits                                                   (abs)        0003F4
_ADCON2                                                       (abs)        0003F5
_ADCON2bits                                                   (abs)        0003F5
_ADCON3                                                       (abs)        0003F6
_ADCON3bits                                                   (abs)        0003F6
_ADCP                                                         (abs)        0003D8
_ADCPbits                                                     (abs)        0003D8
_ADCSEL1                                                      (abs)        0003FC
_ADCSEL1bits                                                  (abs)        0003FC
_ADCSEL2                                                      (abs)        0003FD
_ADCSEL2bits                                                  (abs)        0003FD
_ADCSEL3                                                      (abs)        0003FE
_ADCSEL3bits                                                  (abs)        0003FE
_ADCSEL4                                                      (abs)        0003FF
_ADCSEL4bits                                                  (abs)        0003FF
_ADCTX                                                        (abs)        0003FB
_ADC_ActiveClockTuning_ISR                                    nvBANK6      0006EB
_ADC_Context1Thereshld_ISR                                    nvBANK6      0006F3
_ADC_Context2Thereshld_ISR                                    nvBANK6      0006F1
_ADC_Context3Thereshld_ISR                                    nvBANK6      0006EF
_ADC_Context4Thereshld_ISR                                    nvBANK6      0006ED
_ADC_ConversionComplete_ISR                                   nvBANK6      0006F5
_ADC_DefaultADI_ISR                                           (abs)        000000
_ADC_DefaultActiveClockTuning_ISR                             (abs)        000000
_ADC_DefaultContext1Threshold_ISR                             (abs)        000000
_ADC_DefaultContext2Threshold_ISR                             (abs)        000000
_ADC_DefaultContext3Threshold_ISR                             (abs)        000000
_ADC_DefaultContext4Threshold_ISR                             (abs)        000000
_ADC_DisableChannelSequencer                                  text77       007BAA
_ADC_GetSingleConversion                                      text76       0073D4
_ADC_Initialize                                               text36       004612
_ADC_SelectContext                                            text75       007A7E
_ADC_SetADIInterruptHandler                                   text42       007B8C
_ADC_SetActiveClockTuningInterruptHandler                     text41       007B82
_ADC_SetContext1ThresholdInterruptHandler                     text40       007B78
_ADC_SetContext2ThresholdInterruptHandler                     text39       007B6E
_ADC_SetContext3ThresholdInterruptHandler                     text38       007B64
_ADC_SetContext4ThresholdInterruptHandler                     text37       007B5A
_ADERRH                                                       (abs)        0003DE
_ADERRL                                                       (abs)        0003DD
_ADFLTRH                                                      (abs)        0003E2
_ADFLTRL                                                      (abs)        0003E1
_ADLTHH                                                       (abs)        0003DA
_ADLTHL                                                       (abs)        0003D9
_ADPCH                                                        (abs)        0003EC
_ADPREH                                                       (abs)        0003F2
_ADPREL                                                       (abs)        0003F1
_ADPREVH                                                      (abs)        0003E9
_ADPREVL                                                      (abs)        0003E8
_ADREF                                                        (abs)        0003F8
_ADRESH                                                       (abs)        0003EB
_ADRESL                                                       (abs)        0003EA
_ADRPT                                                        (abs)        0003E7
_ADSTAT                                                       (abs)        0003F7
_ADSTATbits                                                   (abs)        0003F7
_ADSTPTH                                                      (abs)        0003E0
_ADSTPTL                                                      (abs)        0003DF
_ADUTHH                                                       (abs)        0003DC
_ADUTHL                                                       (abs)        0003DB
_ANALOGRead                                                   text73       00748E
_ANALOG_GetVoltage                                            text74       00506E
_ANSELA                                                       (abs)        000400
_ANSELB                                                       (abs)        000408
_ANSELC                                                       (abs)        000410
_APPSAnalysis                                                 text93       006BFE
_APPSReadmax                                                  text92       007A20
_APPSReadmin                                                  text91       0078C4
_C1CONH                                                       (abs)        000101
_C1CONHbits                                                   (abs)        000101
_C1CONL                                                       (abs)        000100
_C1CONTbits                                                   (abs)        000103
_C1CONU                                                       (abs)        000102
_C1CONUbits                                                   (abs)        000102
_C1FIFOBA                                                     (abs)        00014C
_C1FIFOCON1H                                                  (abs)        00015D
_C1FIFOCON1L                                                  (abs)        00015C
_C1FIFOCON1T                                                  (abs)        00015F
_C1FIFOCON1U                                                  (abs)        00015E
_C1FIFOSTA1Lbits                                              (abs)        000160
_C1FLTCON0H                                                   (abs)        000181
_C1FLTOBJ1H                                                   (abs)        000195
_C1FLTOBJ1L                                                   (abs)        000194
_C1FLTOBJ1T                                                   (abs)        000197
_C1FLTOBJ1U                                                   (abs)        000196
_C1INTH                                                       (abs)        00011D
_C1INTHbits                                                   (abs)        00011D
_C1INTL                                                       (abs)        00011C
_C1INTLbits                                                   (abs)        00011C
_C1INTT                                                       (abs)        00011F
_C1INTTbits                                                   (abs)        00011F
_C1INTU                                                       (abs)        00011E
_C1INTUbits                                                   (abs)        00011E
_C1MASK1H                                                     (abs)        000199
_C1MASK1L                                                     (abs)        000198
_C1MASK1T                                                     (abs)        00019B
_C1MASK1U                                                     (abs)        00019A
_C1NBTCFGH                                                    (abs)        000105
_C1NBTCFGL                                                    (abs)        000104
_C1NBTCFGT                                                    (abs)        000107
_C1NBTCFGU                                                    (abs)        000106
_C1TRECUbits                                                  (abs)        000136
_C1TXQCONH                                                    (abs)        000151
_C1TXQCONL                                                    (abs)        000150
_C1TXQCONT                                                    (abs)        000153
_C1TXQCONU                                                    (abs)        000152
_C1TXQSTALbits                                                (abs)        000154
_CAN1_BitRateConfiguration                                    text35       007A0C
_CAN1_BusErrorHandler                                         bssBANK6     00066C
_CAN1_BusWakeUpActivityHandler                                bssBANK6     00066E
_CAN1_ErrorNotificationInterruptEnable                        text27       006D7E
_CAN1_FIFO1NotEmptyHandler                                    bssBANK6     000672
_CAN1_ISR                                                     text153      004F18
_CAN1_Initialize                                              text20       007110
_CAN1_InvalidMessageHandler                                   bssBANK6     000670
_CAN1_IsBusOff                                                text65       0079A0
_CAN1_IsTxErrorActive                                         text63       0078E0
_CAN1_IsTxErrorPassive                                        text64       00798A
_CAN1_IsTxErrorWarning                                        text62       007974
_CAN1_ModeChangeHandler                                       bssBANK6     00066A
_CAN1_OperationModeGet                                        text61       007B96
_CAN1_OperationModeSet                                        text26       0069AA
_CAN1_RXI_ISR                                                 text142      007754
_CAN1_RX_FIFO_Configuration                                   text24       007780
_CAN1_RX_FIFO_FilterMaskConfiguration                         text23       00784C
_CAN1_RX_FIFO_ResetInfo                                       text22       007672
_CAN1_Receive                                                 text147      007222
_CAN1_ReceivedMessageCountGet                                 text146      006388
_CAN1_RxBufferOverflowHandler                                 bssBANK6     000664
_CAN1_SetBusErrorInterruptHandler                             text34       007B50
_CAN1_SetBusWakeUpActivityInterruptHandler                    text33       007B46
_CAN1_SetFIFO1NotEmptyHandler                                 text25       007B0A
_CAN1_SetInvalidMessageInterruptHandler                       text32       007B3C
_CAN1_SetModeChangeInterruptHandler                           text31       007B32
_CAN1_SetRxBufferOverFlowInterruptHandler                     text30       007B28
_CAN1_SetSystemErrorInterruptHandler                          text29       007B1E
_CAN1_SetTxAttemptInterruptHandler                            text28       007B14
_CAN1_SystemErrorHandler                                      bssBANK6     000668
_CAN1_TX_FIFO_Configuration                                   text21       0079F8
_CAN1_Transmit                                                text55       0067D6
_CAN1_TransmitFIFOStatusGet                                   text54       0075B0
_CAN1_TxAttemptHandler                                        bssBANK6     000666
_CANDATAdata                                                  bssBANK6     000696
_CANDisableErrorInterrupt                                     text90       007614
_CANRXPPS                                                     (abs)        00023D
_CANReadMessage                                               text144      004838
_CANWriteMessage                                              text53       005F54
_CLUTCH_AnalyseState                                          text119      006514
_CLUTCH_HighLevelMovements                                    text79       006686
_CLUTCH_Init                                                  text78       0078A8
_CLUTCH_Move                                                  text80       006874
_DLC_BYTES                                                    smallconst   002627
_DefaultBusErrorHandler                                       text160      007BE4
_DefaultBusWakeUpActivityHandler                              text159      007BE2
_DefaultFIFO1NotEmptyHandler                                  text143      007BB0
_DefaultInvalidMessageHandler                                 text158      007BE0
_DefaultModeChangeHandler                                     text157      007BDE
_DefaultRxBufferOverflowHandler                               text156      007BDC
_DefaultSystemErrorHandler                                    text155      007BDA
_DefaultTxAttemptHandler                                      text154      007BD8
_ETC100msSupervisor                                           text137      0070A8
_ETC500msSupervisor                                           text118      006A42
_ETCCalibrate                                                 text68       00519E
_ETCInit                                                      text66       00792C
_ETCModeSelect                                                text145      007352
_ETCMove                                                      text45       004D92
_ETCMove$5532                                                 cstackBANK5  0005F7
_ETCPercentCalc                                               text94       0062BE
_ETCRulesMotorSupervisor                                      text52       005D84
_ETCRulesSensorsSupervision                                   text44       0065D4
_ETCXavierSupervisor                                          text103      006FCA
_GPIOInit                                                     text43       007396
_GPIO_PWM1_Control                                            text81       0058DE
_GPIO_PWM2_Control                                            text69       0057EC
_GetRxFifoDepth                                               text152      00786E
_GetRxFifoStatus                                              text151      00795C
_GetTxFifoStatus                                              text60       00788C
_I2C1BAUD                                                     (abs)        00029D
_I2C1CLK                                                      (abs)        00029E
_I2C1CNTH                                                     (abs)        00028D
_I2C1CNTL                                                     (abs)        00028C
_I2C1CON0                                                     (abs)        000294
_I2C1CON0bits                                                 (abs)        000294
_I2C1CON1                                                     (abs)        000295
_I2C1CON1bits                                                 (abs)        000295
_I2C1CON2                                                     (abs)        000296
_I2C1ERR                                                      (abs)        000297
_I2C1ERRbits                                                  (abs)        000297
_I2C1PIE                                                      (abs)        00029B
_I2C1PIEbits                                                  (abs)        00029B
_I2C1PIR                                                      (abs)        00029A
_I2C1PIRbits                                                  (abs)        00029A
_I2C1RXB                                                      (abs)        00028A
_I2C1SCLPPS                                                   (abs)        000271
_I2C1SDAPPS                                                   (abs)        000270
_I2C1STAT1bits                                                (abs)        000299
_I2C1TXB                                                      (abs)        00028B
_I2C1_CallbackReturnReset                                     (abs)        000000
_I2C1_CallbackReturnStop                                      (abs)        000000
_I2C1_DO_ADDRESS_NACK                                         (abs)        000000
_I2C1_DO_BUS_COLLISION                                        (abs)        000000
_I2C1_DO_BUS_ERROR                                            (abs)        000000
_I2C1_DO_IDLE                                                 (abs)        000000
_I2C1_DO_RESET                                                (abs)        000000
_I2C1_DO_RX                                                   (abs)        000000
_I2C1_DO_RX_ACK                                               (abs)        000000
_I2C1_DO_RX_EMPTY                                             (abs)        000000
_I2C1_DO_RX_NACK_RESTART                                      (abs)        000000
_I2C1_DO_RX_NACK_STOP                                         (abs)        000000
_I2C1_DO_SEND_ADR_READ                                        (abs)        000000
_I2C1_DO_SEND_ADR_WRITE                                       (abs)        000000
_I2C1_DO_SEND_RESTART                                         (abs)        000000
_I2C1_DO_SEND_RESTART_READ                                    (abs)        000000
_I2C1_DO_SEND_RESTART_WRITE                                   (abs)        000000
_I2C1_DO_SEND_STOP                                            (abs)        000000
_I2C1_DO_TX                                                   (abs)        000000
_I2C1_DO_TX_ACK                                               (abs)        000000
_I2C1_DO_TX_EMPTY                                             (abs)        000000
_I2C1_Initialize                                              text19       0076FC
_I2C1_Status                                                  bssBANK6     000600
_INLVLA                                                       (abs)        000404
_INLVLB                                                       (abs)        00040C
_INLVLC                                                       (abs)        000414
_INLVLE                                                       (abs)        000424
_INTCON0bits                                                  (abs)        0004D6
_INTERRUPT_Initialize                                         text18       007BB6
_INTERRUPT_InterruptManager                                   text97       006452
_LATA                                                         (abs)        0004BE
_LATAbits                                                     (abs)        0004BE
_LATB                                                         (abs)        0004BF
_LATBbits                                                     (abs)        0004BF
_LATC                                                         (abs)        0004C0
_LATCbits                                                     (abs)        0004C0
_ODCONA                                                       (abs)        000402
_ODCONB                                                       (abs)        00040A
_ODCONC                                                       (abs)        000412
_OSCCON1                                                      (abs)        0000AD
_OSCCON3                                                      (abs)        0000AF
_OSCEN                                                        (abs)        0000B3
_OSCFRQ                                                       (abs)        0000B1
_OSCILLATOR_Initialize                                        text17       007914
_OSCTUNE                                                      (abs)        0000B0
_PIDController_Init                                           text67       006B6E
_PIDController_Update                                         text46       0026BC
_PIDController_Update$5533                                    cstackBANK5  0005D6
_PIDController_Update$5534                                    cstackBANK5  0005DA
_PIDController_Update$5535                                    cstackBANK5  0005CA
_PIDController_Update$5536                                    cstackBANK5  0005CE
_PIDController_Update$5537                                    cstackBANK5  0005D2
_PIE0bits                                                     (abs)        00049E
_PIE3bits                                                     (abs)        0004A1
_PIE4bits                                                     (abs)        0004A2
_PIE5bits                                                     (abs)        0004A3
_PIE7bits                                                     (abs)        0004A5
_PIN_MANAGER_Initialize                                       text16       006D00
_PIR0bits                                                     (abs)        0004AE
_PIR1bits                                                     (abs)        0004AF
_PIR2bits                                                     (abs)        0004B0
_PIR3bits                                                     (abs)        0004B1
_PIR4bits                                                     (abs)        0004B2
_PIR5bits                                                     (abs)        0004B3
_PIR7bits                                                     (abs)        0004B5
_PMD0                                                         (abs)        000060
_PMD1                                                         (abs)        000061
_PMD2                                                         (abs)        000062
_PMD3                                                         (abs)        000063
_PMD4                                                         (abs)        000064
_PMD5                                                         (abs)        000065
_PMD6                                                         (abs)        000066
_PMD7                                                         (abs)        000067
_PMD8                                                         (abs)        000068
_PMD_Initialize                                               text15       0077FC
_PORTAbits                                                    (abs)        0004CE
_PORTBbits                                                    (abs)        0004CF
_PWM1CLK                                                      (abs)        000461
_PWM1CON                                                      (abs)        000469
_PWM1CONbits                                                  (abs)        000469
_PWM1CPRE                                                     (abs)        000465
_PWM1ERS                                                      (abs)        000460
_PWM1GIE                                                      (abs)        000468
_PWM1GIEbits                                                  (abs)        000468
_PWM1GIR                                                      (abs)        000467
_PWM1GIRbits                                                  (abs)        000467
_PWM1LDS                                                      (abs)        000462
_PWM1PIPOS                                                    (abs)        000466
_PWM1PRH                                                      (abs)        000464
_PWM1PRL                                                      (abs)        000463
_PWM1S1CFG                                                    (abs)        00046A
_PWM1S1P1H                                                    (abs)        00046C
_PWM1S1P1L                                                    (abs)        00046B
_PWM1S1P2H                                                    (abs)        00046E
_PWM1S1P2L                                                    (abs)        00046D
_PWM1_16BIT_Initialize                                        text11       006EE2
_PWM1_16BIT_LoadBufferRegisters                               text89       007BBE
_PWM1_16BIT_Period_DefaultInterruptHandler                    (abs)        000000
_PWM1_16BIT_Period_InterruptHandler                           bssBANK6     00065E
_PWM1_16BIT_Period_SetInterruptHandler                        text14       007B00
_PWM1_16BIT_SetSlice1Output1DutyCycleRegister                 text88       007A70
_PWM1_16BIT_Slice1Output1_DefaultInterruptHandler             (abs)        000000
_PWM1_16BIT_Slice1Output1_InterruptHandler                    bssBANK6     000662
_PWM1_16BIT_Slice1Output1_SetInterruptHandler                 text13       007AF6
_PWM1_16BIT_Slice1Output2_DefaultInterruptHandler             (abs)        000000
_PWM1_16BIT_Slice1Output2_InterruptHandler                    bssBANK6     000660
_PWM1_16BIT_Slice1Output2_SetInterruptHandler                 text12       007AEC
_PWM1_16BIT_WritePeriodRegister                               text87       007A62
_PWM2CLK                                                      (abs)        000470
_PWM2CON                                                      (abs)        000478
_PWM2CONbits                                                  (abs)        000478
_PWM2CPRE                                                     (abs)        000474
_PWM2ERS                                                      (abs)        00046F
_PWM2GIE                                                      (abs)        000477
_PWM2GIEbits                                                  (abs)        000477
_PWM2GIR                                                      (abs)        000476
_PWM2GIRbits                                                  (abs)        000476
_PWM2LDS                                                      (abs)        000471
_PWM2PIPOS                                                    (abs)        000475
_PWM2PRH                                                      (abs)        000473
_PWM2PRL                                                      (abs)        000472
_PWM2S1CFG                                                    (abs)        000479
_PWM2S1P1H                                                    (abs)        00047B
_PWM2S1P1L                                                    (abs)        00047A
_PWM2S1P2H                                                    (abs)        00047D
_PWM2S1P2L                                                    (abs)        00047C
_PWM2_16BIT_Initialize                                        text7        006E6E
_PWM2_16BIT_LoadBufferRegisters                               text72       007BBA
[...]
i2GPIO_PWM2_Control@uiFreq                                    cstackCOMRAM 00052B
i2GetTxFifoStatus@validChannel                                cstackCOMRAM 000501
i2PWM1_16BIT_SetSlice1Output1DutyCycleRegister@registerValue  cstackCOMRAM 000501
i2PWM1_16BIT_WritePeriodRegister@periodCount                  cstackCOMRAM 000501
i2PWM2_16BIT_SetSlice1Output1DutyCycleRegister@registerValue  cstackCOMRAM 000501
i2PWM2_16BIT_WritePeriodRegister@periodCount                  cstackCOMRAM 000501
i2ValidateTransmission@field                                  cstackCOMRAM 000509
i2ValidateTransmission@txCanMsg                               cstackCOMRAM 000502
i2ValidateTransmission@txMsgStatus                            cstackCOMRAM 000508
i2ValidateTransmission@validChannel                           cstackCOMRAM 000507
i2WriteMessageToFifo@msgId                                    cstackCOMRAM 000513
i2WriteMessageToFifo@status                                   cstackCOMRAM 000512
i2WriteMessageToFifo@txCanMsg                                 cstackCOMRAM 00050E
i2WriteMessageToFifo@txFifoObj                                cstackCOMRAM 00050C
i2_CAN1_IsBusOff                                              text136      0079E2
i2_CAN1_IsTxErrorActive                                       text134      0078FA
i2_CAN1_IsTxErrorPassive                                      text135      0079CC
i2_CAN1_IsTxErrorWarning                                      text133      0079B6
i2_CAN1_OperationModeGet                                      text132      007BA0
i2_CAN1_Transmit                                              text127      006ADA
i2_CAN1_TransmitFIFOStatusGet                                 text126      007824
i2_CANWriteMessage                                            text125      00610E
i2_GPIO_PWM1_Control                                          text108      005BAC
i2_GPIO_PWM2_Control                                          text104      005AC0
i2_GetTxFifoStatus                                            text131      007944
i2_PWM1_16BIT_LoadBufferRegisters                             text117      007BC6
i2_PWM1_16BIT_SetSlice1Output1DutyCycleRegister               text116      007AAE
i2_PWM1_16BIT_WritePeriodRegister                             text115      007AA2
i2_PWM2_16BIT_LoadBufferRegisters                             text107      007BC2
i2_PWM2_16BIT_SetSlice1Output1DutyCycleRegister               text106      007A96
i2_PWM2_16BIT_WritePeriodRegister                             text105      007A8A
i2_ValidateTransmission                                       text130      0061E6
i2_WriteMessageToFifo                                         text129      00418C
i2___aldiv                                                    text114      0053CC
i2___aldiv@counter                                            cstackCOMRAM 000509
i2___aldiv@dividend                                           cstackCOMRAM 000501
i2___aldiv@divisor                                            cstackCOMRAM 000505
i2___aldiv@quotient                                           cstackCOMRAM 00050B
i2___aldiv@sign                                               cstackCOMRAM 00050A
i2___fladd                                                    text113      003290
i2___fladd@a                                                  cstackCOMRAM 000513
i2___fladd@aexp                                               cstackCOMRAM 00051C
i2___fladd@b                                                  cstackCOMRAM 00050F
i2___fladd@bexp                                               cstackCOMRAM 00051D
i2___fladd@grs                                                cstackCOMRAM 00051E
i2___fladd@signs                                              cstackCOMRAM 00051B
i2___fltol                                                    text112      0056E6
i2___fltol@exp1                                               cstackCOMRAM 000528
i2___fltol@f1                                                 cstackCOMRAM 00051F
i2___fltol@sign1                                              cstackCOMRAM 000527
i2___lwdiv                                                    text111      006F56
i2___lwdiv@counter                                            cstackCOMRAM 000507
i2___lwdiv@dividend                                           cstackCOMRAM 000501
i2___lwdiv@divisor                                            cstackCOMRAM 000503
i2___lwdiv@quotient                                           cstackCOMRAM 000505
i2___wmul                                                     text110      0077AA
i2___wmul@multiplicand                                        cstackCOMRAM 000503
i2___wmul@multiplier                                          cstackCOMRAM 000501
i2___wmul@product                                             cstackCOMRAM 000505
i2___xxtofl                                                   text109      004BDE
i2___xxtofl@arg                                               cstackCOMRAM 00050B
i2___xxtofl@exp                                               cstackCOMRAM 00050A
i2___xxtofl@sign                                              cstackCOMRAM 000509
i2___xxtofl@val                                               cstackCOMRAM 000501
i2_isTxChannel                                                text128      007450
i2_isTxChannel$985                                            cstackCOMRAM 000501
i2_memcpy                                                     text150      0071C8
i2isTxChannel@channel                                         cstackCOMRAM 000502
i2memcpy@d                                                    cstackCOMRAM 000507
i2memcpy@d1                                                   cstackCOMRAM 000501
i2memcpy@n                                                    cstackCOMRAM 000505
i2memcpy@s                                                    cstackCOMRAM 000509
i2memcpy@s1                                                   cstackCOMRAM 000503
i2memcpy@tmp                                                  cstackCOMRAM 00050B
intlevel0                                                     text         000000
intlevel1                                                     text         000000
intlevel2                                                     text         000000
intlevel3                                                     text         000000
isTxChannel@channel                                           cstackBANK5  000561
isa$std                                                       (abs)        000001
isa$xinst                                                     (abs)        000000
ivt0x8_base                                                   ivt0x8       000008
memcpy@d                                                      cstackBANK5  000566
memcpy@d1                                                     cstackBANK5  000560
memcpy@n                                                      cstackBANK5  000564
memcpy@s                                                      cstackBANK5  000568
memcpy@s1                                                     cstackBANK5  000562
memcpy@tmp                                                    cstackBANK5  00056A
stackhi                                                       (abs)        0025FF
stacklo                                                       (abs)        00077E
start                                                         init         00001A
start_initialization                                          cinit        006736


MODULE INFORMATION

Module		Function		Class		Link	Load	Size
MESSAGES.C
		_CANWriteMessage		CODE           	5F54	0000	226
		_CANReadMessage		CODE           	4838	0000	494
		_CANDisableErrorInterrupt		CODE           	7614	0000	48

MESSAGES.C estimated size: 768

mcc_generated_files/can1.c
		_ReadMessageFromFifo		CODE           	43D2	0000	576
		_ValidateTransmission		CODE           	5E6C	0000	232
		_CAN1_IsTxErrorPassive		CODE           	798A	0000	22
		_DefaultFIFO1NotEmptyHandler		CODE           	7BB0	0000	6
		_CAN1_BitRateConfiguration		CODE           	7A0C	0000	20
		_CAN1_SetTxAttemptInterruptHandler		CODE           	7B14	0000	10
		_Receive       		CODE           	5C98	0000	236
		_CAN1_SetInvalidMessageInterruptHandler		CODE           	7B3C	0000	10
		_CAN1_TX_FIFO_Configuration		CODE           	79F8	0000	20
		_GetRxFifoDepth		CODE           	786E	0000	30
		_CAN1_ISR      		CODE           	4F18	0000	342
		_DefaultBusErrorHandler		CODE           	7BE4	0000	2
		_CAN1_OperationModeGet		CODE           	7B96	0000	10
		_CAN1_IsBusOff 		CODE           	79A0	0000	22
		_CAN1_Initialize		CODE           	7110	0000	92
		_DefaultInvalidMessageHandler		CODE           	7BE0	0000	2
		_CAN1_SetFIFO1NotEmptyHandler		CODE           	7B0A	0000	10
		_DefaultBusWakeUpActivityHandler		CODE           	7BE2	0000	2
		_CAN1_TransmitFIFOStatusGet		CODE           	75B0	0000	50
		_CAN1_Transmit 		CODE           	67D6	0000	158
		_CAN1_RX_FIFO_FilterMaskConfiguration		CODE           	784C	0000	34
		_CAN1_RX_FIFO_Configuration		CODE           	7780	0000	42
		_CAN1_IsTxErrorActive		CODE           	78E0	0000	26
		_GetRxFifoStatus		CODE           	795C	0000	24
		_CAN1_ReceivedMessageCountGet		CODE           	6388	0000	202
		_CAN1_SetBusErrorInterruptHandler		CODE           	7B50	0000	10
		_CAN1_SetSystemErrorInterruptHandler		CODE           	7B1E	0000	10
		_DefaultSystemErrorHandler		CODE           	7BDA	0000	2
		_CAN1_IsTxErrorWarning		CODE           	7974	0000	22
		_isTxChannel   		CODE           	730C	0000	70
		_GetTxFifoStatus		CODE           	788C	0000	28
		_WriteMessageToFifo		CODE           	3F3C	0000	592
		_DefaultRxBufferOverflowHandler		CODE           	7BDC	0000	2
		_CAN1_ErrorNotificationInterruptEnable		CODE           	6D7E	0000	122
		_CAN1_SetBusWakeUpActivityInterruptHandler		CODE           	7B46	0000	10
		_CAN1_Receive  		CODE           	7222	0000	82
		_CAN1_SetRxBufferOverFlowInterruptHandler		CODE           	7B28	0000	10
		_CAN1_RX_FIFO_ResetInfo		CODE           	7672	0000	46
		_CAN1_OperationModeSet		CODE           	69AA	0000	152
		_CAN1_SetModeChangeInterruptHandler		CODE           	7B32	0000	10
		_CAN1_RXI_ISR  		CODE           	7754	0000	44
		_DefaultTxAttemptHandler		CODE           	7BD8	0000	2
		_DefaultModeChangeHandler		CODE           	7BDE	0000	2

mcc_generated_files/can1.c estimated size: 3396

C:\Program Files\Microchip\xc8\v2.32\pic\sources\c99\common\sprcadd.c
		___flsub       		CODE           	72C4	0000	72
		___fladd       		CODE           	2DCE	0000	1218

C:\Program Files\Microchip\xc8\v2.32\pic\sources\c99\common\sprcadd.c estimated size: 1290

C:\Program Files\Microchip\xc8\v2.32\pic\sources\c99\common\aldiv.c
		___aldiv       		CODE           	52BE	0000	270

C:\Program Files\Microchip\xc8\v2.32\pic\sources\c99\common\aldiv.c estimated size: 270

C:\Program Files\Microchip\xc8\v2.32\pic\sources\c99\common\flneg.c
		___flneg       		CODE           	74CA	0000	58

C:\Program Files\Microchip\xc8\v2.32\pic\sources\c99\common\flneg.c estimated size: 58

mcc_generated_files/pwm2_16bit.c
		_PWM2_16BIT_WritePeriodRegister		CODE           	7A46	0000	14
		_PWM2_16BIT_Period_SetInterruptHandler		CODE           	7AE2	0000	10
		_PWM2_16BIT_Slice1Output1_SetInterruptHandler		CODE           	7AD8	0000	10
		_PWM2_16BIT_Slice1Output2_SetInterruptHandler		CODE           	7ACE	0000	10
		_PWM2_16BIT_Initialize		CODE           	6E6E	0000	116
		_PWM2_16BIT_LoadBufferRegisters		CODE           	7BBA	0000	4
		_PWM2_16BIT_SetSlice1Output1DutyCycleRegister		CODE           	7A54	0000	14

mcc_generated_files/pwm2_16bit.c estimated size: 178

TEMPORIZATIONS.c
		_TEMPORIZATION_1mins		CODE           	7BD0	0000	2
		_TEMPORIZATION_100ms		CODE           	7412	0000	62
		_TEMPORIZATION_500ms		CODE           	7A34	0000	18
		_TEMPORIZATION_10s		CODE           	7BD2	0000	2
		_TEMPORIZATION_30s		CODE           	7BCE	0000	2
		_TEMPORIZATION_1s		CODE           	7504	0000	58
		_TEMPORIZATION_10ms		CODE           	7BD6	0000	2

TEMPORIZATIONS.c estimated size: 146

mcc_generated_files/i2c1_master.c
		_I2C1_Initialize		CODE           	76FC	0000	44

mcc_generated_files/i2c1_master.c estimated size: 44

mcc_generated_files/interrupt_manager.c
		_INTERRUPT_Initialize		CODE           	7BB6	0000	4
		_INTERRUPT_InterruptManager		CODE           	6452	0000	194

mcc_generated_files/interrupt_manager.c estimated size: 198

mcc_generated_files/tmr0.c
		_TMR0_SetInterruptHandler		CODE           	7AC4	0000	10
		_TMR0_DefaultInterruptHandler		CODE           	7BD4	0000	2
		_TMR0_CallBack 		CODE           	76CE	0000	46
		_TMR0_ISR      		CODE           	75E2	0000	50
		_TMR0_Initialize		CODE           	77D4	0000	40

mcc_generated_files/tmr0.c estimated size: 148

mcc_generated_files/pin_manager.c
		_PIN_MANAGER_Initialize		CODE           	6D00	0000	126

mcc_generated_files/pin_manager.c estimated size: 126

C:\Program Files\Microchip\xc8\v2.32\pic\sources\c99\common\memcpy.c
		_memcpy        		CODE           	716C	0000	92

C:\Program Files\Microchip\xc8\v2.32\pic\sources\c99\common\memcpy.c estimated size: 92

mcc_generated_files/adc.c
		_ADC_SelectContext		CODE           	7A7E	0000	12
		_ADC_Initialize		CODE           	4612	0000	550
		_ADC_DisableChannelSequencer		CODE           	7BAA	0000	6
		_ADC_GetSingleConversion		CODE           	73D4	0000	62
		_ADC_SetActiveClockTuningInterruptHandler		CODE           	7B82	0000	10
		_ADC_SetADIInterruptHandler		CODE           	7B8C	0000	10
		_ADC_SetContext1ThresholdInterruptHandler		CODE           	7B78	0000	10
		_ADC_SetContext2ThresholdInterruptHandler		CODE           	7B6E	0000	10
		_ADC_SetContext3ThresholdInterruptHandler		CODE           	7B64	0000	10
		_ADC_SetContext4ThresholdInterruptHandler		CODE           	7B5A	0000	10

mcc_generated_files/adc.c estimated size: 690

C:\Program Files\Microchip\xc8\v2.32\pic\sources\c99\common\Umul16.c
		___wmul        		CODE           	7728	0000	44

C:\Program Files\Microchip\xc8\v2.32\pic\sources\c99\common\Umul16.c estimated size: 44

mcc_generated_files/pwm1_16bit.c
		_PWM1_16BIT_Period_SetInterruptHandler		CODE           	7B00	0000	10
		_PWM1_16BIT_Slice1Output1_SetInterruptHandler		CODE           	7AF6	0000	10
		_PWM1_16BIT_Slice1Output2_SetInterruptHandler		CODE           	7AEC	0000	10
		_PWM1_16BIT_Initialize		CODE           	6EE2	0000	116
		_PWM1_16BIT_LoadBufferRegisters		CODE           	7BBE	0000	4
		_PWM1_16BIT_SetSlice1Output1DutyCycleRegister		CODE           	7A70	0000	14
		_PWM1_16BIT_WritePeriodRegister		CODE           	7A62	0000	14

mcc_generated_files/pwm1_16bit.c estimated size: 178

shared
		i2_isTxChannel 		CODE           	7450	0000	62
		i2_CANWriteMessage		CODE           	610E	0000	216
		i2_CAN1_IsTxErrorWarning		CODE           	79B6	0000	22
		i2_GPIO_PWM1_Control		CODE           	5BAC	0000	236
		i2_GPIO_PWM2_Control		CODE           	5AC0	0000	236
		_FIFO          		SMALLCONST     	0000	0000	0
		_DLC_BYTES     		SMALLCONST     	2627	0000	9
		i2___lwdiv     		CODE           	6F56	0000	116
		i2_GetTxFifoStatus		CODE           	7944	0000	24
		i2_CAN1_IsBusOff		CODE           	79E2	0000	22
		i2_PWM1_16BIT_LoadBufferRegisters		CODE           	7BC6	0000	4
		i2_PWM2_16BIT_WritePeriodRegister		CODE           	7A8A	0000	12
		i2___fladd     		CODE           	3290	0000	1216
		i2_CAN1_Transmit		CODE           	6ADA	0000	148
		i2___wmul      		CODE           	77AA	0000	42
		i2___fltol     		CODE           	56E6	0000	262
		__initialization		CODE           	6736	0000	154
		i2___aldiv     		CODE           	53CC	0000	268
		i2_PWM1_16BIT_SetSlice1Output1DutyCycleRegister		CODE           	7AAE	0000	12
		_i2c1_fsmStateTable		SMALLCONST     	2601	0000	38
		i2_PWM2_16BIT_LoadBufferRegisters		CODE           	7BC2	0000	4
		i2___xxtofl    		CODE           	4BDE	0000	436
		i2_WriteMessageToFifo		CODE           	418C	0000	582
		i2_CAN1_TransmitFIFOStatusGet		CODE           	7824	0000	40
		i2_CAN1_IsTxErrorActive		CODE           	78FA	0000	26
		i2_ValidateTransmission		CODE           	61E6	0000	216
		i2_CAN1_IsTxErrorPassive		CODE           	79CC	0000	22
		i2_memcpy      		CODE           	71C8	0000	90
		i2_CAN1_OperationModeGet		CODE           	7BA0	0000	10
		i2_PWM2_16BIT_SetSlice1Output1DutyCycleRegister		CODE           	7A96	0000	12
		i2_PWM1_16BIT_WritePeriodRegister		CODE           	7AA2	0000	12

shared estimated size: 4549

C:\Program Files\Microchip\xc8\v2.32\pic\sources\c99\common\sprcmul.c
		___flmul       		CODE           	3750	0000	1104

C:\Program Files\Microchip\xc8\v2.32\pic\sources\c99\common\sprcmul.c estimated size: 1104

mcc_generated_files/mcc.c
		_PMD_Initialize		CODE           	77FC	0000	40
		_OSCILLATOR_Initialize		CODE           	7914	0000	24
		_SYSTEM_Initialize		CODE           	7644	0000	46

mcc_generated_files/mcc.c estimated size: 110

C:\Program Files\Microchip\xc8\v2.32\pic\sources\c99\common\sprcdiv.c
		___fldiv       		CODE           	3BA0	0000	924

C:\Program Files\Microchip\xc8\v2.32\pic\sources\c99\common\sprcdiv.c estimated size: 924

ETC.c
		_ETCModeSelect 		CODE           	7352	0000	68
		_ETCXavierSupervisor		CODE           	6FCA	0000	114
		_ETCMove       		CODE           	4D92	0000	390
		_ETC100msSupervisor		CODE           	70A8	0000	104
		_ETCPercentCalc		CODE           	62BE	0000	202
		_ETCCalibrate  		CODE           	519E	0000	288
		_TPSAnalysis   		CODE           	59D0	0000	240
		_ETCRulesMotorSupervisor		CODE           	5D84	0000	232
		_PIDController_Init		CODE           	6B6E	0000	144
		_ETCInit       		CODE           	792C	0000	24
		_ETC500msSupervisor		CODE           	6A42	0000	152
		_APPSReadmin   		CODE           	78C4	0000	28
		_APPSReadmax   		CODE           	7A20	0000	20
		_ETCRulesSensorsSupervision		CODE           	65D4	0000	178
		_PIDController_Update		CODE           	26BC	0000	1810
		_APPSAnalysis  		CODE           	6BFE	0000	132

ETC.c estimated size: 4126

GPIO.c
		_GPIOInit      		CODE           	7396	0000	62
		_GPIO_PWM1_Control		CODE           	58DE	0000	242
		_GPIO_PWM2_Control		CODE           	57EC	0000	242

GPIO.c estimated size: 546

mcc_generated_files/tmr1.c
		_TMR1_Initialize		CODE           	7274	0000	80
		_TMR1_SetInterruptHandler		CODE           	7ABA	0000	10
		_TMR1_DefaultInterruptHandler		CODE           	7BCC	0000	2
		_TMR1_CallBack 		CODE           	6036	0000	216
		_TMR1_WriteTimer		CODE           	76A0	0000	46
		_TMR1_ISR      		CODE           	7578	0000	56

mcc_generated_files/tmr1.c estimated size: 410

C:\Program Files\Microchip\xc8\v2.32\pic\sources\c99\common\lwdiv.c
		___lwdiv       		CODE           	6DF8	0000	118

C:\Program Files\Microchip\xc8\v2.32\pic\sources\c99\common\lwdiv.c estimated size: 118

C:\Program Files\Microchip\xc8\v2.32\pic\sources\c99\common\Umul32.c
		___lmul        		CODE           	703C	0000	108

C:\Program Files\Microchip\xc8\v2.32\pic\sources\c99\common\Umul32.c estimated size: 108

C:\Program Files\Microchip\xc8\v2.32\pic\sources\c99\common\fltol.c
		___fltol       		CODE           	54D8	0000	264

C:\Program Files\Microchip\xc8\v2.32\pic\sources\c99\common\fltol.c estimated size: 264

C:\Program Files\Microchip\xc8\v2.32\pic\sources\c99\common\xxtofl.c
		___xxtofl      		CODE           	4A26	0000	440

C:\Program Files\Microchip\xc8\v2.32\pic\sources\c99\common\xxtofl.c estimated size: 440

ANALOG.c
		_ANALOGRead    		CODE           	748E	0000	60
		_ANALOG_GetVoltage		CODE           	506E	0000	304

ANALOG.c estimated size: 364

main.c
		_main          		CODE           	6912	0000	152

main.c estimated size: 152

CLUTCH.c
		_CLUTCH_HighLevelMovements		CODE           	6686	0000	176
		_CLUTCH_AnalyseState		CODE           	6514	0000	192
		_CLUTCH_Move   		CODE           	6874	0000	158
		_CLUTCH_Init   		CODE           	78A8	0000	28

CLUTCH.c estimated size: 554

C:\Program Files\Microchip\xc8\v2.32\pic\sources\c99\common\flge.c
		___flge        		CODE           	55E0	0000	262

C:\Program Files\Microchip\xc8\v2.32\pic\sources\c99\common\flge.c estimated size: 262

