Microchip MPLAB XC8 Compiler V2.32

Linker command line:

-W-3 --edf=C:\Program Files\Microchip\xc8\v2.32\pic\dat\en_msgs.txt \
  -pivt0x8=08h -cn -h+dist/default/production\ETC.X.production.sym \
  --cmf=dist/default/production\ETC.X.production.cmf -z -Q18F26Q84 \
  -oC:\Users\ruben\AppData\Local\Temp\xcAsna8.4 --defsym=__MPLAB_BUILD=1 \
  -Mdist/default/production/ETC.X.production.map -E1 -ver=XC8 Compiler \
  --acfsm=1493 -ASTACK=0678h-025FFh -pstack=STACK -ACODE=00h-0FFFFh \
  -ACONST=00h-0FFFFh -ASMALLCONST=02600h-026FFhx218 \
  -AMEDIUMCONST=02600h-0FFFFh -ACOMRAM=0501h-055Fh -AABS1=0500h-025FFh \
  -ABIGRAM=0501h-025FFh -ARAM=0560h-05FFh,0600h-06FFhx32 \
  -ABANK5=0560h-05FFh -ABANK6=0600h-06FFh -ABANK7=0700h-07FFh \
  -ABANK8=0800h-08FFh -ABANK9=0900h-09FFh -ABANK10=0A00h-0AFFh \
  -ABANK11=0B00h-0BFFh -ABANK12=0C00h-0CFFh -ABANK13=0D00h-0DFFh \
  -ABANK14=0E00h-0EFFh -ABANK15=0F00h-0FFFh -ABANK16=01000h-010FFh \
  -ABANK17=01100h-011FFh -ABANK18=01200h-012FFh -ABANK19=01300h-013FFh \
  -ABANK20=01400h-014FFh -ABANK21=01500h-015FFh -ABANK22=01600h-016FFh \
  -ABANK23=01700h-017FFh -ABANK24=01800h-018FFh -ABANK25=01900h-019FFh \
  -ABANK26=01A00h-01AFFh -ABANK27=01B00h-01BFFh -ABANK28=01C00h-01CFFh \
  -ABANK29=01D00h-01DFFh -ABANK30=01E00h-01EFFh -ABANK31=01F00h-01FFFh \
  -ABANK32=02000h-020FFh -ABANK33=02100h-021FFh -ABANK34=02200h-022FFh \
  -ABANK35=02300h-023FFh -ABANK36=02400h-024FFh -ABANK37=02500h-025FFh \
  -ASFR=00h-0FFhx4,0400h-045Fh,0460h-04FFh -ACONFIG=0300000h-0300023h \
  -AIDLOC=0200000h-020001Fh -AEEDATA=0380000h-03803FFh -peeprom_data=EEDATA \
  -preset_vec=00h -ppowerup=CODE,init -pramtop=02600h \
  -psmallconst=SMALLCONST -pmediumconst=MEDIUMCONST -pconst=CONST \
  -AFARRAM=00h-00h \
  -prdata=COMRAM,nvrram=COMRAM,nvbit=COMRAM,rbss=COMRAM,rbit=COMRAM \
  -pfarbss=FARRAM,fardata=FARRAM,nvFARRAM=FARRAM \
  -pintsave_regs=BIGRAM,bigbss=BIGRAM,bigdata=BIGRAM -pbss=RAM \
  -pidata=CODE,irdata=CODE,ibigdata=CODE,ifardata=CODE -prparam=COMRAM \
  C:\Users\ruben\AppData\Local\Temp\xcAsna8.o \
  dist/default/production\ETC.X.production.o 

Object code version is 3.11

Machine type is 18F26Q84



                Name                               Link     Load   Length Selector   Space Scale
C:\Users\ruben\AppData\Local\Temp\xcAsna8.o
                idloc                            200000   200000       20        0       5
                config                           300000   300000       24        0       4
                init                                 1A       1A        4        4       0
                reset_vec                             0        0        4        0       0
dist/default/production\ETC.X.production.o
                idloc                            200000   200000       20        0       5
                config                           300000   300000       24        0       4
                smallconst                         2600     2600       BC     1300       0
                ivt0x8                                8        8       12        4       0
                text136                            66FE     66FE        2     135E       0
                text135                            66FC     66FC        2     135E       0
                text134                            66FA     66FA        2     135E       0
                text133                            66F8     66F8        2     135E       0
                text132                            66F6     66F6        2     135E       0
                text131                            66F4     66F4        2     135E       0
                text130                            66F2     66F2        2     135E       0
                text129                            43EE     43EE      156     135E       0
                text128                            6468     6468       1E     135E       0
                text127                            64BA     64BA       18     135E       0
                text126                            5F30     5F30       5A     135E       0
                text125                            33B2     33B2      240     135E       0
                text124                            518C     518C       EC     135E       0
                text123                            5FDE     5FDE       52     135E       0
                text122                            541E     541E       CA     135E       0
                text121                            6078     6078       44     135E       0
                text120                            66DE     66DE        4     135E       0
                text119                            65C0     65C0        C     135E       0
                text118                            65B4     65B4        C     135E       0
                text117                            49C4     49C4      10C     135E       0
                text116                            2B7E     2B7E      4C0     135E       0
                text115                            4BD8     4BD8      106     135E       0
                text114                            5D30     5D30       74     135E       0
                text113                            63AE     63AE       2A     135E       0
                text112                            423A     423A      1B4     135E       0
                text111                            50A0     50A0       EC     135E       0
                text110                            59CE     59CE       98     135E       0
                text109                            66DA     66DA        4     135E       0
                text108                            65A8     65A8        C     135E       0
                text107                            659C     659C        C     135E       0
                text106                            4FB4     4FB4       EC     135E       0
                text105                            5672     5672       C4     135E       0
                text104                            5E10     5E10       6A     135E       0
                text103                            3C62     3C62      21A     135E       0
                text102                            3A40     3A40      222     135E       0
                text101                            66C8     66C8        6     135E       0
                text100                            6358     6358       2C     135E       0
                text99                             66F0     66F0        2     135E       0
                text98                             66EE     66EE        2     135E       0
                text97                             62D2     62D2       2E     135E       0
                text96                             6216     6216       32     135E       0
                text95                             57F8     57F8       A4     135E       0
                text94                             3E7C     3E7C      206     135E       0
                text93                             303E     303E      374     135E       0
                text92                             66C2     66C2        6     135E       0
                text91                             61E4     61E4       32     135E       0
                text90                             66B2     66B2        A     135E       0
                text89                             4674     4674      12A     135E       0
                text88                             6172     6172       3A     135E       0
                text87                             6582     6582        E     135E       0
                text86                             66EC     66EC        2     135E       0
                text85                             66EA     66EA        2     135E       0
                text84                             66E8     66E8        2     135E       0
                text83                             66E6     66E6        2     135E       0
                text82                             5CBC     5CBC       74     135E       0
                text81                             5354     5354       CA     135E       0
                text80                             653A     653A       10     135E       0
                text79                             66E4     66E4        2     135E       0
                text78                             5278     5278       DC     135E       0
                text77                             62A4     62A4       2E     135E       0
                text76                             61AC     61AC       38     135E       0
                text75                             5736     5736       C2     135E       0
                text74                             6526     6526       14     135E       0
                text73                             6486     6486       1C     135E       0
                text72                             55AE     55AE       C4     135E       0
                text71                             66D6     66D6        4     135E       0
                text70                             6574     6574        E     135E       0
                text69                             6566     6566        E     135E       0
                text68                             48B6     48B6      10E     135E       0
                text67                             26BC     26BC      4C2     135E       0
                text66                             4AD0     4AD0      108     135E       0
                text65                             5B5E     5B5E       76     135E       0
                text64                             632C     632C       2C     135E       0
                text63                             4082     4082      1B8     135E       0
                text62                             4EC2     4EC2       F2     135E       0
                text61                             589C     589C       9A     135E       0
                text60                             4DD0     4DD0       F2     135E       0
                text59                             644A     644A       1E     135E       0
                text58                             66D2     66D2        4     135E       0
                text57                             6558     6558        E     135E       0
                text56                             654A     654A        E     135E       0
                text55                             4CDE     4CDE       F2     135E       0
                text54                             66BC     66BC        6     135E       0
                text53                             60FA     60FA       3E     135E       0
                text52                             6590     6590        C     135E       0
                text51                             4544     4544      130     135E       0
                text50                             6138     6138       3A     135E       0
                text49                             64E8     64E8       16     135E       0
                text48                             64D2     64D2       16     135E       0
                text47                             479E     479E      118     135E       0
                text46                             54E8     54E8       C6     135E       0
                text45                             5DA4     5DA4       6C     135E       0
                text44                             35F2     35F2      228     135E       0
                text43                             60BC     60BC       3E     135E       0
                text42                             66A8     66A8        A     135E       0
                text41                             669E     669E        A     135E       0
                text40                             6694     6694        A     135E       0
                text39                             668A     668A        A     135E       0
                text38                             6680     6680        A     135E       0
                text37                             6676     6676        A     135E       0
                text36                             381A     381A      226     135E       0
                text35                             6512     6512       14     135E       0
                text34                             666C     666C        A     135E       0
                text33                             6662     6662        A     135E       0
                text32                             6658     6658        A     135E       0
                text31                             664E     664E        A     135E       0
                text30                             6644     6644        A     135E       0
                text29                             663A     663A        A     135E       0
                text28                             6630     6630        A     135E       0
                text27                             5AE4     5AE4       7A     135E       0
                text26                             6626     6626        A     135E       0
                text25                             5936     5936       98     135E       0
                text24                             661C     661C        A     135E       0
                text23                             6384     6384       2A     135E       0
                text22                             6428     6428       22     135E       0
                text21                             6276     6276       2E     135E       0
                text20                             64FE     64FE       14     135E       0
                text19                             5E7A     5E7A       5C     135E       0
                text18                             6300     6300       2C     135E       0
                text17                             66CE     66CE        4     135E       0
                text16                             64A2     64A2       18     135E       0
                text15                             5A66     5A66       7E     135E       0
                text14                             6400     6400       28     135E       0
                text13                             6612     6612        A     135E       0
                text12                             6608     6608        A     135E       0
                text11                             65FE     65FE        A     135E       0
                text10                             5C48     5C48       74     135E       0
                text9                              65F4     65F4        A     135E       0
                text8                              65EA     65EA        A     135E       0
                text7                              65E0     65E0        A     135E       0
                text6                              5BD4     5BD4       74     135E       0
                text5                              65D6     65D6        A     135E       0
                text4                              63D8     63D8       28     135E       0
                text3                              65CC     65CC        A     135E       0
                text2                              6030     6030       48     135E       0
                text1                              6248     6248       2E     135E       0
                text0                              5ED6     5ED6       5A     135E       0
                cstackCOMRAM                        501      501       50      501       1
                cstackBANK5                         5BF      5BF       3D      560       1
                bssBANK6                            600      600       62      600       1
                dataBANK5                           5FE      5FE        2      560       1
                bssBANK5                            560      560       5F      560       1
                bssCOMRAM                           551      551        F      501       1
                cinit                              5F8A     5F8A       54     135E       0
                nvBANK6                             662      662       16      600       1
                nvBANK5                             5FC      5FC        2      560       1
                idataBANK5                         66E2     66E2        2     135E       0

TOTAL           Name                               Link     Load   Length     Space
        CLASS   STACK          

        CLASS   CODE           
                init                                 1A       1A        4         0
                reset_vec                             0        0        4         0
                ivt0x8                                8        8       12         0
                text136                            66FE     66FE        2         0
                text135                            66FC     66FC        2         0
                text134                            66FA     66FA        2         0
                text133                            66F8     66F8        2         0
                text132                            66F6     66F6        2         0
                text131                            66F4     66F4        2         0
                text130                            66F2     66F2        2         0
                text129                            43EE     43EE      156         0
                text128                            6468     6468       1E         0
                text127                            64BA     64BA       18         0
                text126                            5F30     5F30       5A         0
                text125                            33B2     33B2      240         0
                text124                            518C     518C       EC         0
                text123                            5FDE     5FDE       52         0
                text122                            541E     541E       CA         0
                text121                            6078     6078       44         0
                text120                            66DE     66DE        4         0
                text119                            65C0     65C0        C         0
                text118                            65B4     65B4        C         0
                text117                            49C4     49C4      10C         0
                text116                            2B7E     2B7E      4C0         0
                text115                            4BD8     4BD8      106         0
                text114                            5D30     5D30       74         0
                text113                            63AE     63AE       2A         0
                text112                            423A     423A      1B4         0
                text111                            50A0     50A0       EC         0
                text110                            59CE     59CE       98         0
                text109                            66DA     66DA        4         0
                text108                            65A8     65A8        C         0
                text107                            659C     659C        C         0
                text106                            4FB4     4FB4       EC         0
                text105                            5672     5672       C4         0
                text104                            5E10     5E10       6A         0
                text103                            3C62     3C62      21A         0
                text102                            3A40     3A40      222         0
                text101                            66C8     66C8        6         0
                text100                            6358     6358       2C         0
                text99                             66F0     66F0        2         0
                text98                             66EE     66EE        2         0
                text97                             62D2     62D2       2E         0
                text96                             6216     6216       32         0
                text95                             57F8     57F8       A4         0
                text94                             3E7C     3E7C      206         0
                text93                             303E     303E      374         0
                text92                             66C2     66C2        6         0
                text91                             61E4     61E4       32         0
                text90                             66B2     66B2        A         0
                text89                             4674     4674      12A         0
                text88                             6172     6172       3A         0
                text87                             6582     6582        E         0
                text86                             66EC     66EC        2         0
                text85                             66EA     66EA        2         0
                text84                             66E8     66E8        2         0
                text83                             66E6     66E6        2         0
                text82                             5CBC     5CBC       74         0
                text81                             5354     5354       CA         0
                text80                             653A     653A       10         0
                text79                             66E4     66E4        2         0
                text78                             5278     5278       DC         0
                text77                             62A4     62A4       2E         0
                text76                             61AC     61AC       38         0
                text75                             5736     5736       C2         0
                text74                             6526     6526       14         0
                text73                             6486     6486       1C         0
                text72                             55AE     55AE       C4         0
                text71                             66D6     66D6        4         0
                text70                             6574     6574        E         0
                text69                             6566     6566        E         0
                text68                             48B6     48B6      10E         0
                text67                             26BC     26BC      4C2         0
                text66                             4AD0     4AD0      108         0
                text65                             5B5E     5B5E       76         0
                text64                             632C     632C       2C         0
                text63                             4082     4082      1B8         0
                text62                             4EC2     4EC2       F2         0
                text61                             589C     589C       9A         0
                text60                             4DD0     4DD0       F2         0
                text59                             644A     644A       1E         0
                text58                             66D2     66D2        4         0
                text57                             6558     6558        E         0
                text56                             654A     654A        E         0
                text55                             4CDE     4CDE       F2         0
                text54                             66BC     66BC        6         0
                text53                             60FA     60FA       3E         0
                text52                             6590     6590        C         0
                text51                             4544     4544      130         0
                text50                             6138     6138       3A         0
                text49                             64E8     64E8       16         0
                text48                             64D2     64D2       16         0
                text47                             479E     479E      118         0
                text46                             54E8     54E8       C6         0
                text45                             5DA4     5DA4       6C         0
                text44                             35F2     35F2      228         0
                text43                             60BC     60BC       3E         0
                text42                             66A8     66A8        A         0
                text41                             669E     669E        A         0
                text40                             6694     6694        A         0
                text39                             668A     668A        A         0
                text38                             6680     6680        A         0
                text37                             6676     6676        A         0
                text36                             381A     381A      226         0
                text35                             6512     6512       14         0
                text34                             666C     666C        A         0
                text33                             6662     6662        A         0
                text32                             6658     6658        A         0
                text31                             664E     664E        A         0
                text30                             6644     6644        A         0
                text29                             663A     663A        A         0
                text28                             6630     6630        A         0
                text27                             5AE4     5AE4       7A         0
                text26                             6626     6626        A         0
                text25                             5936     5936       98         0
                text24                             661C     661C        A         0
                text23                             6384     6384       2A         0
                text22                             6428     6428       22         0
                text21                             6276     6276       2E         0
                text20                             64FE     64FE       14         0
                text19                             5E7A     5E7A       5C         0
                text18                             6300     6300       2C         0
                text17                             66CE     66CE        4         0
                text16                             64A2     64A2       18         0
                text15                             5A66     5A66       7E         0
                text14                             6400     6400       28         0
                text13                             6612     6612        A         0
                text12                             6608     6608        A         0
                text11                             65FE     65FE        A         0
                text10                             5C48     5C48       74         0
                text9                              65F4     65F4        A         0
                text8                              65EA     65EA        A         0
                text7                              65E0     65E0        A         0
                text6                              5BD4     5BD4       74         0
                text5                              65D6     65D6        A         0
                text4                              63D8     63D8       28         0
                text3                              65CC     65CC        A         0
                text2                              6030     6030       48         0
                text1                              6248     6248       2E         0
                text0                              5ED6     5ED6       5A         0
                cinit                              5F8A     5F8A       54         0
                idataBANK5                         66E2     66E2        2         0

        CLASS   CONST          

        CLASS   SMALLCONST     
                smallconst                         2600     2600       BC         0

        CLASS   MEDIUMCONST    

        CLASS   COMRAM         
                cstackCOMRAM                        501      501       50         1
                bssCOMRAM                           551      551        F         1

        CLASS   ABS1           

        CLASS   BIGRAM         

        CLASS   RAM            

        CLASS   BANK5          
                cstackBANK5                         5BF      5BF       3D         1
                dataBANK5                           5FE      5FE        2         1
                bssBANK5                            560      560       5F         1
                nvBANK5                             5FC      5FC        2         1

        CLASS   BANK6          
                bssBANK6                            600      600       62         1
                nvBANK6                             662      662       16         1

        CLASS   BANK7          

        CLASS   BANK8          

        CLASS   BANK9          

        CLASS   BANK10         

        CLASS   BANK11         

        CLASS   BANK12         

        CLASS   BANK13         

        CLASS   BANK14         

        CLASS   BANK15         

        CLASS   BANK16         

        CLASS   BANK17         

        CLASS   BANK18         

        CLASS   BANK19         

        CLASS   BANK20         

        CLASS   BANK21         

        CLASS   BANK22         

        CLASS   BANK23         

        CLASS   BANK24         

        CLASS   BANK25         

        CLASS   BANK26         

        CLASS   BANK27         

        CLASS   BANK28         

        CLASS   BANK29         

        CLASS   BANK30         

        CLASS   BANK31         

        CLASS   BANK32         

        CLASS   BANK33         

        CLASS   BANK34         

        CLASS   BANK35         

        CLASS   BANK36         

        CLASS   BANK37         

        CLASS   SFR            

        CLASS   CONFIG         
                config                           300000   300000       24         4

        CLASS   IDLOC          
                idloc                            200000   200000       20         5

        CLASS   EEDATA         

        CLASS   FARRAM         



SEGMENTS        Name                           Load    Length   Top    Selector   Space  Class

                reset_vec                      000000  000004  000004         0       0  CODE    
                ivt0x8                         000008  000016  00001E         4       0  CODE    
                cstackCOMRAM                   000501  00005F  000560       501       1  COMRAM  
                bssBANK5                       000560  0000A0  000600       560       1  BANK5   
                bssBANK6                       000600  000078  000678       600       1  BANK6   
                smallconst                     002600  0000BC  0026BC      1300       0  SMALLCON
                text67                         0026BC  004044  006700      135E       0  CODE    


UNUSED ADDRESS RANGES

        Name                Unused          Largest block    Delta
        BANK10           000A00-000AFF              100
        BANK11           000B00-000BFF              100
        BANK12           000C00-000CFF              100
        BANK13           000D00-000DFF              100
        BANK14           000E00-000EFF              100
        BANK15           000F00-000FFF              100
        BANK16           001000-0010FF              100
        BANK17           001100-0011FF              100
        BANK18           001200-0012FF              100
        BANK19           001300-0013FF              100
        BANK20           001400-0014FF              100
        BANK21           001500-0015FF              100
        BANK22           001600-0016FF              100
        BANK23           001700-0017FF              100
        BANK24           001800-0018FF              100
        BANK25           001900-0019FF              100
        BANK26           001A00-001AFF              100
        BANK27           001B00-001BFF              100
        BANK28           001C00-001CFF              100
        BANK29           001D00-001DFF              100
        BANK30           001E00-001EFF              100
        BANK31           001F00-001FFF              100
        BANK32           002000-0020FF              100
        BANK33           002100-0021FF              100
        BANK34           002200-0022FF              100
        BANK35           002300-0023FF              100
        BANK36           002400-0024FF              100
        BANK37           002500-0025FF              100
        BANK6            000678-0006FF               88
        BANK7            000700-0007FF              100
        BANK8            000800-0008FF              100
        BANK9            000900-0009FF              100
        BIGRAM           000678-0025FF             1F88
        CODE             000004-000007                4
                         00001E-0025FF             25E2
                         006700-00FFFF             9900
        CONST            000004-000007                4
                         00001E-0025FF             25E2
                         006700-00FFFF             9900
        EEDATA           380000-3803FF              400
        MEDIUMCONST      006700-00FFFF             9900
        RAM              000678-0025FF              100
        SFR              000000-0004FF              100
        SMALLCONST       006700-00FFFF              100
        STACK            000678-0025FF             1F88

                                  Symbol Table

?_ADC_GetSingleConversion                                     cstackBANK5  0005BF
?_ANALOG_GetVoltage                                           cstackBANK5  0005C4
?___aldiv                                                     cstackBANK5  0005CB
?___awdiv                                                     cstackBANK5  0005C5
?___fladd                                                     cstackBANK5  0005CD
?___fltol                                                     cstackBANK5  0005DD
?___lldiv                                                     cstackCOMRAM 000501
?___lmul                                                      cstackBANK5  0005BF
?___lwdiv                                                     cstackBANK5  0005BF
?___wmul                                                      cstackBANK5  0005BF
?___xxtofl                                                    cstackBANK5  0005BF
?i2_ADC_GetSingleConversion                                   cstackCOMRAM 000501
?i2_ANALOG_GetVoltage                                         cstackCOMRAM 000506
?i2___aldiv                                                   cstackCOMRAM 00050D
?i2___awdiv                                                   cstackCOMRAM 000507
?i2___fladd                                                   cstackCOMRAM 00050F
?i2___fltol                                                   cstackCOMRAM 00051F
?i2___lmul                                                    cstackCOMRAM 000501
?i2___lwdiv                                                   cstackCOMRAM 000507
?i2___wmul                                                    cstackCOMRAM 000501
?i2___xxtofl                                                  cstackCOMRAM 000501
ADC_GetSingleConversion@channel                               cstackBANK5  0005C3
ADC_SelectContext@context                                     cstackBANK5  0005BF
ADC_SetADIInterruptHandler@InterruptHandler                   cstackBANK5  0005BF
ADC_SetActiveClockTuningInterruptHandler@InterruptHandler     cstackBANK5  0005BF
ADC_SetContext1ThresholdInterruptHandler@InterruptHandler     cstackBANK5  0005BF
ADC_SetContext2ThresholdInterruptHandler@InterruptHandler     cstackBANK5  0005BF
ADC_SetContext3ThresholdInterruptHandler@InterruptHandler     cstackBANK5  0005BF
ADC_SetContext4ThresholdInterruptHandler@InterruptHandler     cstackBANK5  0005BF
ANALOG_GetVoltage@ucEntradaAnalogica                          cstackBANK5  0005C8
ANALOG_GetVoltage@ucFlag                                      cstackBANK5  0005CB
ANALOG_GetVoltage@uiValorAnalog                               cstackBANK5  0005C9
ANALOG_GetVoltage@uiValorVoltage                              cstackBANK5  0005CC
CAN1_OperationModeSet@opMode                                  cstackBANK5  0005BF
CAN1_OperationModeSet@requestMode                             cstackBANK5  0005C1
CAN1_OperationModeSet@status                                  cstackBANK5  0005C0
CAN1_RX_FIFO_ResetInfo@index                                  cstackBANK5  0005BF
CAN1_Receive@index                                            cstackCOMRAM 000524
CAN1_Receive@rxCanMsg                                         cstackCOMRAM 000521
CAN1_Receive@status                                           cstackCOMRAM 000523
CAN1_ReceivedMessageCountGet@channel                          cstackCOMRAM 000506
CAN1_ReceivedMessageCountGet@fifoDepth                        cstackCOMRAM 000507
CAN1_ReceivedMessageCountGet@fifoHead                         cstackCOMRAM 000509
CAN1_ReceivedMessageCountGet@fifoTail                         cstackCOMRAM 000508
CAN1_ReceivedMessageCountGet@index                            cstackCOMRAM 00050A
CAN1_ReceivedMessageCountGet@numOfMsg                         cstackCOMRAM 000504
CAN1_ReceivedMessageCountGet@rxMsgStatus                      cstackCOMRAM 000505
CAN1_ReceivedMessageCountGet@totalMsgObj                      cstackCOMRAM 000503
CAN1_SetBusErrorInterruptHandler@handler                      cstackBANK5  0005BF
CAN1_SetBusWakeUpActivityInterruptHandler@handler             cstackBANK5  0005BF
CAN1_SetFIFO1NotEmptyHandler@handler                          cstackBANK5  0005BF
CAN1_SetInvalidMessageInterruptHandler@handler                cstackBANK5  0005BF
CAN1_SetModeChangeInterruptHandler@handler                    cstackBANK5  0005BF
CAN1_SetRxBufferOverFlowInterruptHandler@handler              cstackBANK5  0005BF
CAN1_SetSystemErrorInterruptHandler@handler                   cstackBANK5  0005BF
CAN1_SetTxAttemptInterruptHandler@handler                     cstackBANK5  0005BF
CANReadMessage@data1                                          cstackCOMRAM 00054C
CANReadMessage@data2                                          cstackCOMRAM 00054B
CANReadMessage@data3                                          cstackCOMRAM 000548
CANReadMessage@data4                                          cstackCOMRAM 000549
CANReadMessage@data5                                          cstackCOMRAM 00054A
CANReadMessage@data6                                          cstackCOMRAM 000545
CANReadMessage@data7                                          cstackCOMRAM 000546
CANReadMessage@data8                                          cstackCOMRAM 000547
CANReadMessage@id                                             cstackCOMRAM 000541
CLUTCH_AnalyseState@ucFDC1                                    cstackBANK5  0005BF
CLUTCH_AnalyseState@ucFDC2                                    cstackBANK5  0005C0
CLUTCH_Move@ucMode                                            cstackBANK5  0005F1
CLUTCH_Move@ucTargetMove                                      cstackBANK5  0005F2
ETCModeSelect@ucModeSelect                                    cstackCOMRAM 000503
ETC_PIDcontroller@slIntegral                                  bssBANK6     000624
ETC_PIDcontroller@slMotorPWM                                  cstackBANK5  0005F7
ETC_PIDcontroller@ucMode                                      cstackBANK5  0005F1
ETC_PIDcontroller@ucTargetMove                                cstackBANK5  0005F6
GPIO_PWM1_Control@uiConvertedDC                               cstackBANK5  0005EF
GPIO_PWM1_Control@uiConvertedPeriod                           cstackBANK5  0005ED
GPIO_PWM1_Control@uiDutyCycle                                 cstackBANK5  0005E7
GPIO_PWM1_Control@uiFreq                                      cstackBANK5  0005E9
GPIO_PWM2_Control@uiConvertedDC                               cstackBANK5  0005EF
GPIO_PWM2_Control@uiConvertedPeriod                           cstackBANK5  0005ED
GPIO_PWM2_Control@uiDutyCycle                                 cstackBANK5  0005E7
GPIO_PWM2_Control@uiFreq                                      cstackBANK5  0005E9
GetRxFifoDepth@validChannel                                   cstackCOMRAM 000502
GetRxFifoStatus@validChannel                                  cstackCOMRAM 000501
IVTBASEH                                                      (abs)        00045E
IVTBASEL                                                      (abs)        00045D
IVTBASEU                                                      (abs)        00045F
PWM1_16BIT_Period_SetInterruptHandler@InterruptHandler        cstackBANK5  0005BF
PWM1_16BIT_SetSlice1Output1DutyCycleRegister@registerValue    cstackBANK5  0005BF
PWM1_16BIT_Slice1Output1_SetInterruptHandler@InterruptHandler cstackBANK5  0005BF
PWM1_16BIT_Slice1Output2_SetInterruptHandler@InterruptHandler cstackBANK5  0005BF
PWM1_16BIT_WritePeriodRegister@periodCount                    cstackBANK5  0005BF
PWM2_16BIT_Period_SetInterruptHandler@InterruptHandler        cstackBANK5  0005BF
PWM2_16BIT_SetSlice1Output1DutyCycleRegister@registerValue    cstackBANK5  0005BF
PWM2_16BIT_Slice1Output1_SetInterruptHandler@InterruptHandler cstackBANK5  0005BF
PWM2_16BIT_Slice1Output2_SetInterruptHandler@InterruptHandler cstackBANK5  0005BF
PWM2_16BIT_WritePeriodRegister@periodCount                    cstackBANK5  0005BF
ReadMessageFromFifo@msgId                                     cstackCOMRAM 000512
ReadMessageFromFifo@rxCanMsg                                  cstackCOMRAM 00050E
ReadMessageFromFifo@rxFifoObj                                 cstackCOMRAM 00050C
ReadMessageFromFifo@status                                    cstackCOMRAM 000516
Receive@channel                                               cstackCOMRAM 000517
Receive@index                                                 cstackCOMRAM 000520
Receive@rxCanMsg                                              cstackCOMRAM 000518
Receive@rxFifoObj                                             cstackCOMRAM 00051D
Receive@rxMsgStatus                                           cstackCOMRAM 00051F
Receive@status                                                cstackCOMRAM 00051C
TMR0_ISR@CountCallBack                                        bssBANK5     000588
TMR0_SetInterruptHandler@InterruptHandler                     cstackBANK5  0005BF
TMR1_ISR@CountCallBack                                        bssBANK5     000586
TMR1_SetInterruptHandler@InterruptHandler                     cstackBANK5  0005BF
TMR1_WriteTimer@timerVal                                      cstackCOMRAM 000501
_ADACCH                                                       (abs)        0003E4
_ADACCL                                                       (abs)        0003E3
_ADACCU                                                       (abs)        0003E5
_ADACQH                                                       (abs)        0003EF
_ADACQL                                                       (abs)        0003EE
_ADACT                                                        (abs)        0003F9
_ADACTPPS                                                     (abs)        000269
_ADCAP                                                        (abs)        0003F0
_ADCLK                                                        (abs)        0003FA
_ADCNT                                                        (abs)        0003E6
_ADCON0                                                       (abs)        0003F3
_ADCON0bits                                                   (abs)        0003F3
_ADCON1                                                       (abs)        0003F4
_ADCON1bits                                                   (abs)        0003F4
_ADCON2                                                       (abs)        0003F5
_ADCON2bits                                                   (abs)        0003F5
_ADCON3                                                       (abs)        0003F6
_ADCON3bits                                                   (abs)        0003F6
_ADCP                                                         (abs)        0003D8
_ADCPbits                                                     (abs)        0003D8
_ADCSEL1                                                      (abs)        0003FC
_ADCSEL1bits                                                  (abs)        0003FC
_ADCSEL2                                                      (abs)        0003FD
_ADCSEL2bits                                                  (abs)        0003FD
_ADCSEL3                                                      (abs)        0003FE
_ADCSEL3bits                                                  (abs)        0003FE
_ADCSEL4                                                      (abs)        0003FF
_ADCSEL4bits                                                  (abs)        0003FF
_ADCTX                                                        (abs)        0003FB
_ADC_ActiveClockTuning_ISR                                    nvBANK6      000666
_ADC_Context1Thereshld_ISR                                    nvBANK6      00066E
_ADC_Context2Thereshld_ISR                                    nvBANK6      00066C
_ADC_Context3Thereshld_ISR                                    nvBANK6      00066A
_ADC_Context4Thereshld_ISR                                    nvBANK6      000668
_ADC_ConversionComplete_ISR                                   nvBANK6      000670
_ADC_DefaultADI_ISR                                           (abs)        000000
_ADC_DefaultActiveClockTuning_ISR                             (abs)        000000
_ADC_DefaultContext1Threshold_ISR                             (abs)        000000
_ADC_DefaultContext2Threshold_ISR                             (abs)        000000
_ADC_DefaultContext3Threshold_ISR                             (abs)        000000
_ADC_DefaultContext4Threshold_ISR                             (abs)        000000
_ADC_DisableChannelSequencer                                  text54       0066BC
_ADC_GetSingleConversion                                      text53       0060FA
_ADC_Initialize                                               text36       00381A
_ADC_SelectContext                                            text52       006590
_ADC_SetADIInterruptHandler                                   text42       0066A8
_ADC_SetActiveClockTuningInterruptHandler                     text41       00669E
_ADC_SetContext1ThresholdInterruptHandler                     text40       006694
_ADC_SetContext2ThresholdInterruptHandler                     text39       00668A
_ADC_SetContext3ThresholdInterruptHandler                     text38       006680
_ADC_SetContext4ThresholdInterruptHandler                     text37       006676
_ADERRH                                                       (abs)        0003DE
_ADERRL                                                       (abs)        0003DD
_ADFLTRH                                                      (abs)        0003E2
_ADFLTRL                                                      (abs)        0003E1
_ADLTHH                                                       (abs)        0003DA
_ADLTHL                                                       (abs)        0003D9
_ADPCH                                                        (abs)        0003EC
_ADPREH                                                       (abs)        0003F2
_ADPREL                                                       (abs)        0003F1
_ADPREVH                                                      (abs)        0003E9
_ADPREVL                                                      (abs)        0003E8
_ADREF                                                        (abs)        0003F8
_ADRESH                                                       (abs)        0003EB
_ADRESL                                                       (abs)        0003EA
_ADRPT                                                        (abs)        0003E7
_ADSTAT                                                       (abs)        0003F7
_ADSTATbits                                                   (abs)        0003F7
_ADSTPTH                                                      (abs)        0003E0
_ADSTPTL                                                      (abs)        0003DF
_ADUTHH                                                       (abs)        0003DC
_ADUTHL                                                       (abs)        0003DB
_ANALOGRead                                                   text50       006138
_ANALOG_GetVoltage                                            text51       004544
_ANSELA                                                       (abs)        000400
_ANSELB                                                       (abs)        000408
_ANSELC                                                       (abs)        000410
_APPSAnalysis                                                 text94       003E7C
_APPSReadmax                                                  text74       006526
_APPSReadmin                                                  text73       006486
_C1CONH                                                       (abs)        000101
_C1CONHbits                                                   (abs)        000101
_C1CONL                                                       (abs)        000100
_C1CONTbits                                                   (abs)        000103
_C1CONU                                                       (abs)        000102
_C1CONUbits                                                   (abs)        000102
_C1FIFOBA                                                     (abs)        00014C
_C1FIFOCON1H                                                  (abs)        00015D
_C1FIFOCON1L                                                  (abs)        00015C
_C1FIFOCON1T                                                  (abs)        00015F
_C1FIFOCON1U                                                  (abs)        00015E
_C1FIFOSTA1Lbits                                              (abs)        000160
_C1FLTCON0H                                                   (abs)        000181
_C1FLTOBJ1H                                                   (abs)        000195
_C1FLTOBJ1L                                                   (abs)        000194
_C1FLTOBJ1T                                                   (abs)        000197
_C1FLTOBJ1U                                                   (abs)        000196
_C1INTH                                                       (abs)        00011D
_C1INTHbits                                                   (abs)        00011D
_C1INTL                                                       (abs)        00011C
_C1INTLbits                                                   (abs)        00011C
_C1INTT                                                       (abs)        00011F
_C1INTTbits                                                   (abs)        00011F
_C1INTU                                                       (abs)        00011E
_C1INTUbits                                                   (abs)        00011E
_C1MASK1H                                                     (abs)        000199
_C1MASK1L                                                     (abs)        000198
_C1MASK1T                                                     (abs)        00019B
_C1MASK1U                                                     (abs)        00019A
_C1NBTCFGH                                                    (abs)        000105
_C1NBTCFGL                                                    (abs)        000104
_C1NBTCFGT                                                    (abs)        000107
_C1NBTCFGU                                                    (abs)        000106
_C1TRECUbits                                                  (abs)        000136
_C1TXQCONH                                                    (abs)        000151
_C1TXQCONL                                                    (abs)        000150
_C1TXQCONT                                                    (abs)        000153
_C1TXQCONU                                                    (abs)        000152
_C1TXQSTALbits                                                (abs)        000154
_CAN1_BitRateConfiguration                                    text35       006512
_CAN1_BusErrorHandler                                         bssBANK6     000640
_CAN1_BusWakeUpActivityHandler                                bssBANK6     000642
_CAN1_ErrorNotificationInterruptEnable                        text27       005AE4
_CAN1_FIFO1NotEmptyHandler                                    bssBANK5     000592
_CAN1_ISR                                                     text129      0043EE
_CAN1_Initialize                                              text19       005E7A
_CAN1_InvalidMessageHandler                                   bssBANK5     000590
_CAN1_ModeChangeHandler                                       bssBANK6     00063E
_CAN1_OperationModeGet                                        text26       006626
_CAN1_OperationModeSet                                        text25       005936
_CAN1_RXI_ISR                                                 text100      006358
_CAN1_RX_FIFO_Configuration                                   text23       006384
_CAN1_RX_FIFO_FilterMaskConfiguration                         text22       006428
_CAN1_RX_FIFO_ResetInfo                                       text21       006276
_CAN1_Receive                                                 text123      005FDE
_CAN1_ReceivedMessageCountGet                                 text122      00541E
_CAN1_RxBufferOverflowHandler                                 bssBANK6     000638
_CAN1_SetBusErrorInterruptHandler                             text34       00666C
_CAN1_SetBusWakeUpActivityInterruptHandler                    text33       006662
_CAN1_SetFIFO1NotEmptyHandler                                 text24       00661C
_CAN1_SetInvalidMessageInterruptHandler                       text32       006658
_CAN1_SetModeChangeInterruptHandler                           text31       00664E
_CAN1_SetRxBufferOverFlowInterruptHandler                     text30       006644
_CAN1_SetSystemErrorInterruptHandler                          text29       00663A
_CAN1_SetTxAttemptInterruptHandler                            text28       006630
_CAN1_SystemErrorHandler                                      bssBANK6     00063C
_CAN1_TX_FIFO_Configuration                                   text20       0064FE
_CAN1_TxAttemptHandler                                        bssBANK6     00063A
_CANDATAdata                                                  bssBANK6     00064C
_CANRXPPS                                                     (abs)        00023D
_CANReadMessage                                               text102      003A40
_CLUTCHInitMove                                               text60       004DD0
_CLUTCH_AnalyseState                                          text72       0055AE
_CLUTCH_Init                                                  text59       00644A
_CLUTCH_Move                                                  text61       00589C
_DLC_BYTES                                                    smallconst   002627
_DefaultBusErrorHandler                                       text136      0066FE
_DefaultBusWakeUpActivityHandler                              text135      0066FC
_DefaultFIFO1NotEmptyHandler                                  text101      0066C8
_DefaultInvalidMessageHandler                                 text134      0066FA
_DefaultModeChangeHandler                                     text133      0066F8
_DefaultRxBufferOverflowHandler                               text132      0066F6
_DefaultSystemErrorHandler                                    text131      0066F4
_DefaultTxAttemptHandler                                      text130      0066F2
_ETCInitMove                                                  text47       00479E
_ETCModeSelect                                                text121      006078
_ETCSupervisor                                                text82       005CBC
_ETC_PIDcontroller                                            text44       0035F2
_GPIOInit                                                     text43       0060BC
_GPIO_PWM1_Control                                            text62       004EC2
_GPIO_PWM2_Control                                            text55       004CDE
_GetRxFifoDepth                                               text128      006468
_GetRxFifoStatus                                              text127      0064BA
_I2C1BAUD                                                     (abs)        00029D
_I2C1CLK                                                      (abs)        00029E
_I2C1CNTH                                                     (abs)        00028D
_I2C1CNTL                                                     (abs)        00028C
_I2C1CON0                                                     (abs)        000294
_I2C1CON0bits                                                 (abs)        000294
_I2C1CON1                                                     (abs)        000295
_I2C1CON1bits                                                 (abs)        000295
_I2C1CON2                                                     (abs)        000296
_I2C1ERR                                                      (abs)        000297
_I2C1ERRbits                                                  (abs)        000297
_I2C1PIE                                                      (abs)        00029B
_I2C1PIEbits                                                  (abs)        00029B
_I2C1PIR                                                      (abs)        00029A
_I2C1PIRbits                                                  (abs)        00029A
_I2C1RXB                                                      (abs)        00028A
_I2C1SCLPPS                                                   (abs)        000271
_I2C1SDAPPS                                                   (abs)        000270
_I2C1STAT1bits                                                (abs)        000299
_I2C1TXB                                                      (abs)        00028B
_I2C1_CallbackReturnReset                                     (abs)        000000
_I2C1_CallbackReturnStop                                      (abs)        000000
_I2C1_DO_ADDRESS_NACK                                         (abs)        000000
_I2C1_DO_BUS_COLLISION                                        (abs)        000000
_I2C1_DO_BUS_ERROR                                            (abs)        000000
_I2C1_DO_IDLE                                                 (abs)        000000
_I2C1_DO_RESET                                                (abs)        000000
_I2C1_DO_RX                                                   (abs)        000000
_I2C1_DO_RX_ACK                                               (abs)        000000
_I2C1_DO_RX_EMPTY                                             (abs)        000000
_I2C1_DO_RX_NACK_RESTART                                      (abs)        000000
_I2C1_DO_RX_NACK_STOP                                         (abs)        000000
_I2C1_DO_SEND_ADR_READ                                        (abs)        000000
_I2C1_DO_SEND_ADR_WRITE                                       (abs)        000000
_I2C1_DO_SEND_RESTART                                         (abs)        000000
_I2C1_DO_SEND_RESTART_READ                                    (abs)        000000
_I2C1_DO_SEND_RESTART_WRITE                                   (abs)        000000
_I2C1_DO_SEND_STOP                                            (abs)        000000
_I2C1_DO_TX                                                   (abs)        000000
_I2C1_DO_TX_ACK                                               (abs)        000000
_I2C1_DO_TX_EMPTY                                             (abs)        000000
_I2C1_Initialize                                              text18       006300
_I2C1_Status                                                  bssBANK6     000600
_INLVLA                                                       (abs)        000404
_INLVLB                                                       (abs)        00040C
_INLVLC                                                       (abs)        000414
_INLVLE                                                       (abs)        000424
_INTCON0bits                                                  (abs)        0004D6
_INTERRUPT_Initialize                                         text17       0066CE
_INTERRUPT_InterruptManager                                   text75       005736
_K_I                                                          bssBANK5     00056C
_K_P                                                          bssBANK5     00056E
_LATA                                                         (abs)        0004BE
_LATAbits                                                     (abs)        0004BE
_LATB                                                         (abs)        0004BF
_LATBbits                                                     (abs)        0004BF
_LATC                                                         (abs)        0004C0
_ODCONA                                                       (abs)        000402
_ODCONB                                                       (abs)        00040A
_ODCONC                                                       (abs)        000412
_OSCCON1                                                      (abs)        0000AD
_OSCCON3                                                      (abs)        0000AF
_OSCEN                                                        (abs)        0000B3
_OSCFRQ                                                       (abs)        0000B1
_OSCILLATOR_Initialize                                        text16       0064A2
_OSCTUNE                                                      (abs)        0000B0
_PIE0bits                                                     (abs)        00049E
_PIE3bits                                                     (abs)        0004A1
_PIE4bits                                                     (abs)        0004A2
_PIE5bits                                                     (abs)        0004A3
_PIE7bits                                                     (abs)        0004A5
_PIN_MANAGER_Initialize                                       text15       005A66
_PIR0bits                                                     (abs)        0004AE
_PIR1bits                                                     (abs)        0004AF
_PIR2bits                                                     (abs)        0004B0
_PIR3bits                                                     (abs)        0004B1
_PIR4bits                                                     (abs)        0004B2
_PIR5bits                                                     (abs)        0004B3
_PIR7bits                                                     (abs)        0004B5
_PMD0                                                         (abs)        000060
_PMD1                                                         (abs)        000061
_PMD2                                                         (abs)        000062
_PMD3                                                         (abs)        000063
_PMD4                                                         (abs)        000064
_PMD5                                                         (abs)        000065
_PMD6                                                         (abs)        000066
_PMD7                                                         (abs)        000067
_PMD8                                                         (abs)        000068
_PMD_Initialize                                               text14       006400
_PORTAbits                                                    (abs)        0004CE
_PORTBbits                                                    (abs)        0004CF
_PWM1CLK                                                      (abs)        000461
_PWM1CON                                                      (abs)        000469
_PWM1CONbits                                                  (abs)        000469
_PWM1CPRE                                                     (abs)        000465
_PWM1ERS                                                      (abs)        000460
_PWM1GIE                                                      (abs)        000468
_PWM1GIEbits                                                  (abs)        000468
_PWM1GIR                                                      (abs)        000467
_PWM1GIRbits                                                  (abs)        000467
_PWM1LDS                                                      (abs)        000462
_PWM1PIPOS                                                    (abs)        000466
_PWM1PRH                                                      (abs)        000464
_PWM1PRL                                                      (abs)        000463
_PWM1S1CFG                                                    (abs)        00046A
_PWM1S1P1H                                                    (abs)        00046C
_PWM1S1P1L                                                    (abs)        00046B
_PWM1S1P2H                                                    (abs)        00046E
_PWM1S1P2L                                                    (abs)        00046D
_PWM1_16BIT_Initialize                                        text10       005C48
_PWM1_16BIT_LoadBufferRegisters                               text71       0066D6
_PWM1_16BIT_Period_DefaultInterruptHandler                    (abs)        000000
_PWM1_16BIT_Period_InterruptHandler                           bssBANK5     00058A
_PWM1_16BIT_Period_SetInterruptHandler                        text13       006612
_PWM1_16BIT_SetSlice1Output1DutyCycleRegister                 text70       006574
_PWM1_16BIT_Slice1Output1_DefaultInterruptHandler             (abs)        000000
_PWM1_16BIT_Slice1Output1_InterruptHandler                    bssBANK5     00058E
_PWM1_16BIT_Slice1Output1_SetInterruptHandler                 text12       006608
_PWM1_16BIT_Slice1Output2_DefaultInterruptHandler             (abs)        000000
_PWM1_16BIT_Slice1Output2_InterruptHandler                    bssBANK5     00058C
_PWM1_16BIT_Slice1Output2_SetInterruptHandler                 text11       0065FE
_PWM1_16BIT_WritePeriodRegister                               text69       006566
_PWM2CLK                                                      (abs)        000470
_PWM2CON                                                      (abs)        000478
_PWM2CONbits                                                  (abs)        000478
_PWM2CPRE                                                     (abs)        000474
_PWM2ERS                                                      (abs)        00046F
_PWM2GIE                                                      (abs)        000477
_PWM2GIEbits                                                  (abs)        000477
_PWM2GIR                                                      (abs)        000476
_PWM2GIRbits                                                  (abs)        000476
_PWM2LDS                                                      (abs)        000471
_PWM2PIPOS                                                    (abs)        000475
_PWM2PRH                                                      (abs)        000473
_PWM2PRL                                                      (abs)        000472
_PWM2S1CFG                                                    (abs)        000479
_PWM2S1P1H                                                    (abs)        00047B
_PWM2S1P1L                                                    (abs)        00047A
_PWM2S1P2H                                                    (abs)        00047D
_PWM2S1P2L                                                    (abs)        00047C
_PWM2_16BIT_Initialize                                        text6        005BD4
_PWM2_16BIT_LoadBufferRegisters                               text58       0066D2
_PWM2_16BIT_Period_DefaultInterruptHandler                    (abs)        000000
_PWM2_16BIT_Period_InterruptHandler                           nvBANK6      000672
_PWM2_16BIT_Period_SetInterruptHandler                        text9        0065F4
_PWM2_16BIT_SetSlice1Output1DutyCycleRegister                 text57       006558
_PWM2_16BIT_Slice1Output1_DefaultInterruptHandler             (abs)        000000
_PWM2_16BIT_Slice1Output1_InterruptHandler                    nvBANK6      000676
_PWM2_16BIT_Slice1Output1_SetInterruptHandler                 text8        0065EA
_PWM2_16BIT_Slice1Output2_DefaultInterruptHandler             (abs)        000000
_PWM2_16BIT_Slice1Output2_InterruptHandler                    nvBANK6      000674
_PWM2_16BIT_Slice1Output2_SetInterruptHandler                 text7        0065E0
_PWM2_16BIT_WritePeriodRegister                               text56       00654A
_RB0PPS                                                       (abs)        000209
_RB1PPS                                                       (abs)        00020A
_RB4PPS                                                       (abs)        00020D
_RC3PPS                                                       (abs)        000214
_RC4PPS                                                       (abs)        000215
_ReadMessageFromFifo                                          text125      0033B2
_Receive                                                      text124      00518C
_SLRCONA                                                      (abs)        000403
_SLRCONB                                                      (abs)        00040B
_SLRCONC                                                      (abs)        000413
_SYSTEM_Initialize                                            text1        006248
_T0CON0                                                       (abs)        00031A
_T0CON0bits                                                   (abs)        00031A
_T0CON1                                                       (abs)        00031B
_T1CLK                                                        (abs)        000321
_T1CON                                                        (abs)        00031E
_T1CONbits                                                    (abs)        00031E
_T1GATE                                                       (abs)        000320
_T1GCON                                                       (abs)        00031F
_T1GCONbits                                                   (abs)        00031F
_TEMPORIZATION_100ms                                          text87       006582
_TEMPORIZATION_10ms                                           text99       0066F0
_TEMPORIZATION_10s                                            text86       0066EC
_TEMPORIZATION_1mins                                          text85       0066EA
_TEMPORIZATION_1s                                             text84       0066E8
_TEMPORIZATION_30s                                            text83       0066E6
_TEMPORIZATION_500ms                                          text80       00653A
_TMR0H                                                        (abs)        000319
_TMR0L                                                        (abs)        000318
_TMR0_CallBack                                                text97       0062D2
_TMR0_DefaultInterruptHandler                                 text98       0066EE
_TMR0_ISR                                                     text96       006216
_TMR0_Initialize                                              text4        0063D8
_TMR0_InterruptHandler                                        nvBANK6      000664
_TMR0_SetInterruptHandler                                     text5        0065D6
_TMR1H                                                        (abs)        00031D
_TMR1L                                                        (abs)        00031C
_TMR1_CallBack                                                text78       005278
_TMR1_DefaultInterruptHandler                                 text79       0066E4
_TMR1_ISR                                                     text76       0061AC
_TMR1_Initialize                                              text2        006030
_TMR1_InterruptHandler                                        nvBANK6      000662
_TMR1_SetInterruptHandler                                     text3        0065CC
_TMR1_WriteTimer                                              text77       0062A4
_TPSAnalysis                                                  text93       00303E
_TRISA                                                        (abs)        0004C6
_TRISAbits                                                    (abs)        0004C6
_TRISB                                                        (abs)        0004C7
_TRISBbits                                                    (abs)        0004C7
_TRISC                                                        (abs)        0004C8
_TRISCbits                                                    (abs)        0004C8
_TRISE                                                        (abs)        0004CA
_WPUA                                                         (abs)        000401
_WPUB                                                         (abs)        000409
_WPUC                                                         (abs)        000411
_WPUE                                                         (abs)        000421
__HRAM                                                        (abs)        000000
__Habs1                                                       abs1         000000
__Hbank10                                                     bank10       000000
__Hbank11                                                     bank11       000000
__Hbank12                                                     bank12       000000
__Hbank13                                                     bank13       000000
__Hbank14                                                     bank14       000000
__Hbank15                                                     bank15       000000
__Hbank16                                                     bank16       000000
__Hbank17                                                     bank17       000000
__Hbank18                                                     bank18       000000
__Hbank19                                                     bank19       000000
__Hbank20                                                     bank20       000000
__Hbank21                                                     bank21       000000
__Hbank22                                                     bank22       000000
__Hbank23                                                     bank23       000000
__Hbank24                                                     bank24       000000
__Hbank25                                                     bank25       000000
__Hbank26                                                     bank26       000000
__Hbank27                                                     bank27       000000
__Hbank28                                                     bank28       000000
__Hbank29                                                     bank29       000000
__Hbank30                                                     bank30       000000
__Hbank31                                                     bank31       000000
__Hbank32                                                     bank32       000000
__Hbank33                                                     bank33       000000
__Hbank34                                                     bank34       000000
__Hbank35                                                     bank35       000000
__Hbank36                                                     bank36       000000
__Hbank37                                                     bank37       000000
__Hbank5                                                      bank5        000000
__Hbank6                                                      bank6        000000
__Hbank7                                                      bank7        000000
__Hbank8                                                      bank8        000000
__Hbank9                                                      bank9        000000
__Hbigbss                                                     bigbss       000000
__Hbigdata                                                    bigdata      000000
__Hbigram                                                     bigram       000000
__Hbss                                                        bss          000000
__HbssBANK5                                                   bssBANK5     000000
__HbssBANK6                                                   bssBANK6     000000
__HbssCOMRAM                                                  bssCOMRAM    000000
__Hcinit                                                      cinit        000000
__Hclrtext                                                    clrtext      000000
__Hcomram                                                     comram       000000
__Hconfig                                                     config       300024
__Hconst                                                      const        000000
__HcstackBANK5                                                cstackBANK5  000000
__HcstackCOMRAM                                               cstackCOMRAM 000000
__Hdata                                                       data         000000
__HdataBANK5                                                  dataBANK5    000000
__Heeprom_data                                                eeprom_data  000000
__Hfarbss                                                     farbss       000000
__Hfardata                                                    fardata      000000
__Hibigdata                                                   ibigdata     000000
__Hidata                                                      idata        000000
__HidataBANK5                                                 idataBANK5   000000
__Hidloc                                                      idloc        200020
__Hifardata                                                   ifardata     000000
__Hinit                                                       init         00001E
__Hintsave_regs                                               intsave_regs 000000
__Hirdata                                                     irdata       000000
[...]
_uiTPS2                                                       bssBANK5     000574
_uiTPS2_default                                               bssCOMRAM    000555
_uiTPS2_opened                                                bssBANK5     00057C
_uiYaw_rate                                                   bssBANK6     00062C
_ulAPPS1calc                                                  bssBANK6     000628
_ulAPPS2calc                                                  bssBANK5     000568
_ulTPS1calc                                                   bssBANK5     000564
_ulTPS2calc                                                   bssCOMRAM    000551
_wr1RegCompleteHandler                                        (abs)        000000
_wr1RegCompleteHandler@i2c1_master_example$F162               (abs)        000000
_wr2RegCompleteHandler                                        (abs)        000000
_wr2RegCompleteHandler@i2c1_master_example$F168               (abs)        000000
end_of_initialization                                         cinit        005FD8
i2ADC_GetSingleConversion@channel                             cstackCOMRAM 000505
i2ADC_SelectContext@context                                   cstackCOMRAM 000501
i2ANALOG_GetVoltage@ucEntradaAnalogica                        cstackCOMRAM 00050A
i2ANALOG_GetVoltage@ucFlag                                    cstackCOMRAM 00050D
i2ANALOG_GetVoltage@uiValorAnalog                             cstackCOMRAM 00050B
i2ANALOG_GetVoltage@uiValorVoltage                            cstackCOMRAM 00050E
i2CLUTCH_AnalyseState@ucFDC1                                  cstackCOMRAM 000501
i2CLUTCH_AnalyseState@ucFDC2                                  cstackCOMRAM 000502
i2CLUTCH_Move@ucMode                                          cstackCOMRAM 000533
i2CLUTCH_Move@ucTargetMove                                    cstackCOMRAM 000534
i2ETC_PIDcontroller@slMotorPWM                                cstackCOMRAM 000539
i2ETC_PIDcontroller@ucMode                                    cstackCOMRAM 000533
i2ETC_PIDcontroller@ucTargetMove                              cstackCOMRAM 000538
i2GPIO_PWM1_Control@uiConvertedDC                             cstackCOMRAM 000531
i2GPIO_PWM1_Control@uiConvertedPeriod                         cstackCOMRAM 00052F
i2GPIO_PWM1_Control@uiDutyCycle                               cstackCOMRAM 000529
i2GPIO_PWM1_Control@uiFreq                                    cstackCOMRAM 00052B
i2GPIO_PWM2_Control@uiConvertedDC                             cstackCOMRAM 000531
i2GPIO_PWM2_Control@uiConvertedPeriod                         cstackCOMRAM 00052F
i2GPIO_PWM2_Control@uiDutyCycle                               cstackCOMRAM 000529
i2GPIO_PWM2_Control@uiFreq                                    cstackCOMRAM 00052B
i2PWM1_16BIT_SetSlice1Output1DutyCycleRegister@registerValue  cstackCOMRAM 000501
i2PWM1_16BIT_WritePeriodRegister@periodCount                  cstackCOMRAM 000501
i2PWM2_16BIT_SetSlice1Output1DutyCycleRegister@registerValue  cstackCOMRAM 000501
i2PWM2_16BIT_WritePeriodRegister@periodCount                  cstackCOMRAM 000501
i2_ADC_DisableChannelSequencer                                text92       0066C2
i2_ADC_GetSingleConversion                                    text91       0061E4
i2_ADC_SelectContext                                          text90       0066B2
i2_ANALOGRead                                                 text88       006172
i2_ANALOG_GetVoltage                                          text89       004674
i2_CLUTCH_AnalyseState                                        text81       005354
i2_CLUTCH_Move                                                text110      0059CE
i2_ETC_PIDcontroller                                          text103      003C62
i2_GPIO_PWM1_Control                                          text111      0050A0
i2_GPIO_PWM2_Control                                          text106      004FB4
i2_PWM1_16BIT_LoadBufferRegisters                             text120      0066DE
i2_PWM1_16BIT_SetSlice1Output1DutyCycleRegister               text119      0065C0
i2_PWM1_16BIT_WritePeriodRegister                             text118      0065B4
i2_PWM2_16BIT_LoadBufferRegisters                             text109      0066DA
i2_PWM2_16BIT_SetSlice1Output1DutyCycleRegister               text108      0065A8
i2_PWM2_16BIT_WritePeriodRegister                             text107      00659C
i2___aldiv                                                    text117      0049C4
i2___aldiv@counter                                            cstackCOMRAM 000515
i2___aldiv@dividend                                           cstackCOMRAM 00050D
i2___aldiv@divisor                                            cstackCOMRAM 000511
i2___aldiv@quotient                                           cstackCOMRAM 000517
i2___aldiv@sign                                               cstackCOMRAM 000516
i2___awdiv                                                    text105      005672
i2___awdiv@counter                                            cstackCOMRAM 00050B
i2___awdiv@dividend                                           cstackCOMRAM 000507
i2___awdiv@divisor                                            cstackCOMRAM 000509
i2___awdiv@quotient                                           cstackCOMRAM 00050D
i2___awdiv@sign                                               cstackCOMRAM 00050C
i2___fladd                                                    text116      002B7E
i2___fladd@a                                                  cstackCOMRAM 000513
i2___fladd@aexp                                               cstackCOMRAM 00051C
i2___fladd@b                                                  cstackCOMRAM 00050F
i2___fladd@bexp                                               cstackCOMRAM 00051D
i2___fladd@grs                                                cstackCOMRAM 00051E
i2___fladd@signs                                              cstackCOMRAM 00051B
i2___fltol                                                    text115      004BD8
i2___fltol@exp1                                               cstackCOMRAM 000528
i2___fltol@f1                                                 cstackCOMRAM 00051F
i2___fltol@sign1                                              cstackCOMRAM 000527
i2___lmul                                                     text104      005E10
i2___lmul@multiplicand                                        cstackCOMRAM 000505
i2___lmul@multiplier                                          cstackCOMRAM 000501
i2___lmul@product                                             cstackCOMRAM 000509
i2___lwdiv                                                    text114      005D30
i2___lwdiv@counter                                            cstackCOMRAM 00050D
i2___lwdiv@dividend                                           cstackCOMRAM 000507
i2___lwdiv@divisor                                            cstackCOMRAM 000509
i2___lwdiv@quotient                                           cstackCOMRAM 00050B
i2___wmul                                                     text113      0063AE
i2___wmul@multiplicand                                        cstackCOMRAM 000503
i2___wmul@multiplier                                          cstackCOMRAM 000501
i2___wmul@product                                             cstackCOMRAM 000505
i2___xxtofl                                                   text112      00423A
i2___xxtofl@arg                                               cstackCOMRAM 00050B
i2___xxtofl@exp                                               cstackCOMRAM 00050A
i2___xxtofl@sign                                              cstackCOMRAM 000509
i2___xxtofl@val                                               cstackCOMRAM 000501
intlevel0                                                     text         000000
intlevel1                                                     text         000000
intlevel2                                                     text         000000
intlevel3                                                     text         000000
isa$std                                                       (abs)        000001
isa$xinst                                                     (abs)        000000
ivt0x8_base                                                   ivt0x8       000008
memcpy@d                                                      cstackCOMRAM 000507
memcpy@d1                                                     cstackCOMRAM 000501
memcpy@n                                                      cstackCOMRAM 000505
memcpy@s                                                      cstackCOMRAM 000509
memcpy@s1                                                     cstackCOMRAM 000503
memcpy@tmp                                                    cstackCOMRAM 00050B
stackhi                                                       (abs)        0025FF
stacklo                                                       (abs)        000678
start                                                         init         00001A
start_initialization                                          cinit        005F8A


MODULE INFORMATION

Module		Function		Class		Link	Load	Size
C:\Program Files\Microchip\xc8\v2.32\pic\sources\c99\common\awdiv.c
		___awdiv       		CODE           	54E8	0000	198

C:\Program Files\Microchip\xc8\v2.32\pic\sources\c99\common\awdiv.c estimated size: 198

MESSAGES.C
		_CANReadMessage		CODE           	3A40	0000	546

MESSAGES.C estimated size: 546

mcc_generated_files/can1.c
		_ReadMessageFromFifo		CODE           	33B2	0000	576
		_DefaultFIFO1NotEmptyHandler		CODE           	66C8	0000	6
		_CAN1_BitRateConfiguration		CODE           	6512	0000	20
		_CAN1_SetTxAttemptInterruptHandler		CODE           	6630	0000	10
		_Receive       		CODE           	518C	0000	236
		_CAN1_SetInvalidMessageInterruptHandler		CODE           	6658	0000	10
		_CAN1_TX_FIFO_Configuration		CODE           	64FE	0000	20
		_GetRxFifoDepth		CODE           	6468	0000	30
		_CAN1_ISR      		CODE           	43EE	0000	342
		_DefaultBusErrorHandler		CODE           	66FE	0000	2
		_CAN1_OperationModeGet		CODE           	6626	0000	10
		_CAN1_Initialize		CODE           	5E7A	0000	92
		_DefaultInvalidMessageHandler		CODE           	66FA	0000	2
		_CAN1_SetFIFO1NotEmptyHandler		CODE           	661C	0000	10
		_DefaultBusWakeUpActivityHandler		CODE           	66FC	0000	2
		_CAN1_RX_FIFO_FilterMaskConfiguration		CODE           	6428	0000	34
		_CAN1_RX_FIFO_Configuration		CODE           	6384	0000	42
		_GetRxFifoStatus		CODE           	64BA	0000	24
		_CAN1_ReceivedMessageCountGet		CODE           	541E	0000	202
		_CAN1_SetBusErrorInterruptHandler		CODE           	666C	0000	10
		_CAN1_SetSystemErrorInterruptHandler		CODE           	663A	0000	10
		_DefaultSystemErrorHandler		CODE           	66F4	0000	2
		_DefaultRxBufferOverflowHandler		CODE           	66F6	0000	2
		_CAN1_ErrorNotificationInterruptEnable		CODE           	5AE4	0000	122
		_CAN1_SetBusWakeUpActivityInterruptHandler		CODE           	6662	0000	10
		_CAN1_Receive  		CODE           	5FDE	0000	82
		_CAN1_SetRxBufferOverFlowInterruptHandler		CODE           	6644	0000	10
		_CAN1_RX_FIFO_ResetInfo		CODE           	6276	0000	46
		_CAN1_OperationModeSet		CODE           	5936	0000	152
		_CAN1_SetModeChangeInterruptHandler		CODE           	664E	0000	10
		_CAN1_RXI_ISR  		CODE           	6358	0000	44
		_DefaultTxAttemptHandler		CODE           	66F2	0000	2
		_DefaultModeChangeHandler		CODE           	66F8	0000	2

mcc_generated_files/can1.c estimated size: 2174

C:\Program Files\Microchip\xc8\v2.32\pic\sources\c99\common\sprcadd.c
		___fladd       		CODE           	26BC	0000	1218

C:\Program Files\Microchip\xc8\v2.32\pic\sources\c99\common\sprcadd.c estimated size: 1218

C:\Program Files\Microchip\xc8\v2.32\pic\sources\c99\common\aldiv.c
		___aldiv       		CODE           	48B6	0000	270

C:\Program Files\Microchip\xc8\v2.32\pic\sources\c99\common\aldiv.c estimated size: 270

mcc_generated_files/pwm2_16bit.c
		_PWM2_16BIT_WritePeriodRegister		CODE           	654A	0000	14
		_PWM2_16BIT_Period_SetInterruptHandler		CODE           	65F4	0000	10
		_PWM2_16BIT_Slice1Output1_SetInterruptHandler		CODE           	65EA	0000	10
		_PWM2_16BIT_Slice1Output2_SetInterruptHandler		CODE           	65E0	0000	10
		_PWM2_16BIT_Initialize		CODE           	5BD4	0000	116
		_PWM2_16BIT_LoadBufferRegisters		CODE           	66D2	0000	4
		_PWM2_16BIT_SetSlice1Output1DutyCycleRegister		CODE           	6558	0000	14

mcc_generated_files/pwm2_16bit.c estimated size: 178

TEMPORIZATIONS.c
		_TEMPORIZATION_1mins		CODE           	66EA	0000	2
		_TEMPORIZATION_100ms		CODE           	6582	0000	14
		_TEMPORIZATION_500ms		CODE           	653A	0000	16
		_TEMPORIZATION_10s		CODE           	66EC	0000	2
		_TEMPORIZATION_30s		CODE           	66E6	0000	2
		_TEMPORIZATION_1s		CODE           	66E8	0000	2
		_TEMPORIZATION_10ms		CODE           	66F0	0000	2

TEMPORIZATIONS.c estimated size: 40

mcc_generated_files/i2c1_master.c
		_I2C1_Initialize		CODE           	6300	0000	44

mcc_generated_files/i2c1_master.c estimated size: 44

mcc_generated_files/interrupt_manager.c
		_INTERRUPT_Initialize		CODE           	66CE	0000	4
		_INTERRUPT_InterruptManager		CODE           	5736	0000	194

mcc_generated_files/interrupt_manager.c estimated size: 198

mcc_generated_files/tmr0.c
		_TMR0_SetInterruptHandler		CODE           	65D6	0000	10
		_TMR0_DefaultInterruptHandler		CODE           	66EE	0000	2
		_TMR0_CallBack 		CODE           	62D2	0000	46
		_TMR0_ISR      		CODE           	6216	0000	50
		_TMR0_Initialize		CODE           	63D8	0000	40

mcc_generated_files/tmr0.c estimated size: 148

mcc_generated_files/pin_manager.c
		_PIN_MANAGER_Initialize		CODE           	5A66	0000	126

mcc_generated_files/pin_manager.c estimated size: 126

C:\Program Files\Microchip\xc8\v2.32\pic\sources\c99\common\memcpy.c
		_memcpy        		CODE           	5F30	0000	90

C:\Program Files\Microchip\xc8\v2.32\pic\sources\c99\common\memcpy.c estimated size: 90

mcc_generated_files/adc.c
		_ADC_SelectContext		CODE           	6590	0000	12
		_ADC_Initialize		CODE           	381A	0000	550
		_ADC_DisableChannelSequencer		CODE           	66BC	0000	6
		_ADC_GetSingleConversion		CODE           	60FA	0000	62
		_ADC_SetActiveClockTuningInterruptHandler		CODE           	669E	0000	10
		_ADC_SetADIInterruptHandler		CODE           	66A8	0000	10
		_ADC_SetContext1ThresholdInterruptHandler		CODE           	6694	0000	10
		_ADC_SetContext2ThresholdInterruptHandler		CODE           	668A	0000	10
		_ADC_SetContext3ThresholdInterruptHandler		CODE           	6680	0000	10
		_ADC_SetContext4ThresholdInterruptHandler		CODE           	6676	0000	10

mcc_generated_files/adc.c estimated size: 690

C:\Program Files\Microchip\xc8\v2.32\pic\sources\c99\common\Umul16.c
		___wmul        		CODE           	632C	0000	44

C:\Program Files\Microchip\xc8\v2.32\pic\sources\c99\common\Umul16.c estimated size: 44

mcc_generated_files/pwm1_16bit.c
		_PWM1_16BIT_Period_SetInterruptHandler		CODE           	6612	0000	10
		_PWM1_16BIT_Slice1Output1_SetInterruptHandler		CODE           	6608	0000	10
		_PWM1_16BIT_Slice1Output2_SetInterruptHandler		CODE           	65FE	0000	10
		_PWM1_16BIT_Initialize		CODE           	5C48	0000	116
		_PWM1_16BIT_LoadBufferRegisters		CODE           	66D6	0000	4
		_PWM1_16BIT_SetSlice1Output1DutyCycleRegister		CODE           	6574	0000	14
		_PWM1_16BIT_WritePeriodRegister		CODE           	6566	0000	14

mcc_generated_files/pwm1_16bit.c estimated size: 178

shared
		i2_ADC_GetSingleConversion		CODE           	61E4	0000	50
		i2_GPIO_PWM1_Control		CODE           	50A0	0000	236
		i2_GPIO_PWM2_Control		CODE           	4FB4	0000	236
		_FIFO          		SMALLCONST     	0000	0000	0
		_DLC_BYTES     		SMALLCONST     	2627	0000	9
		i2___lwdiv     		CODE           	5D30	0000	116
		i2_PWM1_16BIT_LoadBufferRegisters		CODE           	66DE	0000	4
		i2_PWM2_16BIT_WritePeriodRegister		CODE           	659C	0000	12
		i2___awdiv     		CODE           	5672	0000	196
		i2___fladd     		CODE           	2B7E	0000	1216
		i2___wmul      		CODE           	63AE	0000	42
		i2_ADC_DisableChannelSequencer		CODE           	66C2	0000	6
		i2___fltol     		CODE           	4BD8	0000	262
		i2_ADC_SelectContext		CODE           	66B2	0000	10
		__initialization		CODE           	5F8A	0000	78
		i2___lmul      		CODE           	5E10	0000	106
		i2_ETC_PIDcontroller		CODE           	3C62	0000	538
		i2___aldiv     		CODE           	49C4	0000	268
		i2_PWM1_16BIT_SetSlice1Output1DutyCycleRegister		CODE           	65C0	0000	12
		_i2c1_fsmStateTable		SMALLCONST     	2601	0000	38
		i2_ANALOG_GetVoltage		CODE           	4674	0000	298
		i2_PWM2_16BIT_LoadBufferRegisters		CODE           	66DA	0000	4
		i2___xxtofl    		CODE           	423A	0000	436
		i2_CLUTCH_AnalyseState		CODE           	5354	0000	202
		i2_CLUTCH_Move 		CODE           	59CE	0000	152
		i2_ANALOGRead  		CODE           	6172	0000	58
		i2_PWM2_16BIT_SetSlice1Output1DutyCycleRegister		CODE           	65A8	0000	12
		i2_PWM1_16BIT_WritePeriodRegister		CODE           	65B4	0000	12

shared estimated size: 4609

mcc_generated_files/mcc.c
		_PMD_Initialize		CODE           	6400	0000	40
		_OSCILLATOR_Initialize		CODE           	64A2	0000	24
		_SYSTEM_Initialize		CODE           	6248	0000	46

mcc_generated_files/mcc.c estimated size: 110

ETC.c
		_tps_read_default		CODE           	64E8	0000	22
		_ETCModeSelect 		CODE           	6078	0000	68
		_tps_read_opened		CODE           	64D2	0000	22
		_TPSAnalysis   		CODE           	303E	0000	884
		_ETCInitMove   		CODE           	479E	0000	280
		_ETC_PIDcontroller		CODE           	35F2	0000	552
		_APPSReadmin   		CODE           	6486	0000	28
		_APPSReadmax   		CODE           	6526	0000	20
		_APPSAnalysis  		CODE           	3E7C	0000	518
		_ETCSupervisor 		CODE           	5CBC	0000	116

ETC.c estimated size: 2510

GPIO.c
		_GPIOInit      		CODE           	60BC	0000	62
		_GPIO_PWM1_Control		CODE           	4EC2	0000	242
		_GPIO_PWM2_Control		CODE           	4CDE	0000	242

GPIO.c estimated size: 546

mcc_generated_files/tmr1.c
		_TMR1_Initialize		CODE           	6030	0000	72
		_TMR1_SetInterruptHandler		CODE           	65CC	0000	10
		_TMR1_DefaultInterruptHandler		CODE           	66E4	0000	2
		_TMR1_CallBack 		CODE           	5278	0000	220
		_TMR1_WriteTimer		CODE           	62A4	0000	46
		_TMR1_ISR      		CODE           	61AC	0000	56

mcc_generated_files/tmr1.c estimated size: 406

C:\Program Files\Microchip\xc8\v2.32\pic\sources\c99\common\Umul32.c
		___lmul        		CODE           	5DA4	0000	108

C:\Program Files\Microchip\xc8\v2.32\pic\sources\c99\common\Umul32.c estimated size: 108

C:\Program Files\Microchip\xc8\v2.32\pic\sources\c99\common\lwdiv.c
		___lwdiv       		CODE           	5B5E	0000	118

C:\Program Files\Microchip\xc8\v2.32\pic\sources\c99\common\lwdiv.c estimated size: 118

C:\Program Files\Microchip\xc8\v2.32\pic\sources\c99\common\fltol.c
		___fltol       		CODE           	4AD0	0000	264

C:\Program Files\Microchip\xc8\v2.32\pic\sources\c99\common\fltol.c estimated size: 264

C:\Program Files\Microchip\xc8\v2.32\pic\sources\c99\common\xxtofl.c
		___xxtofl      		CODE           	4082	0000	440

C:\Program Files\Microchip\xc8\v2.32\pic\sources\c99\common\xxtofl.c estimated size: 440

ANALOG.c
		_ANALOGRead    		CODE           	6138	0000	58
		_ANALOG_GetVoltage		CODE           	4544	0000	304

ANALOG.c estimated size: 362

C:\Program Files\Microchip\xc8\v2.32\pic\sources\c99\common\__lldiv.c
		___lldiv       		CODE           	57F8	0000	164

C:\Program Files\Microchip\xc8\v2.32\pic\sources\c99\common\__lldiv.c estimated size: 164

main.c
		_main          		CODE           	5ED6	0000	90

main.c estimated size: 90

CLUTCH.c
		_CLUTCHInitMove		CODE           	4DD0	0000	242
		_CLUTCH_AnalyseState		CODE           	55AE	0000	196
		_CLUTCH_Move   		CODE           	589C	0000	154
		_CLUTCH_Init   		CODE           	644A	0000	30

CLUTCH.c estimated size: 622

